ARM GAS  C:\Users\quint\AppData\Local\Temp\ccjt9nEk.s 			page 1


   1              		.syntax unified
   2              		.cpu cortex-m0
   3              		.fpu softvfp
   4              		.eabi_attribute 20, 1
   5              		.eabi_attribute 21, 1
   6              		.eabi_attribute 23, 3
   7              		.eabi_attribute 24, 1
   8              		.eabi_attribute 25, 1
   9              		.eabi_attribute 26, 1
  10              		.eabi_attribute 30, 1
  11              		.eabi_attribute 34, 0
  12              		.eabi_attribute 18, 4
  13              		.thumb
  14              		.syntax unified
  15              		.file	"A_Interrupt.c"
  16              		.text
  17              	.Ltext0:
  18              		.cfi_sections	.debug_frame
  19              		.section	.text.A_Interrupt_SetVector,"ax",%progbits
  20              		.align	2
  21              		.global	A_Interrupt_SetVector
  22              		.code	16
  23              		.thumb_func
  24              		.type	A_Interrupt_SetVector, %function
  25              	A_Interrupt_SetVector:
  26              	.LFB37:
  27              		.file 1 "Generated_Source\\PSoC4\\A_Interrupt.c"
   1:Generated_Source\PSoC4/A_Interrupt.c **** /*******************************************************************************
   2:Generated_Source\PSoC4/A_Interrupt.c **** * File Name: A_Interrupt.c  
   3:Generated_Source\PSoC4/A_Interrupt.c **** * Version 1.70
   4:Generated_Source\PSoC4/A_Interrupt.c **** *
   5:Generated_Source\PSoC4/A_Interrupt.c **** *  Description:
   6:Generated_Source\PSoC4/A_Interrupt.c **** *   API for controlling the state of an interrupt.
   7:Generated_Source\PSoC4/A_Interrupt.c **** *
   8:Generated_Source\PSoC4/A_Interrupt.c **** *
   9:Generated_Source\PSoC4/A_Interrupt.c **** *  Note:
  10:Generated_Source\PSoC4/A_Interrupt.c **** *
  11:Generated_Source\PSoC4/A_Interrupt.c **** ********************************************************************************
  12:Generated_Source\PSoC4/A_Interrupt.c **** * Copyright 2008-2015, Cypress Semiconductor Corporation.  All rights reserved.
  13:Generated_Source\PSoC4/A_Interrupt.c **** * You may use this file only in accordance with the license, terms, conditions, 
  14:Generated_Source\PSoC4/A_Interrupt.c **** * disclaimers, and limitations in the end user license agreement accompanying 
  15:Generated_Source\PSoC4/A_Interrupt.c **** * the software package with which this file was provided.
  16:Generated_Source\PSoC4/A_Interrupt.c **** *******************************************************************************/
  17:Generated_Source\PSoC4/A_Interrupt.c **** 
  18:Generated_Source\PSoC4/A_Interrupt.c **** 
  19:Generated_Source\PSoC4/A_Interrupt.c **** #include <cydevice_trm.h>
  20:Generated_Source\PSoC4/A_Interrupt.c **** #include <CyLib.h>
  21:Generated_Source\PSoC4/A_Interrupt.c **** #include <A_Interrupt.h>
  22:Generated_Source\PSoC4/A_Interrupt.c **** #include "cyapicallbacks.h"
  23:Generated_Source\PSoC4/A_Interrupt.c **** 
  24:Generated_Source\PSoC4/A_Interrupt.c **** #if !defined(A_Interrupt__REMOVED) /* Check for removal by optimization */
  25:Generated_Source\PSoC4/A_Interrupt.c **** 
  26:Generated_Source\PSoC4/A_Interrupt.c **** /*******************************************************************************
  27:Generated_Source\PSoC4/A_Interrupt.c **** *  Place your includes, defines and code here 
  28:Generated_Source\PSoC4/A_Interrupt.c **** ********************************************************************************/
  29:Generated_Source\PSoC4/A_Interrupt.c **** /* `#START A_Interrupt_intc` */
  30:Generated_Source\PSoC4/A_Interrupt.c ****     
ARM GAS  C:\Users\quint\AppData\Local\Temp\ccjt9nEk.s 			page 2


  31:Generated_Source\PSoC4/A_Interrupt.c **** #include "project.h"
  32:Generated_Source\PSoC4/A_Interrupt.c **** #include <stdio.h>
  33:Generated_Source\PSoC4/A_Interrupt.c **** #define PUSHED 0
  34:Generated_Source\PSoC4/A_Interrupt.c **** extern int count; 
  35:Generated_Source\PSoC4/A_Interrupt.c **** 
  36:Generated_Source\PSoC4/A_Interrupt.c **** extern char mystring[20];
  37:Generated_Source\PSoC4/A_Interrupt.c **** 
  38:Generated_Source\PSoC4/A_Interrupt.c **** /* `#END` */
  39:Generated_Source\PSoC4/A_Interrupt.c **** 
  40:Generated_Source\PSoC4/A_Interrupt.c **** extern cyisraddress CyRamVectors[CYINT_IRQ_BASE + CY_NUM_INTERRUPTS];
  41:Generated_Source\PSoC4/A_Interrupt.c **** 
  42:Generated_Source\PSoC4/A_Interrupt.c **** /* Declared in startup, used to set unused interrupts to. */
  43:Generated_Source\PSoC4/A_Interrupt.c **** CY_ISR_PROTO(IntDefaultHandler);
  44:Generated_Source\PSoC4/A_Interrupt.c **** 
  45:Generated_Source\PSoC4/A_Interrupt.c **** 
  46:Generated_Source\PSoC4/A_Interrupt.c **** /*******************************************************************************
  47:Generated_Source\PSoC4/A_Interrupt.c **** * Function Name: A_Interrupt_Start
  48:Generated_Source\PSoC4/A_Interrupt.c **** ********************************************************************************
  49:Generated_Source\PSoC4/A_Interrupt.c **** *
  50:Generated_Source\PSoC4/A_Interrupt.c **** * Summary:
  51:Generated_Source\PSoC4/A_Interrupt.c **** *  Set up the interrupt and enable it. This function disables the interrupt, 
  52:Generated_Source\PSoC4/A_Interrupt.c **** *  sets the default interrupt vector, sets the priority from the value in the
  53:Generated_Source\PSoC4/A_Interrupt.c **** *  Design Wide Resources Interrupt Editor, then enables the interrupt to the 
  54:Generated_Source\PSoC4/A_Interrupt.c **** *  interrupt controller.
  55:Generated_Source\PSoC4/A_Interrupt.c **** *
  56:Generated_Source\PSoC4/A_Interrupt.c **** * Parameters:  
  57:Generated_Source\PSoC4/A_Interrupt.c **** *   None
  58:Generated_Source\PSoC4/A_Interrupt.c **** *
  59:Generated_Source\PSoC4/A_Interrupt.c **** * Return:
  60:Generated_Source\PSoC4/A_Interrupt.c **** *   None
  61:Generated_Source\PSoC4/A_Interrupt.c **** *
  62:Generated_Source\PSoC4/A_Interrupt.c **** *******************************************************************************/
  63:Generated_Source\PSoC4/A_Interrupt.c **** void A_Interrupt_Start(void)
  64:Generated_Source\PSoC4/A_Interrupt.c **** {
  65:Generated_Source\PSoC4/A_Interrupt.c ****     /* For all we know the interrupt is active. */
  66:Generated_Source\PSoC4/A_Interrupt.c ****     A_Interrupt_Disable();
  67:Generated_Source\PSoC4/A_Interrupt.c **** 
  68:Generated_Source\PSoC4/A_Interrupt.c ****     /* Set the ISR to point to the A_Interrupt Interrupt. */
  69:Generated_Source\PSoC4/A_Interrupt.c ****     A_Interrupt_SetVector(&A_Interrupt_Interrupt);
  70:Generated_Source\PSoC4/A_Interrupt.c **** 
  71:Generated_Source\PSoC4/A_Interrupt.c ****     /* Set the priority. */
  72:Generated_Source\PSoC4/A_Interrupt.c ****     A_Interrupt_SetPriority((uint8)A_Interrupt_INTC_PRIOR_NUMBER);
  73:Generated_Source\PSoC4/A_Interrupt.c **** 
  74:Generated_Source\PSoC4/A_Interrupt.c ****     /* Enable it. */
  75:Generated_Source\PSoC4/A_Interrupt.c ****     A_Interrupt_Enable();
  76:Generated_Source\PSoC4/A_Interrupt.c **** }
  77:Generated_Source\PSoC4/A_Interrupt.c **** 
  78:Generated_Source\PSoC4/A_Interrupt.c **** 
  79:Generated_Source\PSoC4/A_Interrupt.c **** /*******************************************************************************
  80:Generated_Source\PSoC4/A_Interrupt.c **** * Function Name: A_Interrupt_StartEx
  81:Generated_Source\PSoC4/A_Interrupt.c **** ********************************************************************************
  82:Generated_Source\PSoC4/A_Interrupt.c **** *
  83:Generated_Source\PSoC4/A_Interrupt.c **** * Summary:
  84:Generated_Source\PSoC4/A_Interrupt.c **** *  Sets up the interrupt and enables it. This function disables the interrupt,
  85:Generated_Source\PSoC4/A_Interrupt.c **** *  sets the interrupt vector based on the address passed in, sets the priority 
  86:Generated_Source\PSoC4/A_Interrupt.c **** *  from the value in the Design Wide Resources Interrupt Editor, then enables 
  87:Generated_Source\PSoC4/A_Interrupt.c **** *  the interrupt to the interrupt controller.
ARM GAS  C:\Users\quint\AppData\Local\Temp\ccjt9nEk.s 			page 3


  88:Generated_Source\PSoC4/A_Interrupt.c **** *  
  89:Generated_Source\PSoC4/A_Interrupt.c **** *  When defining ISR functions, the CY_ISR and CY_ISR_PROTO macros should be 
  90:Generated_Source\PSoC4/A_Interrupt.c **** *  used to provide consistent definition across compilers:
  91:Generated_Source\PSoC4/A_Interrupt.c **** *  
  92:Generated_Source\PSoC4/A_Interrupt.c **** *  Function definition example:
  93:Generated_Source\PSoC4/A_Interrupt.c **** *   CY_ISR(MyISR)
  94:Generated_Source\PSoC4/A_Interrupt.c **** *   {
  95:Generated_Source\PSoC4/A_Interrupt.c **** *   }
  96:Generated_Source\PSoC4/A_Interrupt.c **** *   Function prototype example:
  97:Generated_Source\PSoC4/A_Interrupt.c **** *   CY_ISR_PROTO(MyISR);
  98:Generated_Source\PSoC4/A_Interrupt.c **** *
  99:Generated_Source\PSoC4/A_Interrupt.c **** * Parameters:  
 100:Generated_Source\PSoC4/A_Interrupt.c **** *   address: Address of the ISR to set in the interrupt vector table.
 101:Generated_Source\PSoC4/A_Interrupt.c **** *
 102:Generated_Source\PSoC4/A_Interrupt.c **** * Return:
 103:Generated_Source\PSoC4/A_Interrupt.c **** *   None
 104:Generated_Source\PSoC4/A_Interrupt.c **** *
 105:Generated_Source\PSoC4/A_Interrupt.c **** *******************************************************************************/
 106:Generated_Source\PSoC4/A_Interrupt.c **** void A_Interrupt_StartEx(cyisraddress address)
 107:Generated_Source\PSoC4/A_Interrupt.c **** {
 108:Generated_Source\PSoC4/A_Interrupt.c ****     /* For all we know the interrupt is active. */
 109:Generated_Source\PSoC4/A_Interrupt.c ****     A_Interrupt_Disable();
 110:Generated_Source\PSoC4/A_Interrupt.c **** 
 111:Generated_Source\PSoC4/A_Interrupt.c ****     /* Set the ISR to point to the A_Interrupt Interrupt. */
 112:Generated_Source\PSoC4/A_Interrupt.c ****     A_Interrupt_SetVector(address);
 113:Generated_Source\PSoC4/A_Interrupt.c **** 
 114:Generated_Source\PSoC4/A_Interrupt.c ****     /* Set the priority. */
 115:Generated_Source\PSoC4/A_Interrupt.c ****     A_Interrupt_SetPriority((uint8)A_Interrupt_INTC_PRIOR_NUMBER);
 116:Generated_Source\PSoC4/A_Interrupt.c **** 
 117:Generated_Source\PSoC4/A_Interrupt.c ****     /* Enable it. */
 118:Generated_Source\PSoC4/A_Interrupt.c ****     A_Interrupt_Enable();
 119:Generated_Source\PSoC4/A_Interrupt.c **** }
 120:Generated_Source\PSoC4/A_Interrupt.c **** 
 121:Generated_Source\PSoC4/A_Interrupt.c **** 
 122:Generated_Source\PSoC4/A_Interrupt.c **** /*******************************************************************************
 123:Generated_Source\PSoC4/A_Interrupt.c **** * Function Name: A_Interrupt_Stop
 124:Generated_Source\PSoC4/A_Interrupt.c **** ********************************************************************************
 125:Generated_Source\PSoC4/A_Interrupt.c **** *
 126:Generated_Source\PSoC4/A_Interrupt.c **** * Summary:
 127:Generated_Source\PSoC4/A_Interrupt.c **** *   Disables and removes the interrupt.
 128:Generated_Source\PSoC4/A_Interrupt.c **** *
 129:Generated_Source\PSoC4/A_Interrupt.c **** * Parameters:  
 130:Generated_Source\PSoC4/A_Interrupt.c **** *   None
 131:Generated_Source\PSoC4/A_Interrupt.c **** *
 132:Generated_Source\PSoC4/A_Interrupt.c **** * Return:
 133:Generated_Source\PSoC4/A_Interrupt.c **** *   None
 134:Generated_Source\PSoC4/A_Interrupt.c **** *
 135:Generated_Source\PSoC4/A_Interrupt.c **** *******************************************************************************/
 136:Generated_Source\PSoC4/A_Interrupt.c **** void A_Interrupt_Stop(void)
 137:Generated_Source\PSoC4/A_Interrupt.c **** {
 138:Generated_Source\PSoC4/A_Interrupt.c ****     /* Disable this interrupt. */
 139:Generated_Source\PSoC4/A_Interrupt.c ****     A_Interrupt_Disable();
 140:Generated_Source\PSoC4/A_Interrupt.c **** 
 141:Generated_Source\PSoC4/A_Interrupt.c ****     /* Set the ISR to point to the passive one. */
 142:Generated_Source\PSoC4/A_Interrupt.c ****     A_Interrupt_SetVector(&IntDefaultHandler);
 143:Generated_Source\PSoC4/A_Interrupt.c **** }
 144:Generated_Source\PSoC4/A_Interrupt.c **** 
ARM GAS  C:\Users\quint\AppData\Local\Temp\ccjt9nEk.s 			page 4


 145:Generated_Source\PSoC4/A_Interrupt.c **** 
 146:Generated_Source\PSoC4/A_Interrupt.c **** /*******************************************************************************
 147:Generated_Source\PSoC4/A_Interrupt.c **** * Function Name: A_Interrupt_Interrupt
 148:Generated_Source\PSoC4/A_Interrupt.c **** ********************************************************************************
 149:Generated_Source\PSoC4/A_Interrupt.c **** *
 150:Generated_Source\PSoC4/A_Interrupt.c **** * Summary:
 151:Generated_Source\PSoC4/A_Interrupt.c **** *   The default Interrupt Service Routine for A_Interrupt.
 152:Generated_Source\PSoC4/A_Interrupt.c **** *
 153:Generated_Source\PSoC4/A_Interrupt.c **** *   Add custom code between the START and END comments to keep the next version
 154:Generated_Source\PSoC4/A_Interrupt.c **** *   of this file from over-writing your code.
 155:Generated_Source\PSoC4/A_Interrupt.c **** *
 156:Generated_Source\PSoC4/A_Interrupt.c **** *   Note You may use either the default ISR by using this API, or you may define
 157:Generated_Source\PSoC4/A_Interrupt.c **** *   your own separate ISR through ISR_StartEx().
 158:Generated_Source\PSoC4/A_Interrupt.c **** *
 159:Generated_Source\PSoC4/A_Interrupt.c **** * Parameters:  
 160:Generated_Source\PSoC4/A_Interrupt.c **** *   None
 161:Generated_Source\PSoC4/A_Interrupt.c **** *
 162:Generated_Source\PSoC4/A_Interrupt.c **** * Return:
 163:Generated_Source\PSoC4/A_Interrupt.c **** *   None
 164:Generated_Source\PSoC4/A_Interrupt.c **** *
 165:Generated_Source\PSoC4/A_Interrupt.c **** *******************************************************************************/
 166:Generated_Source\PSoC4/A_Interrupt.c **** CY_ISR(A_Interrupt_Interrupt)
 167:Generated_Source\PSoC4/A_Interrupt.c **** {
 168:Generated_Source\PSoC4/A_Interrupt.c ****     #ifdef A_Interrupt_INTERRUPT_INTERRUPT_CALLBACK
 169:Generated_Source\PSoC4/A_Interrupt.c ****         A_Interrupt_Interrupt_InterruptCallback();
 170:Generated_Source\PSoC4/A_Interrupt.c ****     #endif /* A_Interrupt_INTERRUPT_INTERRUPT_CALLBACK */ 
 171:Generated_Source\PSoC4/A_Interrupt.c **** 
 172:Generated_Source\PSoC4/A_Interrupt.c ****     /*  Place your Interrupt code here. */
 173:Generated_Source\PSoC4/A_Interrupt.c ****     /* `#START A_Interrupt_Interrupt` */
 174:Generated_Source\PSoC4/A_Interrupt.c ****     
 175:Generated_Source\PSoC4/A_Interrupt.c ****            // count++; 
 176:Generated_Source\PSoC4/A_Interrupt.c ****            count= Timer_1_ReadCompare(); 
 177:Generated_Source\PSoC4/A_Interrupt.c ****          if(count>500)
 178:Generated_Source\PSoC4/A_Interrupt.c ****                 {
 179:Generated_Source\PSoC4/A_Interrupt.c ****                  
 180:Generated_Source\PSoC4/A_Interrupt.c ****                
 181:Generated_Source\PSoC4/A_Interrupt.c ****                   //Changes counter number to -500 to 500
 182:Generated_Source\PSoC4/A_Interrupt.c ****                   count-=1000;
 183:Generated_Source\PSoC4/A_Interrupt.c ****                  }
 184:Generated_Source\PSoC4/A_Interrupt.c ****              Timer_1_ClearInterrupt(Timer_1_INTR_MASK_CC_MATCH);
 185:Generated_Source\PSoC4/A_Interrupt.c ****             A_Interrupt_ClearPending(); //Needed to make other interrupts work
 186:Generated_Source\PSoC4/A_Interrupt.c ****    
 187:Generated_Source\PSoC4/A_Interrupt.c **** 
 188:Generated_Source\PSoC4/A_Interrupt.c ****     /* `#END` */
 189:Generated_Source\PSoC4/A_Interrupt.c **** }
 190:Generated_Source\PSoC4/A_Interrupt.c **** 
 191:Generated_Source\PSoC4/A_Interrupt.c **** 
 192:Generated_Source\PSoC4/A_Interrupt.c **** /*******************************************************************************
 193:Generated_Source\PSoC4/A_Interrupt.c **** * Function Name: A_Interrupt_SetVector
 194:Generated_Source\PSoC4/A_Interrupt.c **** ********************************************************************************
 195:Generated_Source\PSoC4/A_Interrupt.c **** *
 196:Generated_Source\PSoC4/A_Interrupt.c **** * Summary:
 197:Generated_Source\PSoC4/A_Interrupt.c **** *   Change the ISR vector for the Interrupt. Note calling A_Interrupt_Start
 198:Generated_Source\PSoC4/A_Interrupt.c **** *   will override any effect this method would have had. To set the vector 
 199:Generated_Source\PSoC4/A_Interrupt.c **** *   before the component has been started use A_Interrupt_StartEx instead.
 200:Generated_Source\PSoC4/A_Interrupt.c **** * 
 201:Generated_Source\PSoC4/A_Interrupt.c **** *   When defining ISR functions, the CY_ISR and CY_ISR_PROTO macros should be 
ARM GAS  C:\Users\quint\AppData\Local\Temp\ccjt9nEk.s 			page 5


 202:Generated_Source\PSoC4/A_Interrupt.c **** *   used to provide consistent definition across compilers:
 203:Generated_Source\PSoC4/A_Interrupt.c **** *
 204:Generated_Source\PSoC4/A_Interrupt.c **** *   Function definition example:
 205:Generated_Source\PSoC4/A_Interrupt.c **** *   CY_ISR(MyISR)
 206:Generated_Source\PSoC4/A_Interrupt.c **** *   {
 207:Generated_Source\PSoC4/A_Interrupt.c **** *   }
 208:Generated_Source\PSoC4/A_Interrupt.c **** *
 209:Generated_Source\PSoC4/A_Interrupt.c **** *   Function prototype example:
 210:Generated_Source\PSoC4/A_Interrupt.c **** *     CY_ISR_PROTO(MyISR);
 211:Generated_Source\PSoC4/A_Interrupt.c **** *
 212:Generated_Source\PSoC4/A_Interrupt.c **** * Parameters:
 213:Generated_Source\PSoC4/A_Interrupt.c **** *   address: Address of the ISR to set in the interrupt vector table.
 214:Generated_Source\PSoC4/A_Interrupt.c **** *
 215:Generated_Source\PSoC4/A_Interrupt.c **** * Return:
 216:Generated_Source\PSoC4/A_Interrupt.c **** *   None
 217:Generated_Source\PSoC4/A_Interrupt.c **** *
 218:Generated_Source\PSoC4/A_Interrupt.c **** *******************************************************************************/
 219:Generated_Source\PSoC4/A_Interrupt.c **** void A_Interrupt_SetVector(cyisraddress address)
 220:Generated_Source\PSoC4/A_Interrupt.c **** {
  28              		.loc 1 220 0
  29              		.cfi_startproc
  30              		@ args = 0, pretend = 0, frame = 0
  31              		@ frame_needed = 0, uses_anonymous_args = 0
  32              		@ link register save eliminated.
  33              	.LVL0:
 221:Generated_Source\PSoC4/A_Interrupt.c ****     CyRamVectors[CYINT_IRQ_BASE + A_Interrupt__INTC_NUMBER] = address;
  34              		.loc 1 221 0
  35 0000 8423     		movs	r3, #132
  36 0002 014A     		ldr	r2, .L2
  37 0004 D050     		str	r0, [r2, r3]
 222:Generated_Source\PSoC4/A_Interrupt.c **** }
  38              		.loc 1 222 0
  39              		@ sp needed
  40 0006 7047     		bx	lr
  41              	.L3:
  42              		.align	2
  43              	.L2:
  44 0008 00000000 		.word	CyRamVectors
  45              		.cfi_endproc
  46              	.LFE37:
  47              		.size	A_Interrupt_SetVector, .-A_Interrupt_SetVector
  48              		.section	.text.A_Interrupt_GetVector,"ax",%progbits
  49              		.align	2
  50              		.global	A_Interrupt_GetVector
  51              		.code	16
  52              		.thumb_func
  53              		.type	A_Interrupt_GetVector, %function
  54              	A_Interrupt_GetVector:
  55              	.LFB38:
 223:Generated_Source\PSoC4/A_Interrupt.c **** 
 224:Generated_Source\PSoC4/A_Interrupt.c **** 
 225:Generated_Source\PSoC4/A_Interrupt.c **** /*******************************************************************************
 226:Generated_Source\PSoC4/A_Interrupt.c **** * Function Name: A_Interrupt_GetVector
 227:Generated_Source\PSoC4/A_Interrupt.c **** ********************************************************************************
 228:Generated_Source\PSoC4/A_Interrupt.c **** *
 229:Generated_Source\PSoC4/A_Interrupt.c **** * Summary:
 230:Generated_Source\PSoC4/A_Interrupt.c **** *   Gets the "address" of the current ISR vector for the Interrupt.
ARM GAS  C:\Users\quint\AppData\Local\Temp\ccjt9nEk.s 			page 6


 231:Generated_Source\PSoC4/A_Interrupt.c **** *
 232:Generated_Source\PSoC4/A_Interrupt.c **** * Parameters:
 233:Generated_Source\PSoC4/A_Interrupt.c **** *   None
 234:Generated_Source\PSoC4/A_Interrupt.c **** *
 235:Generated_Source\PSoC4/A_Interrupt.c **** * Return:
 236:Generated_Source\PSoC4/A_Interrupt.c **** *   Address of the ISR in the interrupt vector table.
 237:Generated_Source\PSoC4/A_Interrupt.c **** *
 238:Generated_Source\PSoC4/A_Interrupt.c **** *******************************************************************************/
 239:Generated_Source\PSoC4/A_Interrupt.c **** cyisraddress A_Interrupt_GetVector(void)
 240:Generated_Source\PSoC4/A_Interrupt.c **** {
  56              		.loc 1 240 0
  57              		.cfi_startproc
  58              		@ args = 0, pretend = 0, frame = 0
  59              		@ frame_needed = 0, uses_anonymous_args = 0
  60              		@ link register save eliminated.
 241:Generated_Source\PSoC4/A_Interrupt.c ****     return CyRamVectors[CYINT_IRQ_BASE + A_Interrupt__INTC_NUMBER];
  61              		.loc 1 241 0
  62 0000 8423     		movs	r3, #132
  63 0002 014A     		ldr	r2, .L5
  64 0004 D058     		ldr	r0, [r2, r3]
 242:Generated_Source\PSoC4/A_Interrupt.c **** }
  65              		.loc 1 242 0
  66              		@ sp needed
  67 0006 7047     		bx	lr
  68              	.L6:
  69              		.align	2
  70              	.L5:
  71 0008 00000000 		.word	CyRamVectors
  72              		.cfi_endproc
  73              	.LFE38:
  74              		.size	A_Interrupt_GetVector, .-A_Interrupt_GetVector
  75              		.section	.text.A_Interrupt_SetPriority,"ax",%progbits
  76              		.align	2
  77              		.global	A_Interrupt_SetPriority
  78              		.code	16
  79              		.thumb_func
  80              		.type	A_Interrupt_SetPriority, %function
  81              	A_Interrupt_SetPriority:
  82              	.LFB39:
 243:Generated_Source\PSoC4/A_Interrupt.c **** 
 244:Generated_Source\PSoC4/A_Interrupt.c **** 
 245:Generated_Source\PSoC4/A_Interrupt.c **** /*******************************************************************************
 246:Generated_Source\PSoC4/A_Interrupt.c **** * Function Name: A_Interrupt_SetPriority
 247:Generated_Source\PSoC4/A_Interrupt.c **** ********************************************************************************
 248:Generated_Source\PSoC4/A_Interrupt.c **** *
 249:Generated_Source\PSoC4/A_Interrupt.c **** * Summary:
 250:Generated_Source\PSoC4/A_Interrupt.c **** *   Sets the Priority of the Interrupt. 
 251:Generated_Source\PSoC4/A_Interrupt.c **** *
 252:Generated_Source\PSoC4/A_Interrupt.c **** *   Note calling A_Interrupt_Start or A_Interrupt_StartEx will 
 253:Generated_Source\PSoC4/A_Interrupt.c **** *   override any effect this API would have had. This API should only be called
 254:Generated_Source\PSoC4/A_Interrupt.c **** *   after A_Interrupt_Start or A_Interrupt_StartEx has been called. 
 255:Generated_Source\PSoC4/A_Interrupt.c **** *   To set the initial priority for the component, use the Design-Wide Resources
 256:Generated_Source\PSoC4/A_Interrupt.c **** *   Interrupt Editor.
 257:Generated_Source\PSoC4/A_Interrupt.c **** *
 258:Generated_Source\PSoC4/A_Interrupt.c **** *   Note This API has no effect on Non-maskable interrupt NMI).
 259:Generated_Source\PSoC4/A_Interrupt.c **** *
 260:Generated_Source\PSoC4/A_Interrupt.c **** * Parameters:
ARM GAS  C:\Users\quint\AppData\Local\Temp\ccjt9nEk.s 			page 7


 261:Generated_Source\PSoC4/A_Interrupt.c **** *   priority: Priority of the interrupt, 0 being the highest priority
 262:Generated_Source\PSoC4/A_Interrupt.c **** *             PSoC 3 and PSoC 5LP: Priority is from 0 to 7.
 263:Generated_Source\PSoC4/A_Interrupt.c **** *             PSoC 4: Priority is from 0 to 3.
 264:Generated_Source\PSoC4/A_Interrupt.c **** *
 265:Generated_Source\PSoC4/A_Interrupt.c **** * Return:
 266:Generated_Source\PSoC4/A_Interrupt.c **** *   None
 267:Generated_Source\PSoC4/A_Interrupt.c **** *
 268:Generated_Source\PSoC4/A_Interrupt.c **** *******************************************************************************/
 269:Generated_Source\PSoC4/A_Interrupt.c **** void A_Interrupt_SetPriority(uint8 priority)
 270:Generated_Source\PSoC4/A_Interrupt.c **** {
  83              		.loc 1 270 0
  84              		.cfi_startproc
  85              		@ args = 0, pretend = 0, frame = 0
  86              		@ frame_needed = 0, uses_anonymous_args = 0
  87              	.LVL1:
  88 0000 10B5     		push	{r4, lr}
  89              		.cfi_def_cfa_offset 8
  90              		.cfi_offset 4, -8
  91              		.cfi_offset 14, -4
  92 0002 0400     		movs	r4, r0
  93              	.LVL2:
 271:Generated_Source\PSoC4/A_Interrupt.c **** 	uint8 interruptState;
 272:Generated_Source\PSoC4/A_Interrupt.c ****     uint32 priorityOffset = ((A_Interrupt__INTC_NUMBER % 4u) * 8u) + 6u;
 273:Generated_Source\PSoC4/A_Interrupt.c ****     
 274:Generated_Source\PSoC4/A_Interrupt.c **** 	interruptState = CyEnterCriticalSection();
  94              		.loc 1 274 0
  95 0004 FFF7FEFF 		bl	CyEnterCriticalSection
  96              	.LVL3:
 275:Generated_Source\PSoC4/A_Interrupt.c ****     *A_Interrupt_INTC_PRIOR = (*A_Interrupt_INTC_PRIOR & (uint32)(~A_Interrupt__INTC_PRIOR_MASK)) |
  97              		.loc 1 275 0
  98 0008 044A     		ldr	r2, .L8
  99 000a 1168     		ldr	r1, [r2]
 100 000c 044B     		ldr	r3, .L8+4
 101 000e 0B40     		ands	r3, r1
 276:Generated_Source\PSoC4/A_Interrupt.c ****                                     ((uint32)priority << priorityOffset);
 102              		.loc 1 276 0
 103 0010 A403     		lsls	r4, r4, #14
 275:Generated_Source\PSoC4/A_Interrupt.c ****     *A_Interrupt_INTC_PRIOR = (*A_Interrupt_INTC_PRIOR & (uint32)(~A_Interrupt__INTC_PRIOR_MASK)) |
 104              		.loc 1 275 0
 105 0012 1C43     		orrs	r4, r3
 106 0014 1460     		str	r4, [r2]
 277:Generated_Source\PSoC4/A_Interrupt.c **** 	CyExitCriticalSection(interruptState);
 107              		.loc 1 277 0
 108 0016 FFF7FEFF 		bl	CyExitCriticalSection
 109              	.LVL4:
 278:Generated_Source\PSoC4/A_Interrupt.c **** }
 110              		.loc 1 278 0
 111              		@ sp needed
 112 001a 10BD     		pop	{r4, pc}
 113              	.L9:
 114              		.align	2
 115              	.L8:
 116 001c 10E400E0 		.word	-536812528
 117 0020 FF3FFFFF 		.word	-49153
 118              		.cfi_endproc
 119              	.LFE39:
 120              		.size	A_Interrupt_SetPriority, .-A_Interrupt_SetPriority
ARM GAS  C:\Users\quint\AppData\Local\Temp\ccjt9nEk.s 			page 8


 121              		.section	.text.A_Interrupt_GetPriority,"ax",%progbits
 122              		.align	2
 123              		.global	A_Interrupt_GetPriority
 124              		.code	16
 125              		.thumb_func
 126              		.type	A_Interrupt_GetPriority, %function
 127              	A_Interrupt_GetPriority:
 128              	.LFB40:
 279:Generated_Source\PSoC4/A_Interrupt.c **** 
 280:Generated_Source\PSoC4/A_Interrupt.c **** 
 281:Generated_Source\PSoC4/A_Interrupt.c **** /*******************************************************************************
 282:Generated_Source\PSoC4/A_Interrupt.c **** * Function Name: A_Interrupt_GetPriority
 283:Generated_Source\PSoC4/A_Interrupt.c **** ********************************************************************************
 284:Generated_Source\PSoC4/A_Interrupt.c **** *
 285:Generated_Source\PSoC4/A_Interrupt.c **** * Summary:
 286:Generated_Source\PSoC4/A_Interrupt.c **** *   Gets the Priority of the Interrupt.
 287:Generated_Source\PSoC4/A_Interrupt.c **** *
 288:Generated_Source\PSoC4/A_Interrupt.c **** * Parameters:
 289:Generated_Source\PSoC4/A_Interrupt.c **** *   None
 290:Generated_Source\PSoC4/A_Interrupt.c **** *
 291:Generated_Source\PSoC4/A_Interrupt.c **** * Return:
 292:Generated_Source\PSoC4/A_Interrupt.c **** *   Priority of the interrupt, 0 being the highest priority
 293:Generated_Source\PSoC4/A_Interrupt.c **** *    PSoC 3 and PSoC 5LP: Priority is from 0 to 7.
 294:Generated_Source\PSoC4/A_Interrupt.c **** *    PSoC 4: Priority is from 0 to 3.
 295:Generated_Source\PSoC4/A_Interrupt.c **** *
 296:Generated_Source\PSoC4/A_Interrupt.c **** *******************************************************************************/
 297:Generated_Source\PSoC4/A_Interrupt.c **** uint8 A_Interrupt_GetPriority(void)
 298:Generated_Source\PSoC4/A_Interrupt.c **** {
 129              		.loc 1 298 0
 130              		.cfi_startproc
 131              		@ args = 0, pretend = 0, frame = 0
 132              		@ frame_needed = 0, uses_anonymous_args = 0
 133              		@ link register save eliminated.
 134              	.LVL5:
 299:Generated_Source\PSoC4/A_Interrupt.c ****     uint32 priority;
 300:Generated_Source\PSoC4/A_Interrupt.c **** 	uint32 priorityOffset = ((A_Interrupt__INTC_NUMBER % 4u) * 8u) + 6u;
 301:Generated_Source\PSoC4/A_Interrupt.c **** 
 302:Generated_Source\PSoC4/A_Interrupt.c ****     priority = (*A_Interrupt_INTC_PRIOR & A_Interrupt__INTC_PRIOR_MASK) >> priorityOffset;
 135              		.loc 1 302 0
 136 0000 024B     		ldr	r3, .L11
 137 0002 1868     		ldr	r0, [r3]
 138 0004 800B     		lsrs	r0, r0, #14
 139              	.LVL6:
 303:Generated_Source\PSoC4/A_Interrupt.c **** 
 304:Generated_Source\PSoC4/A_Interrupt.c ****     return (uint8)priority;
 140              		.loc 1 304 0
 141 0006 0323     		movs	r3, #3
 142 0008 1840     		ands	r0, r3
 143              	.LVL7:
 305:Generated_Source\PSoC4/A_Interrupt.c **** }
 144              		.loc 1 305 0
 145              		@ sp needed
 146 000a 7047     		bx	lr
 147              	.L12:
 148              		.align	2
 149              	.L11:
 150 000c 10E400E0 		.word	-536812528
ARM GAS  C:\Users\quint\AppData\Local\Temp\ccjt9nEk.s 			page 9


 151              		.cfi_endproc
 152              	.LFE40:
 153              		.size	A_Interrupt_GetPriority, .-A_Interrupt_GetPriority
 154              		.section	.text.A_Interrupt_Enable,"ax",%progbits
 155              		.align	2
 156              		.global	A_Interrupt_Enable
 157              		.code	16
 158              		.thumb_func
 159              		.type	A_Interrupt_Enable, %function
 160              	A_Interrupt_Enable:
 161              	.LFB41:
 306:Generated_Source\PSoC4/A_Interrupt.c **** 
 307:Generated_Source\PSoC4/A_Interrupt.c **** 
 308:Generated_Source\PSoC4/A_Interrupt.c **** /*******************************************************************************
 309:Generated_Source\PSoC4/A_Interrupt.c **** * Function Name: A_Interrupt_Enable
 310:Generated_Source\PSoC4/A_Interrupt.c **** ********************************************************************************
 311:Generated_Source\PSoC4/A_Interrupt.c **** *
 312:Generated_Source\PSoC4/A_Interrupt.c **** * Summary:
 313:Generated_Source\PSoC4/A_Interrupt.c **** *   Enables the interrupt to the interrupt controller. Do not call this function
 314:Generated_Source\PSoC4/A_Interrupt.c **** *   unless ISR_Start() has been called or the functionality of the ISR_Start() 
 315:Generated_Source\PSoC4/A_Interrupt.c **** *   function, which sets the vector and the priority, has been called.
 316:Generated_Source\PSoC4/A_Interrupt.c **** *
 317:Generated_Source\PSoC4/A_Interrupt.c **** * Parameters:
 318:Generated_Source\PSoC4/A_Interrupt.c **** *   None
 319:Generated_Source\PSoC4/A_Interrupt.c **** *
 320:Generated_Source\PSoC4/A_Interrupt.c **** * Return:
 321:Generated_Source\PSoC4/A_Interrupt.c **** *   None
 322:Generated_Source\PSoC4/A_Interrupt.c **** *
 323:Generated_Source\PSoC4/A_Interrupt.c **** *******************************************************************************/
 324:Generated_Source\PSoC4/A_Interrupt.c **** void A_Interrupt_Enable(void)
 325:Generated_Source\PSoC4/A_Interrupt.c **** {
 162              		.loc 1 325 0
 163              		.cfi_startproc
 164              		@ args = 0, pretend = 0, frame = 0
 165              		@ frame_needed = 0, uses_anonymous_args = 0
 166              		@ link register save eliminated.
 326:Generated_Source\PSoC4/A_Interrupt.c ****     /* Enable the general interrupt. */
 327:Generated_Source\PSoC4/A_Interrupt.c ****     *A_Interrupt_INTC_SET_EN = A_Interrupt__INTC_MASK;
 167              		.loc 1 327 0
 168 0000 8022     		movs	r2, #128
 169 0002 9202     		lsls	r2, r2, #10
 170 0004 014B     		ldr	r3, .L14
 171 0006 1A60     		str	r2, [r3]
 328:Generated_Source\PSoC4/A_Interrupt.c **** }
 172              		.loc 1 328 0
 173              		@ sp needed
 174 0008 7047     		bx	lr
 175              	.L15:
 176 000a C046     		.align	2
 177              	.L14:
 178 000c 00E100E0 		.word	-536813312
 179              		.cfi_endproc
 180              	.LFE41:
 181              		.size	A_Interrupt_Enable, .-A_Interrupt_Enable
 182              		.section	.text.A_Interrupt_GetState,"ax",%progbits
 183              		.align	2
 184              		.global	A_Interrupt_GetState
ARM GAS  C:\Users\quint\AppData\Local\Temp\ccjt9nEk.s 			page 10


 185              		.code	16
 186              		.thumb_func
 187              		.type	A_Interrupt_GetState, %function
 188              	A_Interrupt_GetState:
 189              	.LFB42:
 329:Generated_Source\PSoC4/A_Interrupt.c **** 
 330:Generated_Source\PSoC4/A_Interrupt.c **** 
 331:Generated_Source\PSoC4/A_Interrupt.c **** /*******************************************************************************
 332:Generated_Source\PSoC4/A_Interrupt.c **** * Function Name: A_Interrupt_GetState
 333:Generated_Source\PSoC4/A_Interrupt.c **** ********************************************************************************
 334:Generated_Source\PSoC4/A_Interrupt.c **** *
 335:Generated_Source\PSoC4/A_Interrupt.c **** * Summary:
 336:Generated_Source\PSoC4/A_Interrupt.c **** *   Gets the state (enabled, disabled) of the Interrupt.
 337:Generated_Source\PSoC4/A_Interrupt.c **** *
 338:Generated_Source\PSoC4/A_Interrupt.c **** * Parameters:
 339:Generated_Source\PSoC4/A_Interrupt.c **** *   None
 340:Generated_Source\PSoC4/A_Interrupt.c **** *
 341:Generated_Source\PSoC4/A_Interrupt.c **** * Return:
 342:Generated_Source\PSoC4/A_Interrupt.c **** *   1 if enabled, 0 if disabled.
 343:Generated_Source\PSoC4/A_Interrupt.c **** *
 344:Generated_Source\PSoC4/A_Interrupt.c **** *******************************************************************************/
 345:Generated_Source\PSoC4/A_Interrupt.c **** uint8 A_Interrupt_GetState(void)
 346:Generated_Source\PSoC4/A_Interrupt.c **** {
 190              		.loc 1 346 0
 191              		.cfi_startproc
 192              		@ args = 0, pretend = 0, frame = 0
 193              		@ frame_needed = 0, uses_anonymous_args = 0
 194              		@ link register save eliminated.
 347:Generated_Source\PSoC4/A_Interrupt.c ****     /* Get the state of the general interrupt. */
 348:Generated_Source\PSoC4/A_Interrupt.c ****     return ((*A_Interrupt_INTC_SET_EN & (uint32)A_Interrupt__INTC_MASK) != 0u) ? 1u:0u;
 195              		.loc 1 348 0
 196 0000 034B     		ldr	r3, .L19
 197 0002 1B68     		ldr	r3, [r3]
 198 0004 9B03     		lsls	r3, r3, #14
 199 0006 01D5     		bpl	.L18
 200 0008 0120     		movs	r0, #1
 201 000a 00E0     		b	.L17
 202              	.L18:
 203 000c 0020     		movs	r0, #0
 204              	.L17:
 349:Generated_Source\PSoC4/A_Interrupt.c **** }
 205              		.loc 1 349 0 discriminator 4
 206              		@ sp needed
 207 000e 7047     		bx	lr
 208              	.L20:
 209              		.align	2
 210              	.L19:
 211 0010 00E100E0 		.word	-536813312
 212              		.cfi_endproc
 213              	.LFE42:
 214              		.size	A_Interrupt_GetState, .-A_Interrupt_GetState
 215              		.section	.text.A_Interrupt_Disable,"ax",%progbits
 216              		.align	2
 217              		.global	A_Interrupt_Disable
 218              		.code	16
 219              		.thumb_func
 220              		.type	A_Interrupt_Disable, %function
ARM GAS  C:\Users\quint\AppData\Local\Temp\ccjt9nEk.s 			page 11


 221              	A_Interrupt_Disable:
 222              	.LFB43:
 350:Generated_Source\PSoC4/A_Interrupt.c **** 
 351:Generated_Source\PSoC4/A_Interrupt.c **** 
 352:Generated_Source\PSoC4/A_Interrupt.c **** /*******************************************************************************
 353:Generated_Source\PSoC4/A_Interrupt.c **** * Function Name: A_Interrupt_Disable
 354:Generated_Source\PSoC4/A_Interrupt.c **** ********************************************************************************
 355:Generated_Source\PSoC4/A_Interrupt.c **** *
 356:Generated_Source\PSoC4/A_Interrupt.c **** * Summary:
 357:Generated_Source\PSoC4/A_Interrupt.c **** *   Disables the Interrupt in the interrupt controller.
 358:Generated_Source\PSoC4/A_Interrupt.c **** *
 359:Generated_Source\PSoC4/A_Interrupt.c **** * Parameters:
 360:Generated_Source\PSoC4/A_Interrupt.c **** *   None
 361:Generated_Source\PSoC4/A_Interrupt.c **** *
 362:Generated_Source\PSoC4/A_Interrupt.c **** * Return:
 363:Generated_Source\PSoC4/A_Interrupt.c **** *   None
 364:Generated_Source\PSoC4/A_Interrupt.c **** *
 365:Generated_Source\PSoC4/A_Interrupt.c **** *******************************************************************************/
 366:Generated_Source\PSoC4/A_Interrupt.c **** void A_Interrupt_Disable(void)
 367:Generated_Source\PSoC4/A_Interrupt.c **** {
 223              		.loc 1 367 0
 224              		.cfi_startproc
 225              		@ args = 0, pretend = 0, frame = 0
 226              		@ frame_needed = 0, uses_anonymous_args = 0
 227              		@ link register save eliminated.
 368:Generated_Source\PSoC4/A_Interrupt.c ****     /* Disable the general interrupt. */
 369:Generated_Source\PSoC4/A_Interrupt.c ****     *A_Interrupt_INTC_CLR_EN = A_Interrupt__INTC_MASK;
 228              		.loc 1 369 0
 229 0000 8022     		movs	r2, #128
 230 0002 9202     		lsls	r2, r2, #10
 231 0004 014B     		ldr	r3, .L22
 232 0006 1A60     		str	r2, [r3]
 370:Generated_Source\PSoC4/A_Interrupt.c **** }
 233              		.loc 1 370 0
 234              		@ sp needed
 235 0008 7047     		bx	lr
 236              	.L23:
 237 000a C046     		.align	2
 238              	.L22:
 239 000c 80E100E0 		.word	-536813184
 240              		.cfi_endproc
 241              	.LFE43:
 242              		.size	A_Interrupt_Disable, .-A_Interrupt_Disable
 243              		.section	.text.A_Interrupt_Start,"ax",%progbits
 244              		.align	2
 245              		.global	A_Interrupt_Start
 246              		.code	16
 247              		.thumb_func
 248              		.type	A_Interrupt_Start, %function
 249              	A_Interrupt_Start:
 250              	.LFB33:
  64:Generated_Source\PSoC4/A_Interrupt.c ****     /* For all we know the interrupt is active. */
 251              		.loc 1 64 0
 252              		.cfi_startproc
 253              		@ args = 0, pretend = 0, frame = 0
 254              		@ frame_needed = 0, uses_anonymous_args = 0
 255 0000 10B5     		push	{r4, lr}
ARM GAS  C:\Users\quint\AppData\Local\Temp\ccjt9nEk.s 			page 12


 256              		.cfi_def_cfa_offset 8
 257              		.cfi_offset 4, -8
 258              		.cfi_offset 14, -4
  66:Generated_Source\PSoC4/A_Interrupt.c **** 
 259              		.loc 1 66 0
 260 0002 FFF7FEFF 		bl	A_Interrupt_Disable
 261              	.LVL8:
  69:Generated_Source\PSoC4/A_Interrupt.c **** 
 262              		.loc 1 69 0
 263 0006 0448     		ldr	r0, .L25
 264 0008 FFF7FEFF 		bl	A_Interrupt_SetVector
 265              	.LVL9:
  72:Generated_Source\PSoC4/A_Interrupt.c **** 
 266              		.loc 1 72 0
 267 000c 0320     		movs	r0, #3
 268 000e FFF7FEFF 		bl	A_Interrupt_SetPriority
 269              	.LVL10:
  75:Generated_Source\PSoC4/A_Interrupt.c **** }
 270              		.loc 1 75 0
 271 0012 FFF7FEFF 		bl	A_Interrupt_Enable
 272              	.LVL11:
  76:Generated_Source\PSoC4/A_Interrupt.c **** 
 273              		.loc 1 76 0
 274              		@ sp needed
 275 0016 10BD     		pop	{r4, pc}
 276              	.L26:
 277              		.align	2
 278              	.L25:
 279 0018 00000000 		.word	A_Interrupt_Interrupt
 280              		.cfi_endproc
 281              	.LFE33:
 282              		.size	A_Interrupt_Start, .-A_Interrupt_Start
 283              		.section	.text.A_Interrupt_StartEx,"ax",%progbits
 284              		.align	2
 285              		.global	A_Interrupt_StartEx
 286              		.code	16
 287              		.thumb_func
 288              		.type	A_Interrupt_StartEx, %function
 289              	A_Interrupt_StartEx:
 290              	.LFB34:
 107:Generated_Source\PSoC4/A_Interrupt.c ****     /* For all we know the interrupt is active. */
 291              		.loc 1 107 0
 292              		.cfi_startproc
 293              		@ args = 0, pretend = 0, frame = 0
 294              		@ frame_needed = 0, uses_anonymous_args = 0
 295              	.LVL12:
 296 0000 10B5     		push	{r4, lr}
 297              		.cfi_def_cfa_offset 8
 298              		.cfi_offset 4, -8
 299              		.cfi_offset 14, -4
 300 0002 0400     		movs	r4, r0
 109:Generated_Source\PSoC4/A_Interrupt.c **** 
 301              		.loc 1 109 0
 302 0004 FFF7FEFF 		bl	A_Interrupt_Disable
 303              	.LVL13:
 112:Generated_Source\PSoC4/A_Interrupt.c **** 
 304              		.loc 1 112 0
ARM GAS  C:\Users\quint\AppData\Local\Temp\ccjt9nEk.s 			page 13


 305 0008 2000     		movs	r0, r4
 306 000a FFF7FEFF 		bl	A_Interrupt_SetVector
 307              	.LVL14:
 115:Generated_Source\PSoC4/A_Interrupt.c **** 
 308              		.loc 1 115 0
 309 000e 0320     		movs	r0, #3
 310 0010 FFF7FEFF 		bl	A_Interrupt_SetPriority
 311              	.LVL15:
 118:Generated_Source\PSoC4/A_Interrupt.c **** }
 312              		.loc 1 118 0
 313 0014 FFF7FEFF 		bl	A_Interrupt_Enable
 314              	.LVL16:
 119:Generated_Source\PSoC4/A_Interrupt.c **** 
 315              		.loc 1 119 0
 316              		@ sp needed
 317              	.LVL17:
 318 0018 10BD     		pop	{r4, pc}
 319              		.cfi_endproc
 320              	.LFE34:
 321              		.size	A_Interrupt_StartEx, .-A_Interrupt_StartEx
 322 001a C046     		.section	.text.A_Interrupt_Stop,"ax",%progbits
 323              		.align	2
 324              		.global	A_Interrupt_Stop
 325              		.code	16
 326              		.thumb_func
 327              		.type	A_Interrupt_Stop, %function
 328              	A_Interrupt_Stop:
 329              	.LFB35:
 137:Generated_Source\PSoC4/A_Interrupt.c ****     /* Disable this interrupt. */
 330              		.loc 1 137 0
 331              		.cfi_startproc
 332              		@ args = 0, pretend = 0, frame = 0
 333              		@ frame_needed = 0, uses_anonymous_args = 0
 334 0000 10B5     		push	{r4, lr}
 335              		.cfi_def_cfa_offset 8
 336              		.cfi_offset 4, -8
 337              		.cfi_offset 14, -4
 139:Generated_Source\PSoC4/A_Interrupt.c **** 
 338              		.loc 1 139 0
 339 0002 FFF7FEFF 		bl	A_Interrupt_Disable
 340              	.LVL18:
 142:Generated_Source\PSoC4/A_Interrupt.c **** }
 341              		.loc 1 142 0
 342 0006 0248     		ldr	r0, .L29
 343 0008 FFF7FEFF 		bl	A_Interrupt_SetVector
 344              	.LVL19:
 143:Generated_Source\PSoC4/A_Interrupt.c **** 
 345              		.loc 1 143 0
 346              		@ sp needed
 347 000c 10BD     		pop	{r4, pc}
 348              	.L30:
 349 000e C046     		.align	2
 350              	.L29:
 351 0010 00000000 		.word	IntDefaultHandler
 352              		.cfi_endproc
 353              	.LFE35:
 354              		.size	A_Interrupt_Stop, .-A_Interrupt_Stop
ARM GAS  C:\Users\quint\AppData\Local\Temp\ccjt9nEk.s 			page 14


 355              		.section	.text.A_Interrupt_SetPending,"ax",%progbits
 356              		.align	2
 357              		.global	A_Interrupt_SetPending
 358              		.code	16
 359              		.thumb_func
 360              		.type	A_Interrupt_SetPending, %function
 361              	A_Interrupt_SetPending:
 362              	.LFB44:
 371:Generated_Source\PSoC4/A_Interrupt.c **** 
 372:Generated_Source\PSoC4/A_Interrupt.c **** 
 373:Generated_Source\PSoC4/A_Interrupt.c **** /*******************************************************************************
 374:Generated_Source\PSoC4/A_Interrupt.c **** * Function Name: A_Interrupt_SetPending
 375:Generated_Source\PSoC4/A_Interrupt.c **** ********************************************************************************
 376:Generated_Source\PSoC4/A_Interrupt.c **** *
 377:Generated_Source\PSoC4/A_Interrupt.c **** * Summary:
 378:Generated_Source\PSoC4/A_Interrupt.c **** *   Causes the Interrupt to enter the pending state, a software method of
 379:Generated_Source\PSoC4/A_Interrupt.c **** *   generating the interrupt.
 380:Generated_Source\PSoC4/A_Interrupt.c **** *
 381:Generated_Source\PSoC4/A_Interrupt.c **** * Parameters:
 382:Generated_Source\PSoC4/A_Interrupt.c **** *   None
 383:Generated_Source\PSoC4/A_Interrupt.c **** *
 384:Generated_Source\PSoC4/A_Interrupt.c **** * Return:
 385:Generated_Source\PSoC4/A_Interrupt.c **** *   None
 386:Generated_Source\PSoC4/A_Interrupt.c **** *
 387:Generated_Source\PSoC4/A_Interrupt.c **** * Side Effects:
 388:Generated_Source\PSoC4/A_Interrupt.c **** *   If interrupts are enabled and the interrupt is set up properly, the ISR is
 389:Generated_Source\PSoC4/A_Interrupt.c **** *   entered (depending on the priority of this interrupt and other pending 
 390:Generated_Source\PSoC4/A_Interrupt.c **** *   interrupts).
 391:Generated_Source\PSoC4/A_Interrupt.c **** *
 392:Generated_Source\PSoC4/A_Interrupt.c **** *******************************************************************************/
 393:Generated_Source\PSoC4/A_Interrupt.c **** void A_Interrupt_SetPending(void)
 394:Generated_Source\PSoC4/A_Interrupt.c **** {
 363              		.loc 1 394 0
 364              		.cfi_startproc
 365              		@ args = 0, pretend = 0, frame = 0
 366              		@ frame_needed = 0, uses_anonymous_args = 0
 367              		@ link register save eliminated.
 395:Generated_Source\PSoC4/A_Interrupt.c ****     *A_Interrupt_INTC_SET_PD = A_Interrupt__INTC_MASK;
 368              		.loc 1 395 0
 369 0000 8022     		movs	r2, #128
 370 0002 9202     		lsls	r2, r2, #10
 371 0004 014B     		ldr	r3, .L32
 372 0006 1A60     		str	r2, [r3]
 396:Generated_Source\PSoC4/A_Interrupt.c **** }
 373              		.loc 1 396 0
 374              		@ sp needed
 375 0008 7047     		bx	lr
 376              	.L33:
 377 000a C046     		.align	2
 378              	.L32:
 379 000c 00E200E0 		.word	-536813056
 380              		.cfi_endproc
 381              	.LFE44:
 382              		.size	A_Interrupt_SetPending, .-A_Interrupt_SetPending
 383              		.section	.text.A_Interrupt_ClearPending,"ax",%progbits
 384              		.align	2
 385              		.global	A_Interrupt_ClearPending
ARM GAS  C:\Users\quint\AppData\Local\Temp\ccjt9nEk.s 			page 15


 386              		.code	16
 387              		.thumb_func
 388              		.type	A_Interrupt_ClearPending, %function
 389              	A_Interrupt_ClearPending:
 390              	.LFB45:
 397:Generated_Source\PSoC4/A_Interrupt.c **** 
 398:Generated_Source\PSoC4/A_Interrupt.c **** 
 399:Generated_Source\PSoC4/A_Interrupt.c **** /*******************************************************************************
 400:Generated_Source\PSoC4/A_Interrupt.c **** * Function Name: A_Interrupt_ClearPending
 401:Generated_Source\PSoC4/A_Interrupt.c **** ********************************************************************************
 402:Generated_Source\PSoC4/A_Interrupt.c **** *
 403:Generated_Source\PSoC4/A_Interrupt.c **** * Summary:
 404:Generated_Source\PSoC4/A_Interrupt.c **** *   Clears a pending interrupt in the interrupt controller.
 405:Generated_Source\PSoC4/A_Interrupt.c **** *
 406:Generated_Source\PSoC4/A_Interrupt.c **** *   Note Some interrupt sources are clear-on-read and require the block 
 407:Generated_Source\PSoC4/A_Interrupt.c **** *   interrupt/status register to be read/cleared with the appropriate block API 
 408:Generated_Source\PSoC4/A_Interrupt.c **** *   (GPIO, UART, and so on). Otherwise the ISR will continue to remain in 
 409:Generated_Source\PSoC4/A_Interrupt.c **** *   pending state even though the interrupt itself is cleared using this API.
 410:Generated_Source\PSoC4/A_Interrupt.c **** *
 411:Generated_Source\PSoC4/A_Interrupt.c **** * Parameters:
 412:Generated_Source\PSoC4/A_Interrupt.c **** *   None
 413:Generated_Source\PSoC4/A_Interrupt.c **** *
 414:Generated_Source\PSoC4/A_Interrupt.c **** * Return:
 415:Generated_Source\PSoC4/A_Interrupt.c **** *   None
 416:Generated_Source\PSoC4/A_Interrupt.c **** *
 417:Generated_Source\PSoC4/A_Interrupt.c **** *******************************************************************************/
 418:Generated_Source\PSoC4/A_Interrupt.c **** void A_Interrupt_ClearPending(void)
 419:Generated_Source\PSoC4/A_Interrupt.c **** {
 391              		.loc 1 419 0
 392              		.cfi_startproc
 393              		@ args = 0, pretend = 0, frame = 0
 394              		@ frame_needed = 0, uses_anonymous_args = 0
 395              		@ link register save eliminated.
 420:Generated_Source\PSoC4/A_Interrupt.c ****     *A_Interrupt_INTC_CLR_PD = A_Interrupt__INTC_MASK;
 396              		.loc 1 420 0
 397 0000 8022     		movs	r2, #128
 398 0002 9202     		lsls	r2, r2, #10
 399 0004 014B     		ldr	r3, .L35
 400 0006 1A60     		str	r2, [r3]
 421:Generated_Source\PSoC4/A_Interrupt.c **** }
 401              		.loc 1 421 0
 402              		@ sp needed
 403 0008 7047     		bx	lr
 404              	.L36:
 405 000a C046     		.align	2
 406              	.L35:
 407 000c 80E200E0 		.word	-536812928
 408              		.cfi_endproc
 409              	.LFE45:
 410              		.size	A_Interrupt_ClearPending, .-A_Interrupt_ClearPending
 411              		.section	.text.A_Interrupt_Interrupt,"ax",%progbits
 412              		.align	2
 413              		.global	A_Interrupt_Interrupt
 414              		.code	16
 415              		.thumb_func
 416              		.type	A_Interrupt_Interrupt, %function
 417              	A_Interrupt_Interrupt:
ARM GAS  C:\Users\quint\AppData\Local\Temp\ccjt9nEk.s 			page 16


 418              	.LFB36:
 167:Generated_Source\PSoC4/A_Interrupt.c ****     #ifdef A_Interrupt_INTERRUPT_INTERRUPT_CALLBACK
 419              		.loc 1 167 0
 420              		.cfi_startproc
 421              		@ args = 0, pretend = 0, frame = 0
 422              		@ frame_needed = 0, uses_anonymous_args = 0
 423 0000 10B5     		push	{r4, lr}
 424              		.cfi_def_cfa_offset 8
 425              		.cfi_offset 4, -8
 426              		.cfi_offset 14, -4
 176:Generated_Source\PSoC4/A_Interrupt.c ****          if(count>500)
 427              		.loc 1 176 0
 428 0002 FFF7FEFF 		bl	Timer_1_ReadCompare
 429              	.LVL20:
 430 0006 084B     		ldr	r3, .L39
 431 0008 1860     		str	r0, [r3]
 177:Generated_Source\PSoC4/A_Interrupt.c ****                 {
 432              		.loc 1 177 0
 433 000a FA23     		movs	r3, #250
 434 000c 5B00     		lsls	r3, r3, #1
 435 000e 9842     		cmp	r0, r3
 436 0010 04DD     		ble	.L38
 182:Generated_Source\PSoC4/A_Interrupt.c ****                  }
 437              		.loc 1 182 0
 438 0012 064B     		ldr	r3, .L39+4
 439 0014 9C46     		mov	ip, r3
 440 0016 6044     		add	r0, r0, ip
 441 0018 034B     		ldr	r3, .L39
 442 001a 1860     		str	r0, [r3]
 443              	.L38:
 184:Generated_Source\PSoC4/A_Interrupt.c ****             A_Interrupt_ClearPending(); //Needed to make other interrupts work
 444              		.loc 1 184 0
 445 001c 0220     		movs	r0, #2
 446 001e FFF7FEFF 		bl	Timer_1_ClearInterrupt
 447              	.LVL21:
 185:Generated_Source\PSoC4/A_Interrupt.c ****    
 448              		.loc 1 185 0
 449 0022 FFF7FEFF 		bl	A_Interrupt_ClearPending
 450              	.LVL22:
 189:Generated_Source\PSoC4/A_Interrupt.c **** 
 451              		.loc 1 189 0
 452              		@ sp needed
 453 0026 10BD     		pop	{r4, pc}
 454              	.L40:
 455              		.align	2
 456              	.L39:
 457 0028 00000000 		.word	count
 458 002c 18FCFFFF 		.word	-1000
 459              		.cfi_endproc
 460              	.LFE36:
 461              		.size	A_Interrupt_Interrupt, .-A_Interrupt_Interrupt
 462              		.comm	GLCD_FONT8x16,1552,4
 463              		.text
 464              	.Letext0:
 465              		.file 2 "Generated_Source\\PSoC4/cytypes.h"
 466              		.file 3 "Generated_Source\\PSoC4\\GLCD.h"
 467              		.file 4 "Generated_Source\\PSoC4/CyLib.h"
ARM GAS  C:\Users\quint\AppData\Local\Temp\ccjt9nEk.s 			page 17


 468              		.file 5 "Generated_Source\\PSoC4\\Timer_1.h"
 469              		.section	.debug_info,"",%progbits
 470              	.Ldebug_info0:
 471 0000 83030000 		.4byte	0x383
 472 0004 0400     		.2byte	0x4
 473 0006 00000000 		.4byte	.Ldebug_abbrev0
 474 000a 04       		.byte	0x4
 475 000b 01       		.uleb128 0x1
 476 000c 26020000 		.4byte	.LASF41
 477 0010 0C       		.byte	0xc
 478 0011 3B010000 		.4byte	.LASF42
 479 0015 D9010000 		.4byte	.LASF43
 480 0019 00000000 		.4byte	.Ldebug_ranges0+0
 481 001d 00000000 		.4byte	0
 482 0021 00000000 		.4byte	.Ldebug_line0
 483 0025 02       		.uleb128 0x2
 484 0026 01       		.byte	0x1
 485 0027 06       		.byte	0x6
 486 0028 9E000000 		.4byte	.LASF0
 487 002c 02       		.uleb128 0x2
 488 002d 01       		.byte	0x1
 489 002e 08       		.byte	0x8
 490 002f AA000000 		.4byte	.LASF1
 491 0033 02       		.uleb128 0x2
 492 0034 02       		.byte	0x2
 493 0035 05       		.byte	0x5
 494 0036 14010000 		.4byte	.LASF2
 495 003a 02       		.uleb128 0x2
 496 003b 02       		.byte	0x2
 497 003c 07       		.byte	0x7
 498 003d F1000000 		.4byte	.LASF3
 499 0041 02       		.uleb128 0x2
 500 0042 04       		.byte	0x4
 501 0043 05       		.byte	0x5
 502 0044 2E030000 		.4byte	.LASF4
 503 0048 02       		.uleb128 0x2
 504 0049 04       		.byte	0x4
 505 004a 07       		.byte	0x7
 506 004b DF000000 		.4byte	.LASF5
 507 004f 02       		.uleb128 0x2
 508 0050 08       		.byte	0x8
 509 0051 05       		.byte	0x5
 510 0052 BD020000 		.4byte	.LASF6
 511 0056 02       		.uleb128 0x2
 512 0057 08       		.byte	0x8
 513 0058 07       		.byte	0x7
 514 0059 A0010000 		.4byte	.LASF7
 515 005d 03       		.uleb128 0x3
 516 005e 04       		.byte	0x4
 517 005f 05       		.byte	0x5
 518 0060 696E7400 		.ascii	"int\000"
 519 0064 02       		.uleb128 0x2
 520 0065 04       		.byte	0x4
 521 0066 07       		.byte	0x7
 522 0067 8B010000 		.4byte	.LASF8
 523 006b 04       		.uleb128 0x4
 524 006c F2020000 		.4byte	.LASF9
ARM GAS  C:\Users\quint\AppData\Local\Temp\ccjt9nEk.s 			page 18


 525 0070 02       		.byte	0x2
 526 0071 E401     		.2byte	0x1e4
 527 0073 2C000000 		.4byte	0x2c
 528 0077 04       		.uleb128 0x4
 529 0078 34010000 		.4byte	.LASF10
 530 007c 02       		.byte	0x2
 531 007d E601     		.2byte	0x1e6
 532 007f 48000000 		.4byte	0x48
 533 0083 02       		.uleb128 0x2
 534 0084 04       		.byte	0x4
 535 0085 04       		.byte	0x4
 536 0086 98000000 		.4byte	.LASF11
 537 008a 02       		.uleb128 0x2
 538 008b 08       		.byte	0x8
 539 008c 04       		.byte	0x4
 540 008d 0D010000 		.4byte	.LASF12
 541 0091 02       		.uleb128 0x2
 542 0092 01       		.byte	0x1
 543 0093 08       		.byte	0x8
 544 0094 D9020000 		.4byte	.LASF13
 545 0098 04       		.uleb128 0x4
 546 0099 00000000 		.4byte	.LASF14
 547 009d 02       		.byte	0x2
 548 009e 9002     		.2byte	0x290
 549 00a0 A4000000 		.4byte	0xa4
 550 00a4 05       		.uleb128 0x5
 551 00a5 77000000 		.4byte	0x77
 552 00a9 04       		.uleb128 0x4
 553 00aa CC010000 		.4byte	.LASF15
 554 00ae 02       		.byte	0x2
 555 00af A002     		.2byte	0x2a0
 556 00b1 B5000000 		.4byte	0xb5
 557 00b5 06       		.uleb128 0x6
 558 00b6 04       		.byte	0x4
 559 00b7 BB000000 		.4byte	0xbb
 560 00bb 07       		.uleb128 0x7
 561 00bc 02       		.uleb128 0x2
 562 00bd 08       		.byte	0x8
 563 00be 04       		.byte	0x4
 564 00bf 4D030000 		.4byte	.LASF16
 565 00c3 02       		.uleb128 0x2
 566 00c4 04       		.byte	0x4
 567 00c5 07       		.byte	0x7
 568 00c6 B4020000 		.4byte	.LASF17
 569 00ca 08       		.uleb128 0x8
 570 00cb 1E010000 		.4byte	.LASF18
 571 00cf 01       		.byte	0x1
 572 00d0 DB       		.byte	0xdb
 573 00d1 00000000 		.4byte	.LFB37
 574 00d5 0C000000 		.4byte	.LFE37-.LFB37
 575 00d9 01       		.uleb128 0x1
 576 00da 9C       		.byte	0x9c
 577 00db ED000000 		.4byte	0xed
 578 00df 09       		.uleb128 0x9
 579 00e0 98010000 		.4byte	.LASF20
 580 00e4 01       		.byte	0x1
 581 00e5 DB       		.byte	0xdb
ARM GAS  C:\Users\quint\AppData\Local\Temp\ccjt9nEk.s 			page 19


 582 00e6 A9000000 		.4byte	0xa9
 583 00ea 01       		.uleb128 0x1
 584 00eb 50       		.byte	0x50
 585 00ec 00       		.byte	0
 586 00ed 0A       		.uleb128 0xa
 587 00ee 37030000 		.4byte	.LASF24
 588 00f2 01       		.byte	0x1
 589 00f3 EF       		.byte	0xef
 590 00f4 A9000000 		.4byte	0xa9
 591 00f8 00000000 		.4byte	.LFB38
 592 00fc 0C000000 		.4byte	.LFE38-.LFB38
 593 0100 01       		.uleb128 0x1
 594 0101 9C       		.byte	0x9c
 595 0102 0B       		.uleb128 0xb
 596 0103 B8000000 		.4byte	.LASF19
 597 0107 01       		.byte	0x1
 598 0108 0D01     		.2byte	0x10d
 599 010a 00000000 		.4byte	.LFB39
 600 010e 24000000 		.4byte	.LFE39-.LFB39
 601 0112 01       		.uleb128 0x1
 602 0113 9C       		.byte	0x9c
 603 0114 58010000 		.4byte	0x158
 604 0118 0C       		.uleb128 0xc
 605 0119 04010000 		.4byte	.LASF21
 606 011d 01       		.byte	0x1
 607 011e 0D01     		.2byte	0x10d
 608 0120 6B000000 		.4byte	0x6b
 609 0124 00000000 		.4byte	.LLST0
 610 0128 0D       		.uleb128 0xd
 611 0129 D0000000 		.4byte	.LASF22
 612 012d 01       		.byte	0x1
 613 012e 0F01     		.2byte	0x10f
 614 0130 6B000000 		.4byte	0x6b
 615 0134 21000000 		.4byte	.LLST1
 616 0138 0E       		.uleb128 0xe
 617 0139 1F030000 		.4byte	.LASF23
 618 013d 01       		.byte	0x1
 619 013e 1001     		.2byte	0x110
 620 0140 77000000 		.4byte	0x77
 621 0144 0E       		.byte	0xe
 622 0145 0F       		.uleb128 0xf
 623 0146 08000000 		.4byte	.LVL3
 624 014a 58030000 		.4byte	0x358
 625 014e 0F       		.uleb128 0xf
 626 014f 1A000000 		.4byte	.LVL4
 627 0153 63030000 		.4byte	0x363
 628 0157 00       		.byte	0
 629 0158 10       		.uleb128 0x10
 630 0159 59030000 		.4byte	.LASF44
 631 015d 01       		.byte	0x1
 632 015e 2901     		.2byte	0x129
 633 0160 6B000000 		.4byte	0x6b
 634 0164 00000000 		.4byte	.LFB40
 635 0168 10000000 		.4byte	.LFE40-.LFB40
 636 016c 01       		.uleb128 0x1
 637 016d 9C       		.byte	0x9c
 638 016e 90010000 		.4byte	0x190
ARM GAS  C:\Users\quint\AppData\Local\Temp\ccjt9nEk.s 			page 20


 639 0172 0D       		.uleb128 0xd
 640 0173 04010000 		.4byte	.LASF21
 641 0177 01       		.byte	0x1
 642 0178 2B01     		.2byte	0x12b
 643 017a 77000000 		.4byte	0x77
 644 017e 34000000 		.4byte	.LLST2
 645 0182 0E       		.uleb128 0xe
 646 0183 1F030000 		.4byte	.LASF23
 647 0187 01       		.byte	0x1
 648 0188 2C01     		.2byte	0x12c
 649 018a 77000000 		.4byte	0x77
 650 018e 0E       		.byte	0xe
 651 018f 00       		.byte	0
 652 0190 11       		.uleb128 0x11
 653 0191 5C000000 		.4byte	.LASF26
 654 0195 01       		.byte	0x1
 655 0196 4401     		.2byte	0x144
 656 0198 00000000 		.4byte	.LFB41
 657 019c 10000000 		.4byte	.LFE41-.LFB41
 658 01a0 01       		.uleb128 0x1
 659 01a1 9C       		.byte	0x9c
 660 01a2 12       		.uleb128 0x12
 661 01a3 B7010000 		.4byte	.LASF25
 662 01a7 01       		.byte	0x1
 663 01a8 5901     		.2byte	0x159
 664 01aa 6B000000 		.4byte	0x6b
 665 01ae 00000000 		.4byte	.LFB42
 666 01b2 14000000 		.4byte	.LFE42-.LFB42
 667 01b6 01       		.uleb128 0x1
 668 01b7 9C       		.byte	0x9c
 669 01b8 11       		.uleb128 0x11
 670 01b9 42000000 		.4byte	.LASF27
 671 01bd 01       		.byte	0x1
 672 01be 6E01     		.2byte	0x16e
 673 01c0 00000000 		.4byte	.LFB43
 674 01c4 10000000 		.4byte	.LFE43-.LFB43
 675 01c8 01       		.uleb128 0x1
 676 01c9 9C       		.byte	0x9c
 677 01ca 08       		.uleb128 0x8
 678 01cb 86000000 		.4byte	.LASF28
 679 01cf 01       		.byte	0x1
 680 01d0 3F       		.byte	0x3f
 681 01d1 00000000 		.4byte	.LFB33
 682 01d5 1C000000 		.4byte	.LFE33-.LFB33
 683 01d9 01       		.uleb128 0x1
 684 01da 9C       		.byte	0x9c
 685 01db 1C020000 		.4byte	0x21c
 686 01df 0F       		.uleb128 0xf
 687 01e0 06000000 		.4byte	.LVL8
 688 01e4 B8010000 		.4byte	0x1b8
 689 01e8 13       		.uleb128 0x13
 690 01e9 0C000000 		.4byte	.LVL9
 691 01ed CA000000 		.4byte	0xca
 692 01f1 FF010000 		.4byte	0x1ff
 693 01f5 14       		.uleb128 0x14
 694 01f6 01       		.uleb128 0x1
 695 01f7 50       		.byte	0x50
ARM GAS  C:\Users\quint\AppData\Local\Temp\ccjt9nEk.s 			page 21


 696 01f8 05       		.uleb128 0x5
 697 01f9 03       		.byte	0x3
 698 01fa 00000000 		.4byte	A_Interrupt_Interrupt
 699 01fe 00       		.byte	0
 700 01ff 13       		.uleb128 0x13
 701 0200 12000000 		.4byte	.LVL10
 702 0204 02010000 		.4byte	0x102
 703 0208 12020000 		.4byte	0x212
 704 020c 14       		.uleb128 0x14
 705 020d 01       		.uleb128 0x1
 706 020e 50       		.byte	0x50
 707 020f 01       		.uleb128 0x1
 708 0210 33       		.byte	0x33
 709 0211 00       		.byte	0
 710 0212 0F       		.uleb128 0xf
 711 0213 16000000 		.4byte	.LVL11
 712 0217 90010000 		.4byte	0x190
 713 021b 00       		.byte	0
 714 021c 08       		.uleb128 0x8
 715 021d DE020000 		.4byte	.LASF29
 716 0221 01       		.byte	0x1
 717 0222 6A       		.byte	0x6a
 718 0223 00000000 		.4byte	.LFB34
 719 0227 1A000000 		.4byte	.LFE34-.LFB34
 720 022b 01       		.uleb128 0x1
 721 022c 9C       		.byte	0x9c
 722 022d 7A020000 		.4byte	0x27a
 723 0231 15       		.uleb128 0x15
 724 0232 98010000 		.4byte	.LASF20
 725 0236 01       		.byte	0x1
 726 0237 6A       		.byte	0x6a
 727 0238 A9000000 		.4byte	0xa9
 728 023c 56000000 		.4byte	.LLST3
 729 0240 0F       		.uleb128 0xf
 730 0241 08000000 		.4byte	.LVL13
 731 0245 B8010000 		.4byte	0x1b8
 732 0249 13       		.uleb128 0x13
 733 024a 0E000000 		.4byte	.LVL14
 734 024e CA000000 		.4byte	0xca
 735 0252 5D020000 		.4byte	0x25d
 736 0256 14       		.uleb128 0x14
 737 0257 01       		.uleb128 0x1
 738 0258 50       		.byte	0x50
 739 0259 02       		.uleb128 0x2
 740 025a 74       		.byte	0x74
 741 025b 00       		.sleb128 0
 742 025c 00       		.byte	0
 743 025d 13       		.uleb128 0x13
 744 025e 14000000 		.4byte	.LVL15
 745 0262 02010000 		.4byte	0x102
 746 0266 70020000 		.4byte	0x270
 747 026a 14       		.uleb128 0x14
 748 026b 01       		.uleb128 0x1
 749 026c 50       		.byte	0x50
 750 026d 01       		.uleb128 0x1
 751 026e 33       		.byte	0x33
 752 026f 00       		.byte	0
ARM GAS  C:\Users\quint\AppData\Local\Temp\ccjt9nEk.s 			page 22


 753 0270 0F       		.uleb128 0xf
 754 0271 18000000 		.4byte	.LVL16
 755 0275 90010000 		.4byte	0x190
 756 0279 00       		.byte	0
 757 027a 08       		.uleb128 0x8
 758 027b F8020000 		.4byte	.LASF30
 759 027f 01       		.byte	0x1
 760 0280 88       		.byte	0x88
 761 0281 00000000 		.4byte	.LFB35
 762 0285 14000000 		.4byte	.LFE35-.LFB35
 763 0289 01       		.uleb128 0x1
 764 028a 9C       		.byte	0x9c
 765 028b A2020000 		.4byte	0x2a2
 766 028f 0F       		.uleb128 0xf
 767 0290 06000000 		.4byte	.LVL18
 768 0294 B8010000 		.4byte	0x1b8
 769 0298 0F       		.uleb128 0xf
 770 0299 0C000000 		.4byte	.LVL19
 771 029d CA000000 		.4byte	0xca
 772 02a1 00       		.byte	0
 773 02a2 11       		.uleb128 0x11
 774 02a3 71030000 		.4byte	.LASF31
 775 02a7 01       		.byte	0x1
 776 02a8 8901     		.2byte	0x189
 777 02aa 00000000 		.4byte	.LFB44
 778 02ae 10000000 		.4byte	.LFE44-.LFB44
 779 02b2 01       		.uleb128 0x1
 780 02b3 9C       		.byte	0x9c
 781 02b4 11       		.uleb128 0x11
 782 02b5 1C000000 		.4byte	.LASF32
 783 02b9 01       		.byte	0x1
 784 02ba A201     		.2byte	0x1a2
 785 02bc 00000000 		.4byte	.LFB45
 786 02c0 10000000 		.4byte	.LFE45-.LFB45
 787 02c4 01       		.uleb128 0x1
 788 02c5 9C       		.byte	0x9c
 789 02c6 08       		.uleb128 0x8
 790 02c7 06000000 		.4byte	.LASF33
 791 02cb 01       		.byte	0x1
 792 02cc A6       		.byte	0xa6
 793 02cd 00000000 		.4byte	.LFB36
 794 02d1 30000000 		.4byte	.LFE36-.LFB36
 795 02d5 01       		.uleb128 0x1
 796 02d6 9C       		.byte	0x9c
 797 02d7 01030000 		.4byte	0x301
 798 02db 0F       		.uleb128 0xf
 799 02dc 06000000 		.4byte	.LVL20
 800 02e0 6E030000 		.4byte	0x36e
 801 02e4 13       		.uleb128 0x13
 802 02e5 22000000 		.4byte	.LVL21
 803 02e9 7A030000 		.4byte	0x37a
 804 02ed F7020000 		.4byte	0x2f7
 805 02f1 14       		.uleb128 0x14
 806 02f2 01       		.uleb128 0x1
 807 02f3 50       		.byte	0x50
 808 02f4 01       		.uleb128 0x1
 809 02f5 32       		.byte	0x32
ARM GAS  C:\Users\quint\AppData\Local\Temp\ccjt9nEk.s 			page 23


 810 02f6 00       		.byte	0
 811 02f7 0F       		.uleb128 0xf
 812 02f8 26000000 		.4byte	.LVL22
 813 02fc B4020000 		.4byte	0x2b4
 814 0300 00       		.byte	0
 815 0301 16       		.uleb128 0x16
 816 0302 17030000 		.4byte	0x317
 817 0306 17030000 		.4byte	0x317
 818 030a 17       		.uleb128 0x17
 819 030b C3000000 		.4byte	0xc3
 820 030f 60       		.byte	0x60
 821 0310 17       		.uleb128 0x17
 822 0311 C3000000 		.4byte	0xc3
 823 0315 0F       		.byte	0xf
 824 0316 00       		.byte	0
 825 0317 18       		.uleb128 0x18
 826 0318 6B000000 		.4byte	0x6b
 827 031c 19       		.uleb128 0x19
 828 031d CB020000 		.4byte	.LASF34
 829 0321 03       		.byte	0x3
 830 0322 42       		.byte	0x42
 831 0323 2D030000 		.4byte	0x32d
 832 0327 05       		.uleb128 0x5
 833 0328 03       		.byte	0x3
 834 0329 00000000 		.4byte	GLCD_FONT8x16
 835 032d 18       		.uleb128 0x18
 836 032e 01030000 		.4byte	0x301
 837 0332 1A       		.uleb128 0x1a
 838 0333 56000000 		.4byte	.LASF35
 839 0337 01       		.byte	0x1
 840 0338 22       		.byte	0x22
 841 0339 5D000000 		.4byte	0x5d
 842 033d 16       		.uleb128 0x16
 843 033e A9000000 		.4byte	0xa9
 844 0342 4D030000 		.4byte	0x34d
 845 0346 17       		.uleb128 0x17
 846 0347 C3000000 		.4byte	0xc3
 847 034b 2F       		.byte	0x2f
 848 034c 00       		.byte	0
 849 034d 1A       		.uleb128 0x1a
 850 034e 35000000 		.4byte	.LASF36
 851 0352 01       		.byte	0x1
 852 0353 28       		.byte	0x28
 853 0354 3D030000 		.4byte	0x33d
 854 0358 1B       		.uleb128 0x1b
 855 0359 60010000 		.4byte	.LASF37
 856 035d 60010000 		.4byte	.LASF37
 857 0361 04       		.byte	0x4
 858 0362 E5       		.byte	0xe5
 859 0363 1B       		.uleb128 0x1b
 860 0364 09030000 		.4byte	.LASF38
 861 0368 09030000 		.4byte	.LASF38
 862 036c 04       		.byte	0x4
 863 036d E6       		.byte	0xe6
 864 036e 1C       		.uleb128 0x1c
 865 036f 77010000 		.4byte	.LASF39
 866 0373 77010000 		.4byte	.LASF39
ARM GAS  C:\Users\quint\AppData\Local\Temp\ccjt9nEk.s 			page 24


 867 0377 05       		.byte	0x5
 868 0378 5601     		.2byte	0x156
 869 037a 1C       		.uleb128 0x1c
 870 037b 6F000000 		.4byte	.LASF40
 871 037f 6F000000 		.4byte	.LASF40
 872 0383 05       		.byte	0x5
 873 0384 4701     		.2byte	0x147
 874 0386 00       		.byte	0
 875              		.section	.debug_abbrev,"",%progbits
 876              	.Ldebug_abbrev0:
 877 0000 01       		.uleb128 0x1
 878 0001 11       		.uleb128 0x11
 879 0002 01       		.byte	0x1
 880 0003 25       		.uleb128 0x25
 881 0004 0E       		.uleb128 0xe
 882 0005 13       		.uleb128 0x13
 883 0006 0B       		.uleb128 0xb
 884 0007 03       		.uleb128 0x3
 885 0008 0E       		.uleb128 0xe
 886 0009 1B       		.uleb128 0x1b
 887 000a 0E       		.uleb128 0xe
 888 000b 55       		.uleb128 0x55
 889 000c 17       		.uleb128 0x17
 890 000d 11       		.uleb128 0x11
 891 000e 01       		.uleb128 0x1
 892 000f 10       		.uleb128 0x10
 893 0010 17       		.uleb128 0x17
 894 0011 00       		.byte	0
 895 0012 00       		.byte	0
 896 0013 02       		.uleb128 0x2
 897 0014 24       		.uleb128 0x24
 898 0015 00       		.byte	0
 899 0016 0B       		.uleb128 0xb
 900 0017 0B       		.uleb128 0xb
 901 0018 3E       		.uleb128 0x3e
 902 0019 0B       		.uleb128 0xb
 903 001a 03       		.uleb128 0x3
 904 001b 0E       		.uleb128 0xe
 905 001c 00       		.byte	0
 906 001d 00       		.byte	0
 907 001e 03       		.uleb128 0x3
 908 001f 24       		.uleb128 0x24
 909 0020 00       		.byte	0
 910 0021 0B       		.uleb128 0xb
 911 0022 0B       		.uleb128 0xb
 912 0023 3E       		.uleb128 0x3e
 913 0024 0B       		.uleb128 0xb
 914 0025 03       		.uleb128 0x3
 915 0026 08       		.uleb128 0x8
 916 0027 00       		.byte	0
 917 0028 00       		.byte	0
 918 0029 04       		.uleb128 0x4
 919 002a 16       		.uleb128 0x16
 920 002b 00       		.byte	0
 921 002c 03       		.uleb128 0x3
 922 002d 0E       		.uleb128 0xe
 923 002e 3A       		.uleb128 0x3a
ARM GAS  C:\Users\quint\AppData\Local\Temp\ccjt9nEk.s 			page 25


 924 002f 0B       		.uleb128 0xb
 925 0030 3B       		.uleb128 0x3b
 926 0031 05       		.uleb128 0x5
 927 0032 49       		.uleb128 0x49
 928 0033 13       		.uleb128 0x13
 929 0034 00       		.byte	0
 930 0035 00       		.byte	0
 931 0036 05       		.uleb128 0x5
 932 0037 35       		.uleb128 0x35
 933 0038 00       		.byte	0
 934 0039 49       		.uleb128 0x49
 935 003a 13       		.uleb128 0x13
 936 003b 00       		.byte	0
 937 003c 00       		.byte	0
 938 003d 06       		.uleb128 0x6
 939 003e 0F       		.uleb128 0xf
 940 003f 00       		.byte	0
 941 0040 0B       		.uleb128 0xb
 942 0041 0B       		.uleb128 0xb
 943 0042 49       		.uleb128 0x49
 944 0043 13       		.uleb128 0x13
 945 0044 00       		.byte	0
 946 0045 00       		.byte	0
 947 0046 07       		.uleb128 0x7
 948 0047 15       		.uleb128 0x15
 949 0048 00       		.byte	0
 950 0049 27       		.uleb128 0x27
 951 004a 19       		.uleb128 0x19
 952 004b 00       		.byte	0
 953 004c 00       		.byte	0
 954 004d 08       		.uleb128 0x8
 955 004e 2E       		.uleb128 0x2e
 956 004f 01       		.byte	0x1
 957 0050 3F       		.uleb128 0x3f
 958 0051 19       		.uleb128 0x19
 959 0052 03       		.uleb128 0x3
 960 0053 0E       		.uleb128 0xe
 961 0054 3A       		.uleb128 0x3a
 962 0055 0B       		.uleb128 0xb
 963 0056 3B       		.uleb128 0x3b
 964 0057 0B       		.uleb128 0xb
 965 0058 27       		.uleb128 0x27
 966 0059 19       		.uleb128 0x19
 967 005a 11       		.uleb128 0x11
 968 005b 01       		.uleb128 0x1
 969 005c 12       		.uleb128 0x12
 970 005d 06       		.uleb128 0x6
 971 005e 40       		.uleb128 0x40
 972 005f 18       		.uleb128 0x18
 973 0060 9742     		.uleb128 0x2117
 974 0062 19       		.uleb128 0x19
 975 0063 01       		.uleb128 0x1
 976 0064 13       		.uleb128 0x13
 977 0065 00       		.byte	0
 978 0066 00       		.byte	0
 979 0067 09       		.uleb128 0x9
 980 0068 05       		.uleb128 0x5
ARM GAS  C:\Users\quint\AppData\Local\Temp\ccjt9nEk.s 			page 26


 981 0069 00       		.byte	0
 982 006a 03       		.uleb128 0x3
 983 006b 0E       		.uleb128 0xe
 984 006c 3A       		.uleb128 0x3a
 985 006d 0B       		.uleb128 0xb
 986 006e 3B       		.uleb128 0x3b
 987 006f 0B       		.uleb128 0xb
 988 0070 49       		.uleb128 0x49
 989 0071 13       		.uleb128 0x13
 990 0072 02       		.uleb128 0x2
 991 0073 18       		.uleb128 0x18
 992 0074 00       		.byte	0
 993 0075 00       		.byte	0
 994 0076 0A       		.uleb128 0xa
 995 0077 2E       		.uleb128 0x2e
 996 0078 00       		.byte	0
 997 0079 3F       		.uleb128 0x3f
 998 007a 19       		.uleb128 0x19
 999 007b 03       		.uleb128 0x3
 1000 007c 0E       		.uleb128 0xe
 1001 007d 3A       		.uleb128 0x3a
 1002 007e 0B       		.uleb128 0xb
 1003 007f 3B       		.uleb128 0x3b
 1004 0080 0B       		.uleb128 0xb
 1005 0081 27       		.uleb128 0x27
 1006 0082 19       		.uleb128 0x19
 1007 0083 49       		.uleb128 0x49
 1008 0084 13       		.uleb128 0x13
 1009 0085 11       		.uleb128 0x11
 1010 0086 01       		.uleb128 0x1
 1011 0087 12       		.uleb128 0x12
 1012 0088 06       		.uleb128 0x6
 1013 0089 40       		.uleb128 0x40
 1014 008a 18       		.uleb128 0x18
 1015 008b 9742     		.uleb128 0x2117
 1016 008d 19       		.uleb128 0x19
 1017 008e 00       		.byte	0
 1018 008f 00       		.byte	0
 1019 0090 0B       		.uleb128 0xb
 1020 0091 2E       		.uleb128 0x2e
 1021 0092 01       		.byte	0x1
 1022 0093 3F       		.uleb128 0x3f
 1023 0094 19       		.uleb128 0x19
 1024 0095 03       		.uleb128 0x3
 1025 0096 0E       		.uleb128 0xe
 1026 0097 3A       		.uleb128 0x3a
 1027 0098 0B       		.uleb128 0xb
 1028 0099 3B       		.uleb128 0x3b
 1029 009a 05       		.uleb128 0x5
 1030 009b 27       		.uleb128 0x27
 1031 009c 19       		.uleb128 0x19
 1032 009d 11       		.uleb128 0x11
 1033 009e 01       		.uleb128 0x1
 1034 009f 12       		.uleb128 0x12
 1035 00a0 06       		.uleb128 0x6
 1036 00a1 40       		.uleb128 0x40
 1037 00a2 18       		.uleb128 0x18
ARM GAS  C:\Users\quint\AppData\Local\Temp\ccjt9nEk.s 			page 27


 1038 00a3 9742     		.uleb128 0x2117
 1039 00a5 19       		.uleb128 0x19
 1040 00a6 01       		.uleb128 0x1
 1041 00a7 13       		.uleb128 0x13
 1042 00a8 00       		.byte	0
 1043 00a9 00       		.byte	0
 1044 00aa 0C       		.uleb128 0xc
 1045 00ab 05       		.uleb128 0x5
 1046 00ac 00       		.byte	0
 1047 00ad 03       		.uleb128 0x3
 1048 00ae 0E       		.uleb128 0xe
 1049 00af 3A       		.uleb128 0x3a
 1050 00b0 0B       		.uleb128 0xb
 1051 00b1 3B       		.uleb128 0x3b
 1052 00b2 05       		.uleb128 0x5
 1053 00b3 49       		.uleb128 0x49
 1054 00b4 13       		.uleb128 0x13
 1055 00b5 02       		.uleb128 0x2
 1056 00b6 17       		.uleb128 0x17
 1057 00b7 00       		.byte	0
 1058 00b8 00       		.byte	0
 1059 00b9 0D       		.uleb128 0xd
 1060 00ba 34       		.uleb128 0x34
 1061 00bb 00       		.byte	0
 1062 00bc 03       		.uleb128 0x3
 1063 00bd 0E       		.uleb128 0xe
 1064 00be 3A       		.uleb128 0x3a
 1065 00bf 0B       		.uleb128 0xb
 1066 00c0 3B       		.uleb128 0x3b
 1067 00c1 05       		.uleb128 0x5
 1068 00c2 49       		.uleb128 0x49
 1069 00c3 13       		.uleb128 0x13
 1070 00c4 02       		.uleb128 0x2
 1071 00c5 17       		.uleb128 0x17
 1072 00c6 00       		.byte	0
 1073 00c7 00       		.byte	0
 1074 00c8 0E       		.uleb128 0xe
 1075 00c9 34       		.uleb128 0x34
 1076 00ca 00       		.byte	0
 1077 00cb 03       		.uleb128 0x3
 1078 00cc 0E       		.uleb128 0xe
 1079 00cd 3A       		.uleb128 0x3a
 1080 00ce 0B       		.uleb128 0xb
 1081 00cf 3B       		.uleb128 0x3b
 1082 00d0 05       		.uleb128 0x5
 1083 00d1 49       		.uleb128 0x49
 1084 00d2 13       		.uleb128 0x13
 1085 00d3 1C       		.uleb128 0x1c
 1086 00d4 0B       		.uleb128 0xb
 1087 00d5 00       		.byte	0
 1088 00d6 00       		.byte	0
 1089 00d7 0F       		.uleb128 0xf
 1090 00d8 898201   		.uleb128 0x4109
 1091 00db 00       		.byte	0
 1092 00dc 11       		.uleb128 0x11
 1093 00dd 01       		.uleb128 0x1
 1094 00de 31       		.uleb128 0x31
ARM GAS  C:\Users\quint\AppData\Local\Temp\ccjt9nEk.s 			page 28


 1095 00df 13       		.uleb128 0x13
 1096 00e0 00       		.byte	0
 1097 00e1 00       		.byte	0
 1098 00e2 10       		.uleb128 0x10
 1099 00e3 2E       		.uleb128 0x2e
 1100 00e4 01       		.byte	0x1
 1101 00e5 3F       		.uleb128 0x3f
 1102 00e6 19       		.uleb128 0x19
 1103 00e7 03       		.uleb128 0x3
 1104 00e8 0E       		.uleb128 0xe
 1105 00e9 3A       		.uleb128 0x3a
 1106 00ea 0B       		.uleb128 0xb
 1107 00eb 3B       		.uleb128 0x3b
 1108 00ec 05       		.uleb128 0x5
 1109 00ed 27       		.uleb128 0x27
 1110 00ee 19       		.uleb128 0x19
 1111 00ef 49       		.uleb128 0x49
 1112 00f0 13       		.uleb128 0x13
 1113 00f1 11       		.uleb128 0x11
 1114 00f2 01       		.uleb128 0x1
 1115 00f3 12       		.uleb128 0x12
 1116 00f4 06       		.uleb128 0x6
 1117 00f5 40       		.uleb128 0x40
 1118 00f6 18       		.uleb128 0x18
 1119 00f7 9742     		.uleb128 0x2117
 1120 00f9 19       		.uleb128 0x19
 1121 00fa 01       		.uleb128 0x1
 1122 00fb 13       		.uleb128 0x13
 1123 00fc 00       		.byte	0
 1124 00fd 00       		.byte	0
 1125 00fe 11       		.uleb128 0x11
 1126 00ff 2E       		.uleb128 0x2e
 1127 0100 00       		.byte	0
 1128 0101 3F       		.uleb128 0x3f
 1129 0102 19       		.uleb128 0x19
 1130 0103 03       		.uleb128 0x3
 1131 0104 0E       		.uleb128 0xe
 1132 0105 3A       		.uleb128 0x3a
 1133 0106 0B       		.uleb128 0xb
 1134 0107 3B       		.uleb128 0x3b
 1135 0108 05       		.uleb128 0x5
 1136 0109 27       		.uleb128 0x27
 1137 010a 19       		.uleb128 0x19
 1138 010b 11       		.uleb128 0x11
 1139 010c 01       		.uleb128 0x1
 1140 010d 12       		.uleb128 0x12
 1141 010e 06       		.uleb128 0x6
 1142 010f 40       		.uleb128 0x40
 1143 0110 18       		.uleb128 0x18
 1144 0111 9742     		.uleb128 0x2117
 1145 0113 19       		.uleb128 0x19
 1146 0114 00       		.byte	0
 1147 0115 00       		.byte	0
 1148 0116 12       		.uleb128 0x12
 1149 0117 2E       		.uleb128 0x2e
 1150 0118 00       		.byte	0
 1151 0119 3F       		.uleb128 0x3f
ARM GAS  C:\Users\quint\AppData\Local\Temp\ccjt9nEk.s 			page 29


 1152 011a 19       		.uleb128 0x19
 1153 011b 03       		.uleb128 0x3
 1154 011c 0E       		.uleb128 0xe
 1155 011d 3A       		.uleb128 0x3a
 1156 011e 0B       		.uleb128 0xb
 1157 011f 3B       		.uleb128 0x3b
 1158 0120 05       		.uleb128 0x5
 1159 0121 27       		.uleb128 0x27
 1160 0122 19       		.uleb128 0x19
 1161 0123 49       		.uleb128 0x49
 1162 0124 13       		.uleb128 0x13
 1163 0125 11       		.uleb128 0x11
 1164 0126 01       		.uleb128 0x1
 1165 0127 12       		.uleb128 0x12
 1166 0128 06       		.uleb128 0x6
 1167 0129 40       		.uleb128 0x40
 1168 012a 18       		.uleb128 0x18
 1169 012b 9742     		.uleb128 0x2117
 1170 012d 19       		.uleb128 0x19
 1171 012e 00       		.byte	0
 1172 012f 00       		.byte	0
 1173 0130 13       		.uleb128 0x13
 1174 0131 898201   		.uleb128 0x4109
 1175 0134 01       		.byte	0x1
 1176 0135 11       		.uleb128 0x11
 1177 0136 01       		.uleb128 0x1
 1178 0137 31       		.uleb128 0x31
 1179 0138 13       		.uleb128 0x13
 1180 0139 01       		.uleb128 0x1
 1181 013a 13       		.uleb128 0x13
 1182 013b 00       		.byte	0
 1183 013c 00       		.byte	0
 1184 013d 14       		.uleb128 0x14
 1185 013e 8A8201   		.uleb128 0x410a
 1186 0141 00       		.byte	0
 1187 0142 02       		.uleb128 0x2
 1188 0143 18       		.uleb128 0x18
 1189 0144 9142     		.uleb128 0x2111
 1190 0146 18       		.uleb128 0x18
 1191 0147 00       		.byte	0
 1192 0148 00       		.byte	0
 1193 0149 15       		.uleb128 0x15
 1194 014a 05       		.uleb128 0x5
 1195 014b 00       		.byte	0
 1196 014c 03       		.uleb128 0x3
 1197 014d 0E       		.uleb128 0xe
 1198 014e 3A       		.uleb128 0x3a
 1199 014f 0B       		.uleb128 0xb
 1200 0150 3B       		.uleb128 0x3b
 1201 0151 0B       		.uleb128 0xb
 1202 0152 49       		.uleb128 0x49
 1203 0153 13       		.uleb128 0x13
 1204 0154 02       		.uleb128 0x2
 1205 0155 17       		.uleb128 0x17
 1206 0156 00       		.byte	0
 1207 0157 00       		.byte	0
 1208 0158 16       		.uleb128 0x16
ARM GAS  C:\Users\quint\AppData\Local\Temp\ccjt9nEk.s 			page 30


 1209 0159 01       		.uleb128 0x1
 1210 015a 01       		.byte	0x1
 1211 015b 49       		.uleb128 0x49
 1212 015c 13       		.uleb128 0x13
 1213 015d 01       		.uleb128 0x1
 1214 015e 13       		.uleb128 0x13
 1215 015f 00       		.byte	0
 1216 0160 00       		.byte	0
 1217 0161 17       		.uleb128 0x17
 1218 0162 21       		.uleb128 0x21
 1219 0163 00       		.byte	0
 1220 0164 49       		.uleb128 0x49
 1221 0165 13       		.uleb128 0x13
 1222 0166 2F       		.uleb128 0x2f
 1223 0167 0B       		.uleb128 0xb
 1224 0168 00       		.byte	0
 1225 0169 00       		.byte	0
 1226 016a 18       		.uleb128 0x18
 1227 016b 26       		.uleb128 0x26
 1228 016c 00       		.byte	0
 1229 016d 49       		.uleb128 0x49
 1230 016e 13       		.uleb128 0x13
 1231 016f 00       		.byte	0
 1232 0170 00       		.byte	0
 1233 0171 19       		.uleb128 0x19
 1234 0172 34       		.uleb128 0x34
 1235 0173 00       		.byte	0
 1236 0174 03       		.uleb128 0x3
 1237 0175 0E       		.uleb128 0xe
 1238 0176 3A       		.uleb128 0x3a
 1239 0177 0B       		.uleb128 0xb
 1240 0178 3B       		.uleb128 0x3b
 1241 0179 0B       		.uleb128 0xb
 1242 017a 49       		.uleb128 0x49
 1243 017b 13       		.uleb128 0x13
 1244 017c 3F       		.uleb128 0x3f
 1245 017d 19       		.uleb128 0x19
 1246 017e 02       		.uleb128 0x2
 1247 017f 18       		.uleb128 0x18
 1248 0180 00       		.byte	0
 1249 0181 00       		.byte	0
 1250 0182 1A       		.uleb128 0x1a
 1251 0183 34       		.uleb128 0x34
 1252 0184 00       		.byte	0
 1253 0185 03       		.uleb128 0x3
 1254 0186 0E       		.uleb128 0xe
 1255 0187 3A       		.uleb128 0x3a
 1256 0188 0B       		.uleb128 0xb
 1257 0189 3B       		.uleb128 0x3b
 1258 018a 0B       		.uleb128 0xb
 1259 018b 49       		.uleb128 0x49
 1260 018c 13       		.uleb128 0x13
 1261 018d 3F       		.uleb128 0x3f
 1262 018e 19       		.uleb128 0x19
 1263 018f 3C       		.uleb128 0x3c
 1264 0190 19       		.uleb128 0x19
 1265 0191 00       		.byte	0
ARM GAS  C:\Users\quint\AppData\Local\Temp\ccjt9nEk.s 			page 31


 1266 0192 00       		.byte	0
 1267 0193 1B       		.uleb128 0x1b
 1268 0194 2E       		.uleb128 0x2e
 1269 0195 00       		.byte	0
 1270 0196 3F       		.uleb128 0x3f
 1271 0197 19       		.uleb128 0x19
 1272 0198 3C       		.uleb128 0x3c
 1273 0199 19       		.uleb128 0x19
 1274 019a 6E       		.uleb128 0x6e
 1275 019b 0E       		.uleb128 0xe
 1276 019c 03       		.uleb128 0x3
 1277 019d 0E       		.uleb128 0xe
 1278 019e 3A       		.uleb128 0x3a
 1279 019f 0B       		.uleb128 0xb
 1280 01a0 3B       		.uleb128 0x3b
 1281 01a1 0B       		.uleb128 0xb
 1282 01a2 00       		.byte	0
 1283 01a3 00       		.byte	0
 1284 01a4 1C       		.uleb128 0x1c
 1285 01a5 2E       		.uleb128 0x2e
 1286 01a6 00       		.byte	0
 1287 01a7 3F       		.uleb128 0x3f
 1288 01a8 19       		.uleb128 0x19
 1289 01a9 3C       		.uleb128 0x3c
 1290 01aa 19       		.uleb128 0x19
 1291 01ab 6E       		.uleb128 0x6e
 1292 01ac 0E       		.uleb128 0xe
 1293 01ad 03       		.uleb128 0x3
 1294 01ae 0E       		.uleb128 0xe
 1295 01af 3A       		.uleb128 0x3a
 1296 01b0 0B       		.uleb128 0xb
 1297 01b1 3B       		.uleb128 0x3b
 1298 01b2 05       		.uleb128 0x5
 1299 01b3 00       		.byte	0
 1300 01b4 00       		.byte	0
 1301 01b5 00       		.byte	0
 1302              		.section	.debug_loc,"",%progbits
 1303              	.Ldebug_loc0:
 1304              	.LLST0:
 1305 0000 00000000 		.4byte	.LVL1
 1306 0004 07000000 		.4byte	.LVL3-1
 1307 0008 0100     		.2byte	0x1
 1308 000a 50       		.byte	0x50
 1309 000b 07000000 		.4byte	.LVL3-1
 1310 000f 24000000 		.4byte	.LFE39
 1311 0013 0400     		.2byte	0x4
 1312 0015 F3       		.byte	0xf3
 1313 0016 01       		.uleb128 0x1
 1314 0017 50       		.byte	0x50
 1315 0018 9F       		.byte	0x9f
 1316 0019 00000000 		.4byte	0
 1317 001d 00000000 		.4byte	0
 1318              	.LLST1:
 1319 0021 08000000 		.4byte	.LVL3
 1320 0025 19000000 		.4byte	.LVL4-1
 1321 0029 0100     		.2byte	0x1
 1322 002b 50       		.byte	0x50
ARM GAS  C:\Users\quint\AppData\Local\Temp\ccjt9nEk.s 			page 32


 1323 002c 00000000 		.4byte	0
 1324 0030 00000000 		.4byte	0
 1325              	.LLST2:
 1326 0034 06000000 		.4byte	.LVL6
 1327 0038 0A000000 		.4byte	.LVL7
 1328 003c 0500     		.2byte	0x5
 1329 003e 70       		.byte	0x70
 1330 003f 00       		.sleb128 0
 1331 0040 33       		.byte	0x33
 1332 0041 1A       		.byte	0x1a
 1333 0042 9F       		.byte	0x9f
 1334 0043 0A000000 		.4byte	.LVL7
 1335 0047 10000000 		.4byte	.LFE40
 1336 004b 0100     		.2byte	0x1
 1337 004d 50       		.byte	0x50
 1338 004e 00000000 		.4byte	0
 1339 0052 00000000 		.4byte	0
 1340              	.LLST3:
 1341 0056 00000000 		.4byte	.LVL12
 1342 005a 07000000 		.4byte	.LVL13-1
 1343 005e 0100     		.2byte	0x1
 1344 0060 50       		.byte	0x50
 1345 0061 07000000 		.4byte	.LVL13-1
 1346 0065 18000000 		.4byte	.LVL17
 1347 0069 0100     		.2byte	0x1
 1348 006b 54       		.byte	0x54
 1349 006c 18000000 		.4byte	.LVL17
 1350 0070 1A000000 		.4byte	.LFE34
 1351 0074 0400     		.2byte	0x4
 1352 0076 F3       		.byte	0xf3
 1353 0077 01       		.uleb128 0x1
 1354 0078 50       		.byte	0x50
 1355 0079 9F       		.byte	0x9f
 1356 007a 00000000 		.4byte	0
 1357 007e 00000000 		.4byte	0
 1358              		.section	.debug_aranges,"",%progbits
 1359 0000 7C000000 		.4byte	0x7c
 1360 0004 0200     		.2byte	0x2
 1361 0006 00000000 		.4byte	.Ldebug_info0
 1362 000a 04       		.byte	0x4
 1363 000b 00       		.byte	0
 1364 000c 0000     		.2byte	0
 1365 000e 0000     		.2byte	0
 1366 0010 00000000 		.4byte	.LFB37
 1367 0014 0C000000 		.4byte	.LFE37-.LFB37
 1368 0018 00000000 		.4byte	.LFB38
 1369 001c 0C000000 		.4byte	.LFE38-.LFB38
 1370 0020 00000000 		.4byte	.LFB39
 1371 0024 24000000 		.4byte	.LFE39-.LFB39
 1372 0028 00000000 		.4byte	.LFB40
 1373 002c 10000000 		.4byte	.LFE40-.LFB40
 1374 0030 00000000 		.4byte	.LFB41
 1375 0034 10000000 		.4byte	.LFE41-.LFB41
 1376 0038 00000000 		.4byte	.LFB42
 1377 003c 14000000 		.4byte	.LFE42-.LFB42
 1378 0040 00000000 		.4byte	.LFB43
 1379 0044 10000000 		.4byte	.LFE43-.LFB43
ARM GAS  C:\Users\quint\AppData\Local\Temp\ccjt9nEk.s 			page 33


 1380 0048 00000000 		.4byte	.LFB33
 1381 004c 1C000000 		.4byte	.LFE33-.LFB33
 1382 0050 00000000 		.4byte	.LFB34
 1383 0054 1A000000 		.4byte	.LFE34-.LFB34
 1384 0058 00000000 		.4byte	.LFB35
 1385 005c 14000000 		.4byte	.LFE35-.LFB35
 1386 0060 00000000 		.4byte	.LFB44
 1387 0064 10000000 		.4byte	.LFE44-.LFB44
 1388 0068 00000000 		.4byte	.LFB45
 1389 006c 10000000 		.4byte	.LFE45-.LFB45
 1390 0070 00000000 		.4byte	.LFB36
 1391 0074 30000000 		.4byte	.LFE36-.LFB36
 1392 0078 00000000 		.4byte	0
 1393 007c 00000000 		.4byte	0
 1394              		.section	.debug_ranges,"",%progbits
 1395              	.Ldebug_ranges0:
 1396 0000 00000000 		.4byte	.LFB37
 1397 0004 0C000000 		.4byte	.LFE37
 1398 0008 00000000 		.4byte	.LFB38
 1399 000c 0C000000 		.4byte	.LFE38
 1400 0010 00000000 		.4byte	.LFB39
 1401 0014 24000000 		.4byte	.LFE39
 1402 0018 00000000 		.4byte	.LFB40
 1403 001c 10000000 		.4byte	.LFE40
 1404 0020 00000000 		.4byte	.LFB41
 1405 0024 10000000 		.4byte	.LFE41
 1406 0028 00000000 		.4byte	.LFB42
 1407 002c 14000000 		.4byte	.LFE42
 1408 0030 00000000 		.4byte	.LFB43
 1409 0034 10000000 		.4byte	.LFE43
 1410 0038 00000000 		.4byte	.LFB33
 1411 003c 1C000000 		.4byte	.LFE33
 1412 0040 00000000 		.4byte	.LFB34
 1413 0044 1A000000 		.4byte	.LFE34
 1414 0048 00000000 		.4byte	.LFB35
 1415 004c 14000000 		.4byte	.LFE35
 1416 0050 00000000 		.4byte	.LFB44
 1417 0054 10000000 		.4byte	.LFE44
 1418 0058 00000000 		.4byte	.LFB45
 1419 005c 10000000 		.4byte	.LFE45
 1420 0060 00000000 		.4byte	.LFB36
 1421 0064 30000000 		.4byte	.LFE36
 1422 0068 00000000 		.4byte	0
 1423 006c 00000000 		.4byte	0
 1424              		.section	.debug_line,"",%progbits
 1425              	.Ldebug_line0:
 1426 0000 6F010000 		.section	.debug_str,"MS",%progbits,1
 1426      02006A00 
 1426      00000201 
 1426      FB0E0D00 
 1426      01010101 
 1427              	.LASF14:
 1428 0000 72656733 		.ascii	"reg32\000"
 1428      3200
 1429              	.LASF33:
 1430 0006 415F496E 		.ascii	"A_Interrupt_Interrupt\000"
 1430      74657272 
ARM GAS  C:\Users\quint\AppData\Local\Temp\ccjt9nEk.s 			page 34


 1430      7570745F 
 1430      496E7465 
 1430      72727570 
 1431              	.LASF32:
 1432 001c 415F496E 		.ascii	"A_Interrupt_ClearPending\000"
 1432      74657272 
 1432      7570745F 
 1432      436C6561 
 1432      7250656E 
 1433              	.LASF36:
 1434 0035 43795261 		.ascii	"CyRamVectors\000"
 1434      6D566563 
 1434      746F7273 
 1434      00
 1435              	.LASF27:
 1436 0042 415F496E 		.ascii	"A_Interrupt_Disable\000"
 1436      74657272 
 1436      7570745F 
 1436      44697361 
 1436      626C6500 
 1437              	.LASF35:
 1438 0056 636F756E 		.ascii	"count\000"
 1438      7400
 1439              	.LASF26:
 1440 005c 415F496E 		.ascii	"A_Interrupt_Enable\000"
 1440      74657272 
 1440      7570745F 
 1440      456E6162 
 1440      6C6500
 1441              	.LASF40:
 1442 006f 54696D65 		.ascii	"Timer_1_ClearInterrupt\000"
 1442      725F315F 
 1442      436C6561 
 1442      72496E74 
 1442      65727275 
 1443              	.LASF28:
 1444 0086 415F496E 		.ascii	"A_Interrupt_Start\000"
 1444      74657272 
 1444      7570745F 
 1444      53746172 
 1444      7400
 1445              	.LASF11:
 1446 0098 666C6F61 		.ascii	"float\000"
 1446      7400
 1447              	.LASF0:
 1448 009e 7369676E 		.ascii	"signed char\000"
 1448      65642063 
 1448      68617200 
 1449              	.LASF1:
 1450 00aa 756E7369 		.ascii	"unsigned char\000"
 1450      676E6564 
 1450      20636861 
 1450      7200
 1451              	.LASF19:
 1452 00b8 415F496E 		.ascii	"A_Interrupt_SetPriority\000"
 1452      74657272 
 1452      7570745F 
ARM GAS  C:\Users\quint\AppData\Local\Temp\ccjt9nEk.s 			page 35


 1452      53657450 
 1452      72696F72 
 1453              	.LASF22:
 1454 00d0 696E7465 		.ascii	"interruptState\000"
 1454      72727570 
 1454      74537461 
 1454      746500
 1455              	.LASF5:
 1456 00df 6C6F6E67 		.ascii	"long unsigned int\000"
 1456      20756E73 
 1456      69676E65 
 1456      6420696E 
 1456      7400
 1457              	.LASF3:
 1458 00f1 73686F72 		.ascii	"short unsigned int\000"
 1458      7420756E 
 1458      7369676E 
 1458      65642069 
 1458      6E7400
 1459              	.LASF21:
 1460 0104 7072696F 		.ascii	"priority\000"
 1460      72697479 
 1460      00
 1461              	.LASF12:
 1462 010d 646F7562 		.ascii	"double\000"
 1462      6C6500
 1463              	.LASF2:
 1464 0114 73686F72 		.ascii	"short int\000"
 1464      7420696E 
 1464      7400
 1465              	.LASF18:
 1466 011e 415F496E 		.ascii	"A_Interrupt_SetVector\000"
 1466      74657272 
 1466      7570745F 
 1466      53657456 
 1466      6563746F 
 1467              	.LASF10:
 1468 0134 75696E74 		.ascii	"uint32\000"
 1468      333200
 1469              	.LASF42:
 1470 013b 47656E65 		.ascii	"Generated_Source\\PSoC4\\A_Interrupt.c\000"
 1470      72617465 
 1470      645F536F 
 1470      75726365 
 1470      5C50536F 
 1471              	.LASF37:
 1472 0160 4379456E 		.ascii	"CyEnterCriticalSection\000"
 1472      74657243 
 1472      72697469 
 1472      63616C53 
 1472      65637469 
 1473              	.LASF39:
 1474 0177 54696D65 		.ascii	"Timer_1_ReadCompare\000"
 1474      725F315F 
 1474      52656164 
 1474      436F6D70 
 1474      61726500 
ARM GAS  C:\Users\quint\AppData\Local\Temp\ccjt9nEk.s 			page 36


 1475              	.LASF8:
 1476 018b 756E7369 		.ascii	"unsigned int\000"
 1476      676E6564 
 1476      20696E74 
 1476      00
 1477              	.LASF20:
 1478 0198 61646472 		.ascii	"address\000"
 1478      65737300 
 1479              	.LASF7:
 1480 01a0 6C6F6E67 		.ascii	"long long unsigned int\000"
 1480      206C6F6E 
 1480      6720756E 
 1480      7369676E 
 1480      65642069 
 1481              	.LASF25:
 1482 01b7 415F496E 		.ascii	"A_Interrupt_GetState\000"
 1482      74657272 
 1482      7570745F 
 1482      47657453 
 1482      74617465 
 1483              	.LASF15:
 1484 01cc 63796973 		.ascii	"cyisraddress\000"
 1484      72616464 
 1484      72657373 
 1484      00
 1485              	.LASF43:
 1486 01d9 443A5C47 		.ascii	"D:\\GIT\\Microcontroller System Design Projects\\Hw"
 1486      49545C4D 
 1486      6963726F 
 1486      636F6E74 
 1486      726F6C6C 
 1487 0209 34204265 		.ascii	"4 Beat Meter\\BeatMeter.cydsn\000"
 1487      6174204D 
 1487      65746572 
 1487      5C426561 
 1487      744D6574 
 1488              	.LASF41:
 1489 0226 474E5520 		.ascii	"GNU C11 5.4.1 20160609 (release) [ARM/embedded-5-br"
 1489      43313120 
 1489      352E342E 
 1489      31203230 
 1489      31363036 
 1490 0259 616E6368 		.ascii	"anch revision 237715] -mcpu=cortex-m0 -mthumb -g -O"
 1490      20726576 
 1490      6973696F 
 1490      6E203233 
 1490      37373135 
 1491 028c 67202D66 		.ascii	"g -ffunction-sections -ffat-lto-objects\000"
 1491      66756E63 
 1491      74696F6E 
 1491      2D736563 
 1491      74696F6E 
 1492              	.LASF17:
 1493 02b4 73697A65 		.ascii	"sizetype\000"
 1493      74797065 
 1493      00
 1494              	.LASF6:
ARM GAS  C:\Users\quint\AppData\Local\Temp\ccjt9nEk.s 			page 37


 1495 02bd 6C6F6E67 		.ascii	"long long int\000"
 1495      206C6F6E 
 1495      6720696E 
 1495      7400
 1496              	.LASF34:
 1497 02cb 474C4344 		.ascii	"GLCD_FONT8x16\000"
 1497      5F464F4E 
 1497      54387831 
 1497      3600
 1498              	.LASF13:
 1499 02d9 63686172 		.ascii	"char\000"
 1499      00
 1500              	.LASF29:
 1501 02de 415F496E 		.ascii	"A_Interrupt_StartEx\000"
 1501      74657272 
 1501      7570745F 
 1501      53746172 
 1501      74457800 
 1502              	.LASF9:
 1503 02f2 75696E74 		.ascii	"uint8\000"
 1503      3800
 1504              	.LASF30:
 1505 02f8 415F496E 		.ascii	"A_Interrupt_Stop\000"
 1505      74657272 
 1505      7570745F 
 1505      53746F70 
 1505      00
 1506              	.LASF38:
 1507 0309 43794578 		.ascii	"CyExitCriticalSection\000"
 1507      69744372 
 1507      69746963 
 1507      616C5365 
 1507      6374696F 
 1508              	.LASF23:
 1509 031f 7072696F 		.ascii	"priorityOffset\000"
 1509      72697479 
 1509      4F666673 
 1509      657400
 1510              	.LASF4:
 1511 032e 6C6F6E67 		.ascii	"long int\000"
 1511      20696E74 
 1511      00
 1512              	.LASF24:
 1513 0337 415F496E 		.ascii	"A_Interrupt_GetVector\000"
 1513      74657272 
 1513      7570745F 
 1513      47657456 
 1513      6563746F 
 1514              	.LASF16:
 1515 034d 6C6F6E67 		.ascii	"long double\000"
 1515      20646F75 
 1515      626C6500 
 1516              	.LASF44:
 1517 0359 415F496E 		.ascii	"A_Interrupt_GetPriority\000"
 1517      74657272 
 1517      7570745F 
 1517      47657450 
ARM GAS  C:\Users\quint\AppData\Local\Temp\ccjt9nEk.s 			page 38


 1517      72696F72 
 1518              	.LASF31:
 1519 0371 415F496E 		.ascii	"A_Interrupt_SetPending\000"
 1519      74657272 
 1519      7570745F 
 1519      53657450 
 1519      656E6469 
 1520              		.ident	"GCC: (GNU Tools for ARM Embedded Processors) 5.4.1 20160609 (release) [ARM/embedded-5-bran
