Archive member included to satisfy reference by file (symbol)

.\CortexM0\ARM_GCC_541\Debug\BeatMeter.a(GLCD.o)
                              .\CortexM0\ARM_GCC_541\Debug\main.o (GLCD_Start)
.\CortexM0\ARM_GCC_541\Debug\BeatMeter.a(GLCD_Font.o)
                              .\CortexM0\ARM_GCC_541\Debug\main.o (GLCD_FONT8x16)
.\CortexM0\ARM_GCC_541\Debug\BeatMeter.a(Backlight.o)
                              .\CortexM0\ARM_GCC_541\Debug\main.o (Backlight_Write)
.\CortexM0\ARM_GCC_541\Debug\BeatMeter.a(A_Interrupt.o)
                              .\CortexM0\ARM_GCC_541\Debug\main.o (A_Interrupt_Start)
.\CortexM0\ARM_GCC_541\Debug\BeatMeter.a(B_Interrupt.o)
                              .\CortexM0\ARM_GCC_541\Debug\main.o (B_Interrupt_Start)
.\CortexM0\ARM_GCC_541\Debug\BeatMeter.a(GLCD_Reset.o)
                              .\CortexM0\ARM_GCC_541\Debug\BeatMeter.a(GLCD.o) (GLCD_Reset_Write)
.\CortexM0\ARM_GCC_541\Debug\BeatMeter.a(GLCD_SPIM_UDB.o)
                              .\CortexM0\ARM_GCC_541\Debug\BeatMeter.a(GLCD.o) (GLCD_SPIM_UDB_ReadTxStatus)
.\CortexM0\ARM_GCC_541\Debug\BeatMeter.a(GLCD_SPIM_UDB_IntClock.o)
                              .\CortexM0\ARM_GCC_541\Debug\BeatMeter.a(GLCD_SPIM_UDB.o) (GLCD_SPIM_UDB_IntClock_Start)
.\CortexM0\ARM_GCC_541\Debug\BeatMeter.a(CyLib.o)
                              .\CortexM0\ARM_GCC_541\Debug\cyfitter_cfg.o (CyIntEnable)
.\CortexM0\ARM_GCC_541\Debug\BeatMeter.a(CyLFClk.o)
                              .\CortexM0\ARM_GCC_541\Debug\cyfitter_cfg.o (CySysWdtIsr)
.\CortexM0\ARM_GCC_541\Debug\BeatMeter.a(G_LED.o)
                              .\CortexM0\ARM_GCC_541\Debug\main.o (G_LED_Write)
.\CortexM0\ARM_GCC_541\Debug\BeatMeter.a(B_LED.o)
                              .\CortexM0\ARM_GCC_541\Debug\main.o (B_LED_Write)
.\CortexM0\ARM_GCC_541\Debug\BeatMeter.a(Timer_1.o)
                              .\CortexM0\ARM_GCC_541\Debug\main.o (Timer_1_WriteCounter)
.\CortexM0\ARM_GCC_541\Debug\BeatMeter.a(PWM_1.o)
                              .\CortexM0\ARM_GCC_541\Debug\main.o (PWM_1_Start)
.\CortexM0\ARM_GCC_541\Debug\BeatMeter.a(CyBootAsmGnu.o)
                              .\CortexM0\ARM_GCC_541\Debug\BeatMeter.a(CyLib.o) (CyDelayCycles)
c:/program files (x86)/cypress/psoc creator/4.2/psoc creator/import/gnu/arm/5.4.1/bin/../lib/gcc/arm-none-eabi/5.4.1/../../../../arm-none-eabi/lib/armv6-m\libm.a(lib_a-s_cos.o)
                              .\CortexM0\ARM_GCC_541\Debug\main.o (cos)
c:/program files (x86)/cypress/psoc creator/4.2/psoc creator/import/gnu/arm/5.4.1/bin/../lib/gcc/arm-none-eabi/5.4.1/../../../../arm-none-eabi/lib/armv6-m\libm.a(lib_a-s_sin.o)
                              .\CortexM0\ARM_GCC_541\Debug\main.o (sin)
c:/program files (x86)/cypress/psoc creator/4.2/psoc creator/import/gnu/arm/5.4.1/bin/../lib/gcc/arm-none-eabi/5.4.1/../../../../arm-none-eabi/lib/armv6-m\libm.a(lib_a-e_rem_pio2.o)
                              c:/program files (x86)/cypress/psoc creator/4.2/psoc creator/import/gnu/arm/5.4.1/bin/../lib/gcc/arm-none-eabi/5.4.1/../../../../arm-none-eabi/lib/armv6-m\libm.a(lib_a-s_cos.o) (__ieee754_rem_pio2)
c:/program files (x86)/cypress/psoc creator/4.2/psoc creator/import/gnu/arm/5.4.1/bin/../lib/gcc/arm-none-eabi/5.4.1/../../../../arm-none-eabi/lib/armv6-m\libm.a(lib_a-k_cos.o)
                              c:/program files (x86)/cypress/psoc creator/4.2/psoc creator/import/gnu/arm/5.4.1/bin/../lib/gcc/arm-none-eabi/5.4.1/../../../../arm-none-eabi/lib/armv6-m\libm.a(lib_a-s_cos.o) (__kernel_cos)
c:/program files (x86)/cypress/psoc creator/4.2/psoc creator/import/gnu/arm/5.4.1/bin/../lib/gcc/arm-none-eabi/5.4.1/../../../../arm-none-eabi/lib/armv6-m\libm.a(lib_a-k_rem_pio2.o)
                              c:/program files (x86)/cypress/psoc creator/4.2/psoc creator/import/gnu/arm/5.4.1/bin/../lib/gcc/arm-none-eabi/5.4.1/../../../../arm-none-eabi/lib/armv6-m\libm.a(lib_a-e_rem_pio2.o) (__kernel_rem_pio2)
c:/program files (x86)/cypress/psoc creator/4.2/psoc creator/import/gnu/arm/5.4.1/bin/../lib/gcc/arm-none-eabi/5.4.1/../../../../arm-none-eabi/lib/armv6-m\libm.a(lib_a-k_sin.o)
                              c:/program files (x86)/cypress/psoc creator/4.2/psoc creator/import/gnu/arm/5.4.1/bin/../lib/gcc/arm-none-eabi/5.4.1/../../../../arm-none-eabi/lib/armv6-m\libm.a(lib_a-s_cos.o) (__kernel_sin)
c:/program files (x86)/cypress/psoc creator/4.2/psoc creator/import/gnu/arm/5.4.1/bin/../lib/gcc/arm-none-eabi/5.4.1/../../../../arm-none-eabi/lib/armv6-m\libm.a(lib_a-s_fabs.o)
                              c:/program files (x86)/cypress/psoc creator/4.2/psoc creator/import/gnu/arm/5.4.1/bin/../lib/gcc/arm-none-eabi/5.4.1/../../../../arm-none-eabi/lib/armv6-m\libm.a(lib_a-e_rem_pio2.o) (fabs)
c:/program files (x86)/cypress/psoc creator/4.2/psoc creator/import/gnu/arm/5.4.1/bin/../lib/gcc/arm-none-eabi/5.4.1/../../../../arm-none-eabi/lib/armv6-m\libm.a(lib_a-s_floor.o)
[...]
Memory Configuration

Name             Origin             Length             Attributes
rom              0x00000000         0x00008000         xr
ram              0x20000000         0x00001000         xrw
*default*        0x00000000         0xffffffff

Linker script and memory map

LOAD c:/program files (x86)/cypress/psoc creator/4.2/psoc creator/import/gnu/arm/5.4.1/bin/../lib/gcc/arm-none-eabi/5.4.1/armv6-m/crti.o
LOAD c:/program files (x86)/cypress/psoc creator/4.2/psoc creator/import/gnu/arm/5.4.1/bin/../lib/gcc/arm-none-eabi/5.4.1/armv6-m/crtbegin.o
LOAD c:/program files (x86)/cypress/psoc creator/4.2/psoc creator/import/gnu/arm/5.4.1/bin/../lib/gcc/arm-none-eabi/5.4.1/../../../../arm-none-eabi/lib/armv6-m/crt0.o
START GROUP
LOAD .\CortexM0\ARM_GCC_541\Debug\main.o
LOAD .\CortexM0\ARM_GCC_541\Debug\cyfitter_cfg.o
LOAD .\CortexM0\ARM_GCC_541\Debug\cymetadata.o
LOAD .\CortexM0\ARM_GCC_541\Debug\Cm0Start.o
LOAD .\CortexM0\ARM_GCC_541\Debug\BeatMeter.a
LOAD c:/program files (x86)/cypress/psoc creator/4.2/psoc creator/import/gnu/arm/5.4.1/bin/../lib/gcc/arm-none-eabi/5.4.1/../../../../arm-none-eabi/lib/armv6-m\libm.a
END GROUP
START GROUP
LOAD c:/program files (x86)/cypress/psoc creator/4.2/psoc creator/import/gnu/arm/5.4.1/bin/../lib/gcc/arm-none-eabi/5.4.1/armv6-m\libgcc.a
LOAD c:/program files (x86)/cypress/psoc creator/4.2/psoc creator/import/gnu/arm/5.4.1/bin/../lib/gcc/arm-none-eabi/5.4.1/../../../../arm-none-eabi/lib/armv6-m\libg_nano.a
LOAD c:/program files (x86)/cypress/psoc creator/4.2/psoc creator/import/gnu/arm/5.4.1/bin/../lib/gcc/arm-none-eabi/5.4.1/../../../../arm-none-eabi/lib/armv6-m\libc_nano.a
END GROUP
START GROUP
LOAD c:/program files (x86)/cypress/psoc creator/4.2/psoc creator/import/gnu/arm/5.4.1/bin/../lib/gcc/arm-none-eabi/5.4.1/armv6-m\libgcc.a
LOAD c:/program files (x86)/cypress/psoc creator/4.2/psoc creator/import/gnu/arm/5.4.1/bin/../lib/gcc/arm-none-eabi/5.4.1/../../../../arm-none-eabi/lib/armv6-m\libc_nano.a
END GROUP
LOAD c:/program files (x86)/cypress/psoc creator/4.2/psoc creator/import/gnu/arm/5.4.1/bin/../lib/gcc/arm-none-eabi/5.4.1/armv6-m/crtend.o
LOAD c:/program files (x86)/cypress/psoc creator/4.2/psoc creator/import/gnu/arm/5.4.1/bin/../lib/gcc/arm-none-eabi/5.4.1/armv6-m/crtn.o
START GROUP
LOAD c:/program files (x86)/cypress/psoc creator/4.2/psoc creator/import/gnu/arm/5.4.1/bin/../lib/gcc/arm-none-eabi/5.4.1/armv6-m\libgcc.a
LOAD c:/program files (x86)/cypress/psoc creator/4.2/psoc creator/import/gnu/arm/5.4.1/bin/../lib/gcc/arm-none-eabi/5.4.1/../../../../arm-none-eabi/lib/armv6-m\libc.a
LOAD c:/program files (x86)/cypress/psoc creator/4.2/psoc creator/import/gnu/arm/5.4.1/bin/../lib/gcc/arm-none-eabi/5.4.1/../../../../arm-none-eabi/lib/armv6-m\libnosys.a
END GROUP
                0x00000000                CY_APPL_ORIGIN = 0x0
                0x00000080                CY_FLASH_ROW_SIZE = 0x80
                0x00000001                CY_APPL_NUM = 0x1
                0x00000001                CY_APPL_MAX = 0x1
                0x00000040                CY_METADATA_SIZE = 0x40
                0x00000000                CY_APPL_LOADABLE = 0x0
                0x00000000                CY_CHECKSUM_EXCLUDE_SIZE = ALIGN (0x0, CY_FLASH_ROW_SIZE)
                0x00000000                CY_APP_FOR_STACK_AND_COPIER = 0x0
                [!provide]                PROVIDE (__cy_heap_start, _end)
                0x00000001                PROVIDE (__cy_region_num, ((__cy_regions_end - __cy_regions) / 0x10))
                0x20001000                PROVIDE (__cy_stack, (ORIGIN (ram) + LENGTH (ram)))
                [!provide]                PROVIDE (__cy_heap_end, (__cy_stack - 0x400))

.cybootloader   0x00000000        0x0
 *(.cybootloader)
                0x00000000                appl1_start = CY_APPL_ORIGIN?CY_APPL_ORIGIN:ALIGN (CY_FLASH_ROW_SIZE)
                0x00003f80                appl2_start = (appl1_start + ALIGN ((((LENGTH (rom) - appl1_start) - (0x2 * CY_FLASH_ROW_SIZE)) / 0x2), CY_FLASH_ROW_SIZE))
                0x00000000                appl_start = (CY_APPL_NUM == 0x1)?appl1_start:appl2_start
                0x00000001                cy_project_type_bootloader = (appl_start == 0x0)?0x1:0x0
                0x00000000                cy_project_type_app_for_stack_and_copier = (CY_APP_FOR_STACK_AND_COPIER == 0x1)?0x1:0x0

.text           0x00000000     0x4ca6
 CREATE_OBJECT_SYMBOLS
                0x00000000                PROVIDE (__cy_interrupt_vector, RomVectors)
 *(.romvectors)
 .romvectors    0x00000000       0x10 .\CortexM0\ARM_GCC_541\Debug\Cm0Start.o
                0x00000000                RomVectors
                0x00000001                ASSERT ((. != __cy_interrupt_vector), No interrupt vector)
                0x00000001                ASSERT (CY_APPL_ORIGIN?(SIZEOF (.cybootloader) <= CY_APPL_ORIGIN):0x1, Wrong image location)
                0x00000010                PROVIDE (__cy_reset, Reset)
 *(.text.Reset)
 .text.Reset    0x00000010        0x8 .\CortexM0\ARM_GCC_541\Debug\Cm0Start.o
                0x00000010                Reset
                0x00000001                ASSERT ((. != __cy_reset), No reset code)
 *(.psocinit)
 .psocinit      0x00000018      0x1e0 .\CortexM0\ARM_GCC_541\Debug\cyfitter_cfg.o
                0x000000b0                cyfitter_cfg
                0x000001f8                . = MAX (., 0x100)
 *(.text .text.* .gnu.linkonce.t.*)
 .text          0x000001f8       0x60 c:/program files (x86)/cypress/psoc creator/4.2/psoc creator/import/gnu/arm/5.4.1/bin/../lib/gcc/arm-none-eabi/5.4.1/armv6-m/crtbegin.o
 .text.GLCD_Draw_Line_Polar
                0x00000258       0xac .\CortexM0\ARM_GCC_541\Debug\main.o
                0x00000258                GLCD_Draw_Line_Polar
 .text.main     0x00000304      0x174 .\CortexM0\ARM_GCC_541\Debug\main.o
                0x00000304                main
 .text.cfg_write_bytes32
                0x00000478       0x34 .\CortexM0\ARM_GCC_541\Debug\cyfitter_cfg.o
 .text.CYMEMZERO
                0x000004ac        0xc .\CortexM0\ARM_GCC_541\Debug\cyfitter_cfg.o
 .text.CYCONFIGCPYCODE
                0x000004b8        0x8 .\CortexM0\ARM_GCC_541\Debug\cyfitter_cfg.o
 .text.IntDefaultHandler
                0x000004c0       0x10 .\CortexM0\ARM_GCC_541\Debug\Cm0Start.o
                0x000004c0                IntDefaultHandler
 .text._sbrk    0x000004d0       0x30 .\CortexM0\ARM_GCC_541\Debug\Cm0Start.o
                0x000004d0                _sbrk
 .text.Start_c  0x00000500       0x48 .\CortexM0\ARM_GCC_541\Debug\Cm0Start.o
                0x00000500                Start_c
 .text.initialize_psoc
                0x00000548       0x40 .\CortexM0\ARM_GCC_541\Debug\Cm0Start.o
                0x00000548                initialize_psoc
 .text.GLCD_Command
                0x00000588       0x18 .\CortexM0\ARM_GCC_541\Debug\BeatMeter.a(GLCD.o)
                0x00000588                GLCD_Command
 .text.GLCD_Data
                0x000005a0       0x1c .\CortexM0\ARM_GCC_541\Debug\BeatMeter.a(GLCD.o)
                0x000005a0                GLCD_Data
 .text.GLCD_Clear
                0x000005bc       0x60 .\CortexM0\ARM_GCC_541\Debug\BeatMeter.a(GLCD.o)
                0x000005bc                GLCD_Clear
 .text.GLCD_Contrast
                0x0000061c       0x14 .\CortexM0\ARM_GCC_541\Debug\BeatMeter.a(GLCD.o)
                0x0000061c                GLCD_Contrast
 .text.GLCD_Start
                0x00000630       0x68 .\CortexM0\ARM_GCC_541\Debug\BeatMeter.a(GLCD.o)
                0x00000630                GLCD_Start
 .text.GLCD_Pixel
                0x00000698       0x50 .\CortexM0\ARM_GCC_541\Debug\BeatMeter.a(GLCD.o)
                0x00000698                GLCD_Pixel
 .text.GLCD_DrawCircle
                0x000006e8       0xfc .\CortexM0\ARM_GCC_541\Debug\BeatMeter.a(GLCD.o)
                0x000006e8                GLCD_DrawCircle
 .text.GLCD_PrintChar
                0x000007e4       0xf8 .\CortexM0\ARM_GCC_541\Debug\BeatMeter.a(GLCD.o)
                0x000007e4                GLCD_PrintChar
 .text.GLCD_PrintString
                0x000008dc       0x3c .\CortexM0\ARM_GCC_541\Debug\BeatMeter.a(GLCD.o)
                0x000008dc                GLCD_PrintString
 .text.GLCD_DrawLine
                0x00000918       0xac .\CortexM0\ARM_GCC_541\Debug\BeatMeter.a(GLCD.o)
                0x00000918                GLCD_DrawLine
 .text.Backlight_Write
                0x000009c4       0x18 .\CortexM0\ARM_GCC_541\Debug\BeatMeter.a(Backlight.o)
                0x000009c4                Backlight_Write
 .text.A_Interrupt_SetVector
                0x000009dc        0xc .\CortexM0\ARM_GCC_541\Debug\BeatMeter.a(A_Interrupt.o)
                0x000009dc                A_Interrupt_SetVector
 .text.A_Interrupt_SetPriority
                0x000009e8       0x24 .\CortexM0\ARM_GCC_541\Debug\BeatMeter.a(A_Interrupt.o)
                0x000009e8                A_Interrupt_SetPriority
 .text.A_Interrupt_Enable
                0x00000a0c       0x10 .\CortexM0\ARM_GCC_541\Debug\BeatMeter.a(A_Interrupt.o)
                0x00000a0c                A_Interrupt_Enable
 .text.A_Interrupt_Disable
                0x00000a1c       0x10 .\CortexM0\ARM_GCC_541\Debug\BeatMeter.a(A_Interrupt.o)
                0x00000a1c                A_Interrupt_Disable
 .text.A_Interrupt_Start
                0x00000a2c       0x1c .\CortexM0\ARM_GCC_541\Debug\BeatMeter.a(A_Interrupt.o)
                0x00000a2c                A_Interrupt_Start
 .text.A_Interrupt_ClearPending
                0x00000a48       0x10 .\CortexM0\ARM_GCC_541\Debug\BeatMeter.a(A_Interrupt.o)
                0x00000a48                A_Interrupt_ClearPending
 .text.A_Interrupt_Interrupt
                0x00000a58       0x30 .\CortexM0\ARM_GCC_541\Debug\BeatMeter.a(A_Interrupt.o)
                0x00000a58                A_Interrupt_Interrupt
 .text.B_Interrupt_SetVector
                0x00000a88        0xc .\CortexM0\ARM_GCC_541\Debug\BeatMeter.a(B_Interrupt.o)
                0x00000a88                B_Interrupt_SetVector
 .text.B_Interrupt_SetPriority
                0x00000a94       0x20 .\CortexM0\ARM_GCC_541\Debug\BeatMeter.a(B_Interrupt.o)
                0x00000a94                B_Interrupt_SetPriority
 .text.B_Interrupt_Enable
                0x00000ab4       0x10 .\CortexM0\ARM_GCC_541\Debug\BeatMeter.a(B_Interrupt.o)
                0x00000ab4                B_Interrupt_Enable
 .text.B_Interrupt_Disable
                0x00000ac4       0x10 .\CortexM0\ARM_GCC_541\Debug\BeatMeter.a(B_Interrupt.o)
                0x00000ac4                B_Interrupt_Disable
 .text.B_Interrupt_Start
                0x00000ad4       0x1c .\CortexM0\ARM_GCC_541\Debug\BeatMeter.a(B_Interrupt.o)
                0x00000ad4                B_Interrupt_Start
 .text.B_Interrupt_ClearPending
                0x00000af0       0x10 .\CortexM0\ARM_GCC_541\Debug\BeatMeter.a(B_Interrupt.o)
                0x00000af0                B_Interrupt_ClearPending
 .text.B_Interrupt_Interrupt
                0x00000b00       0x14 .\CortexM0\ARM_GCC_541\Debug\BeatMeter.a(B_Interrupt.o)
                0x00000b00                B_Interrupt_Interrupt
 .text.GLCD_Reset_Write
                0x00000b14       0x18 .\CortexM0\ARM_GCC_541\Debug\BeatMeter.a(GLCD_Reset.o)
                0x00000b14                GLCD_Reset_Write
 .text.GLCD_SPIM_UDB_Enable
                0x00000b2c       0x40 .\CortexM0\ARM_GCC_541\Debug\BeatMeter.a(GLCD_SPIM_UDB.o)
                0x00000b2c                GLCD_SPIM_UDB_Enable
 .text.GLCD_SPIM_UDB_ReadTxStatus
                0x00000b6c        0xc .\CortexM0\ARM_GCC_541\Debug\BeatMeter.a(GLCD_SPIM_UDB.o)
                0x00000b6c                GLCD_SPIM_UDB_ReadTxStatus
 .text.GLCD_SPIM_UDB_ReadRxStatus
                0x00000b78        0xc .\CortexM0\ARM_GCC_541\Debug\BeatMeter.a(GLCD_SPIM_UDB.o)
                0x00000b78                GLCD_SPIM_UDB_ReadRxStatus
 .text.GLCD_SPIM_UDB_WriteTxData
                0x00000b84       0x18 .\CortexM0\ARM_GCC_541\Debug\BeatMeter.a(GLCD_SPIM_UDB.o)
                0x00000b84                GLCD_SPIM_UDB_WriteTxData
 .text.GLCD_SPIM_UDB_ClearFIFO
                0x00000b9c       0x50 .\CortexM0\ARM_GCC_541\Debug\BeatMeter.a(GLCD_SPIM_UDB.o)
                0x00000b9c                GLCD_SPIM_UDB_ClearFIFO
 .text.GLCD_SPIM_UDB_Init
                0x00000bec       0x2c .\CortexM0\ARM_GCC_541\Debug\BeatMeter.a(GLCD_SPIM_UDB.o)
                0x00000bec                GLCD_SPIM_UDB_Init
 .text.GLCD_SPIM_UDB_Start
                0x00000c18       0x20 .\CortexM0\ARM_GCC_541\Debug\BeatMeter.a(GLCD_SPIM_UDB.o)
                0x00000c18                GLCD_SPIM_UDB_Start
 .text.GLCD_SPIM_UDB_IntClock_Start
                0x00000c38       0x14 .\CortexM0\ARM_GCC_541\Debug\BeatMeter.a(GLCD_SPIM_UDB_IntClock.o)
                0x00000c38                GLCD_SPIM_UDB_IntClock_Start
 .text.CyIntEnable
                0x00000c4c       0x14 .\CortexM0\ARM_GCC_541\Debug\BeatMeter.a(CyLib.o)
                0x00000c4c                CyIntEnable
 .text.CyHalt   0x00000c60        0x4 .\CortexM0\ARM_GCC_541\Debug\BeatMeter.a(CyLib.o)
                0x00000c60                CyHalt
 .text.CyIntSetVector
                0x00000c64       0x24 .\CortexM0\ARM_GCC_541\Debug\BeatMeter.a(CyLib.o)
                0x00000c64                CyIntSetVector
 .text.CyDelay  0x00000c88       0x30 .\CortexM0\ARM_GCC_541\Debug\BeatMeter.a(CyLib.o)
                0x00000c88                CyDelay
 .text.CyDelayUs
                0x00000cb8       0x14 .\CortexM0\ARM_GCC_541\Debug\BeatMeter.a(CyLib.o)
                0x00000cb8                CyDelayUs
 .text.CySysClkWriteImoFreq
                0x00000ccc      0x164 .\CortexM0\ARM_GCC_541\Debug\BeatMeter.a(CyLib.o)
                0x00000ccc                CySysClkWriteImoFreq
 .text.CySysWdtLocked
                0x00000e30       0x14 .\CortexM0\ARM_GCC_541\Debug\BeatMeter.a(CyLFClk.o)
 .text.CySysWdtLock
                0x00000e44       0x1c .\CortexM0\ARM_GCC_541\Debug\BeatMeter.a(CyLFClk.o)
                0x00000e44                CySysWdtLock
 .text.CySysWdtUnlock
                0x00000e60       0x30 .\CortexM0\ARM_GCC_541\Debug\BeatMeter.a(CyLFClk.o)
                0x00000e60                CySysWdtUnlock
 .text.CySysWdtClearInterrupt
                0x00000e90       0x4c .\CortexM0\ARM_GCC_541\Debug\BeatMeter.a(CyLFClk.o)
                0x00000e90                CySysWdtClearInterrupt
 .text.CySysWdtIsr
                0x00000edc       0xa4 .\CortexM0\ARM_GCC_541\Debug\BeatMeter.a(CyLFClk.o)
                0x00000edc                CySysWdtIsr
 .text.G_LED_Write
                0x00000f80       0x18 .\CortexM0\ARM_GCC_541\Debug\BeatMeter.a(G_LED.o)
                0x00000f80                G_LED_Write
 .text.B_LED_Write
                0x00000f98       0x18 .\CortexM0\ARM_GCC_541\Debug\BeatMeter.a(B_LED.o)
                0x00000f98                B_LED_Write
 .text.Timer_1_WriteCounter
                0x00000fb0       0x10 .\CortexM0\ARM_GCC_541\Debug\BeatMeter.a(Timer_1.o)
                0x00000fb0                Timer_1_WriteCounter
 .text.Timer_1_WritePeriod
                0x00000fc0       0x10 .\CortexM0\ARM_GCC_541\Debug\BeatMeter.a(Timer_1.o)
                0x00000fc0                Timer_1_WritePeriod
 .text.Timer_1_ReadCompare
                0x00000fd0       0x10 .\CortexM0\ARM_GCC_541\Debug\BeatMeter.a(Timer_1.o)
                0x00000fd0                Timer_1_ReadCompare
 .text.Timer_1_TriggerCommand
                0x00000fe0       0x1c .\CortexM0\ARM_GCC_541\Debug\BeatMeter.a(Timer_1.o)
                0x00000fe0                Timer_1_TriggerCommand
 .text.Timer_1_Enable
                0x00000ffc       0x24 .\CortexM0\ARM_GCC_541\Debug\BeatMeter.a(Timer_1.o)
                0x00000ffc                Timer_1_Enable
 .text.Timer_1_SetInterruptMode
                0x00001020        0xc .\CortexM0\ARM_GCC_541\Debug\BeatMeter.a(Timer_1.o)
                0x00001020                Timer_1_SetInterruptMode
 .text.Timer_1_Init
                0x0000102c       0x30 .\CortexM0\ARM_GCC_541\Debug\BeatMeter.a(Timer_1.o)
                0x0000102c                Timer_1_Init
 .text.Timer_1_Start
                0x0000105c       0x20 .\CortexM0\ARM_GCC_541\Debug\BeatMeter.a(Timer_1.o)
                0x0000105c                Timer_1_Start
 .text.Timer_1_ClearInterrupt
                0x0000107c        0xc .\CortexM0\ARM_GCC_541\Debug\BeatMeter.a(Timer_1.o)
                0x0000107c                Timer_1_ClearInterrupt
 .text.PWM_1_WriteCounter
                0x00001088       0x10 .\CortexM0\ARM_GCC_541\Debug\BeatMeter.a(PWM_1.o)
                0x00001088                PWM_1_WriteCounter
 .text.PWM_1_WritePeriod
                0x00001098       0x10 .\CortexM0\ARM_GCC_541\Debug\BeatMeter.a(PWM_1.o)
                0x00001098                PWM_1_WritePeriod
 .text.PWM_1_WriteCompare
                0x000010a8       0x10 .\CortexM0\ARM_GCC_541\Debug\BeatMeter.a(PWM_1.o)
                0x000010a8                PWM_1_WriteCompare
 .text.PWM_1_TriggerCommand
                0x000010b8       0x1c .\CortexM0\ARM_GCC_541\Debug\BeatMeter.a(PWM_1.o)
                0x000010b8                PWM_1_TriggerCommand
 .text.PWM_1_Enable
                0x000010d4       0x24 .\CortexM0\ARM_GCC_541\Debug\BeatMeter.a(PWM_1.o)
                0x000010d4                PWM_1_Enable
 .text.PWM_1_SetInterruptMode
                0x000010f8        0xc .\CortexM0\ARM_GCC_541\Debug\BeatMeter.a(PWM_1.o)
                0x000010f8                PWM_1_SetInterruptMode
 .text.PWM_1_Init
                0x00001104       0x48 .\CortexM0\ARM_GCC_541\Debug\BeatMeter.a(PWM_1.o)
                0x00001104                PWM_1_Init
 .text.PWM_1_Start
                0x0000114c       0x20 .\CortexM0\ARM_GCC_541\Debug\BeatMeter.a(PWM_1.o)
                0x0000114c                PWM_1_Start
 .text.PWM_1_ClearInterrupt
                0x0000116c        0xc .\CortexM0\ARM_GCC_541\Debug\BeatMeter.a(PWM_1.o)
                0x0000116c                PWM_1_ClearInterrupt
 .text          0x00001178       0x24 .\CortexM0\ARM_GCC_541\Debug\BeatMeter.a(CyBootAsmGnu.o)
                0x00001178                CyDelayCycles
                0x0000118c                CyEnterCriticalSection
                0x00001194                CyExitCriticalSection
 .text.cos      0x0000119c       0x8c c:/program files (x86)/cypress/psoc creator/4.2/psoc creator/import/gnu/arm/5.4.1/bin/../lib/gcc/arm-none-eabi/5.4.1/../../../../arm-none-eabi/lib/armv6-m\libm.a(lib_a-s_cos.o)
                0x0000119c                cos
 .text.sin      0x00001228       0x90 c:/program files (x86)/cypress/psoc creator/4.2/psoc creator/import/gnu/arm/5.4.1/bin/../lib/gcc/arm-none-eabi/5.4.1/../../../../arm-none-eabi/lib/armv6-m\libm.a(lib_a-s_sin.o)
                0x00001228                sin
 .text.__ieee754_rem_pio2
                0x000012b8      0x40c c:/program files (x86)/cypress/psoc creator/4.2/psoc creator/import/gnu/arm/5.4.1/bin/../lib/gcc/arm-none-eabi/5.4.1/../../../../arm-none-eabi/lib/armv6-m\libm.a(lib_a-e_rem_pio2.o)
                0x000012b8                __ieee754_rem_pio2
 .text.__kernel_cos
                0x000016c4      0x234 c:/program files (x86)/cypress/psoc creator/4.2/psoc creator/import/gnu/arm/5.4.1/bin/../lib/gcc/arm-none-eabi/5.4.1/../../../../arm-none-eabi/lib/armv6-m\libm.a(lib_a-k_cos.o)
                0x000016c4                __kernel_cos
 .text.__kernel_rem_pio2
                0x000018f8      0x8a4 c:/program files (x86)/cypress/psoc creator/4.2/psoc creator/import/gnu/arm/5.4.1/bin/../lib/gcc/arm-none-eabi/5.4.1/../../../../arm-none-eabi/lib/armv6-m\libm.a(lib_a-k_rem_pio2.o)
                0x000018f8                __kernel_rem_pio2
 .text.__kernel_sin
                0x0000219c      0x160 c:/program files (x86)/cypress/psoc creator/4.2/psoc creator/import/gnu/arm/5.4.1/bin/../lib/gcc/arm-none-eabi/5.4.1/../../../../arm-none-eabi/lib/armv6-m\libm.a(lib_a-k_sin.o)
                0x0000219c                __kernel_sin
 .text.fabs     0x000022fc        0x8 c:/program files (x86)/cypress/psoc creator/4.2/psoc creator/import/gnu/arm/5.4.1/bin/../lib/gcc/arm-none-eabi/5.4.1/../../../../arm-none-eabi/lib/armv6-m\libm.a(lib_a-s_fabs.o)
                0x000022fc                fabs
 .text.floor    0x00002304      0x130 c:/program files (x86)/cypress/psoc creator/4.2/psoc creator/import/gnu/arm/5.4.1/bin/../lib/gcc/arm-none-eabi/5.4.1/../../../../arm-none-eabi/lib/armv6-m\libm.a(lib_a-s_floor.o)
                0x00002304                floor
 .text.scalbn   0x00002434       0xd0 c:/program files (x86)/cypress/psoc creator/4.2/psoc creator/import/gnu/arm/5.4.1/bin/../lib/gcc/arm-none-eabi/5.4.1/../../../../arm-none-eabi/lib/armv6-m\libm.a(lib_a-s_scalbn.o)
                0x00002434                scalbn
 .text.copysign
                0x00002504       0x10 c:/program files (x86)/cypress/psoc creator/4.2/psoc creator/import/gnu/arm/5.4.1/bin/../lib/gcc/arm-none-eabi/5.4.1/../../../../arm-none-eabi/lib/armv6-m\libm.a(lib_a-s_copysign.o)
                0x00002504                copysign
 .text          0x00002514      0x114 c:/program files (x86)/cypress/psoc creator/4.2/psoc creator/import/gnu/arm/5.4.1/bin/../lib/gcc/arm-none-eabi/5.4.1/armv6-m\libgcc.a(_udivsi3.o)
                0x00002514                __aeabi_uidiv
                0x00002514                __udivsi3
                0x00002620                __aeabi_uidivmod
 .text          0x00002628      0x1d4 c:/program files (x86)/cypress/psoc creator/4.2/psoc creator/import/gnu/arm/5.4.1/bin/../lib/gcc/arm-none-eabi/5.4.1/armv6-m\libgcc.a(_divsi3.o)
                0x00002628                __divsi3
                0x00002628                __aeabi_idiv
                0x000027f4                __aeabi_idivmod
 .text          0x000027fc        0x4 c:/program files (x86)/cypress/psoc creator/4.2/psoc creator/import/gnu/arm/5.4.1/bin/../lib/gcc/arm-none-eabi/5.4.1/armv6-m\libgcc.a(_dvmd_tls.o)
                0x000027fc                __aeabi_idiv0
                0x000027fc                __aeabi_ldiv0
 .text          0x00002800       0x7c c:/program files (x86)/cypress/psoc creator/4.2/psoc creator/import/gnu/arm/5.4.1/bin/../lib/gcc/arm-none-eabi/5.4.1/armv6-m\libgcc.a(_arm_cmpdf2.o)
                0x00002800                __aeabi_cdrcmple
                0x00002810                __aeabi_cdcmple
                0x00002810                __aeabi_cdcmpeq
                0x00002820                __aeabi_dcmpeq
                0x0000282c                __aeabi_dcmplt
                0x00002840                __aeabi_dcmple
                0x00002854                __aeabi_dcmpgt
                0x00002868                __aeabi_dcmpge
 .text          0x0000287c      0x658 c:/program files (x86)/cypress/psoc creator/4.2/psoc creator/import/gnu/arm/5.4.1/bin/../lib/gcc/arm-none-eabi/5.4.1/armv6-m\libgcc.a(adddf3.o)
                0x0000287c                __aeabi_dadd
 .text          0x00002ed4      0x62c c:/program files (x86)/cypress/psoc creator/4.2/psoc creator/import/gnu/arm/5.4.1/bin/../lib/gcc/arm-none-eabi/5.4.1/armv6-m\libgcc.a(divdf3.o)
                0x00002ed4                __aeabi_ddiv
 .text          0x00003500       0x80 c:/program files (x86)/cypress/psoc creator/4.2/psoc creator/import/gnu/arm/5.4.1/bin/../lib/gcc/arm-none-eabi/5.4.1/armv6-m\libgcc.a(eqdf2.o)
                0x00003500                __nedf2
                0x00003500                __eqdf2
 .text          0x00003580       0xc8 c:/program files (x86)/cypress/psoc creator/4.2/psoc creator/import/gnu/arm/5.4.1/bin/../lib/gcc/arm-none-eabi/5.4.1/armv6-m\libgcc.a(gedf2.o)
                0x00003580                __gedf2
                0x00003580                __gtdf2
 .text          0x00003648       0xd4 c:/program files (x86)/cypress/psoc creator/4.2/psoc creator/import/gnu/arm/5.4.1/bin/../lib/gcc/arm-none-eabi/5.4.1/armv6-m\libgcc.a(ledf2.o)
                0x00003648                __ledf2
                0x00003648                __ltdf2
 .text          0x0000371c      0x4f4 c:/program files (x86)/cypress/psoc creator/4.2/psoc creator/import/gnu/arm/5.4.1/bin/../lib/gcc/arm-none-eabi/5.4.1/armv6-m\libgcc.a(muldf3.o)
                0x0000371c                __aeabi_dmul
 .text          0x00003c10      0x6a8 c:/program files (x86)/cypress/psoc creator/4.2/psoc creator/import/gnu/arm/5.4.1/bin/../lib/gcc/arm-none-eabi/5.4.1/armv6-m\libgcc.a(subdf3.o)
                0x00003c10                __aeabi_dsub
 .text          0x000042b8       0x6c c:/program files (x86)/cypress/psoc creator/4.2/psoc creator/import/gnu/arm/5.4.1/bin/../lib/gcc/arm-none-eabi/5.4.1/armv6-m\libgcc.a(fixdfsi.o)
                0x000042b8                __aeabi_d2iz
 .text          0x00004324       0x84 c:/program files (x86)/cypress/psoc creator/4.2/psoc creator/import/gnu/arm/5.4.1/bin/../lib/gcc/arm-none-eabi/5.4.1/armv6-m\libgcc.a(floatsidf.o)
                0x00004324                __aeabi_i2d
 .text          0x000043a8       0x3c c:/program files (x86)/cypress/psoc creator/4.2/psoc creator/import/gnu/arm/5.4.1/bin/../lib/gcc/arm-none-eabi/5.4.1/armv6-m\libgcc.a(_clzsi2.o)
                0x000043a8                __clzsi2
 .text.__errno  0x000043e4        0xc c:/program files (x86)/cypress/psoc creator/4.2/psoc creator/import/gnu/arm/5.4.1/bin/../lib/gcc/arm-none-eabi/5.4.1/../../../../arm-none-eabi/lib/armv6-m\libg_nano.a(lib_a-errno.o)
                0x000043e4                __errno
 .text.__libc_init_array
                0x000043f0       0x4c c:/program files (x86)/cypress/psoc creator/4.2/psoc creator/import/gnu/arm/5.4.1/bin/../lib/gcc/arm-none-eabi/5.4.1/../../../../arm-none-eabi/lib/armv6-m\libg_nano.a(lib_a-init.o)
                0x000043f0                __libc_init_array
 .text.memcpy   0x0000443c       0x12 c:/program files (x86)/cypress/psoc creator/4.2/psoc creator/import/gnu/arm/5.4.1/bin/../lib/gcc/arm-none-eabi/5.4.1/../../../../arm-none-eabi/lib/armv6-m\libg_nano.a(lib_a-memcpy-stub.o)
                0x0000443c                memcpy
 .text.memset   0x0000444e       0x10 c:/program files (x86)/cypress/psoc creator/4.2/psoc creator/import/gnu/arm/5.4.1/bin/../lib/gcc/arm-none-eabi/5.4.1/../../../../arm-none-eabi/lib/armv6-m\libg_nano.a(lib_a-memset.o)
                0x0000444e                memset
 *fill*         0x0000445e        0x2 
 .text.sprintf  0x00004460       0x44 c:/program files (x86)/cypress/psoc creator/4.2/psoc creator/import/gnu/arm/5.4.1/bin/../lib/gcc/arm-none-eabi/5.4.1/../../../../arm-none-eabi/lib/armv6-m\libg_nano.a(lib_a-sprintf.o)
                0x00004460                siprintf
                0x00004460                sprintf
 .text.__ssputs_r
                0x000044a4       0xc4 c:/program files (x86)/cypress/psoc creator/4.2/psoc creator/import/gnu/arm/5.4.1/bin/../lib/gcc/arm-none-eabi/5.4.1/../../../../arm-none-eabi/lib/armv6-m\libg_nano.a(lib_a-nano-svfprintf.o)
                0x000044a4                __ssputs_r
 .text._svfprintf_r
                0x00004568      0x1fc c:/program files (x86)/cypress/psoc creator/4.2/psoc creator/import/gnu/arm/5.4.1/bin/../lib/gcc/arm-none-eabi/5.4.1/../../../../arm-none-eabi/lib/armv6-m\libg_nano.a(lib_a-nano-svfprintf.o)
                0x00004568                _svfiprintf_r
                0x00004568                _svfprintf_r
 .text._printf_common
                0x00004764       0xdc c:/program files (x86)/cypress/psoc creator/4.2/psoc creator/import/gnu/arm/5.4.1/bin/../lib/gcc/arm-none-eabi/5.4.1/../../../../arm-none-eabi/lib/armv6-m\libg_nano.a(lib_a-nano-vfprintf_i.o)
                0x00004764                _printf_common
 .text._printf_i
                0x00004840      0x244 c:/program files (x86)/cypress/psoc creator/4.2/psoc creator/import/gnu/arm/5.4.1/bin/../lib/gcc/arm-none-eabi/5.4.1/../../../../arm-none-eabi/lib/armv6-m\libg_nano.a(lib_a-nano-vfprintf_i.o)
                0x00004840                _printf_i
 .text.memchr   0x00004a84       0x16 c:/program files (x86)/cypress/psoc creator/4.2/psoc creator/import/gnu/arm/5.4.1/bin/../lib/gcc/arm-none-eabi/5.4.1/../../../../arm-none-eabi/lib/armv6-m\libg_nano.a(lib_a-memchr-stub.o)
                0x00004a84                memchr
 .text.memmove  0x00004a9a       0x2a c:/program files (x86)/cypress/psoc creator/4.2/psoc creator/import/gnu/arm/5.4.1/bin/../lib/gcc/arm-none-eabi/5.4.1/../../../../arm-none-eabi/lib/armv6-m\libg_nano.a(lib_a-memmove.o)
                0x00004a9a                memmove
 .text._free_r  0x00004ac4       0x98 c:/program files (x86)/cypress/psoc creator/4.2/psoc creator/import/gnu/arm/5.4.1/bin/../lib/gcc/arm-none-eabi/5.4.1/../../../../arm-none-eabi/lib/armv6-m\libg_nano.a(lib_a-nano-freer.o)
                0x00004ac4                _free_r
 .text._malloc_r
                0x00004b5c       0xc0 c:/program files (x86)/cypress/psoc creator/4.2/psoc creator/import/gnu/arm/5.4.1/bin/../lib/gcc/arm-none-eabi/5.4.1/../../../../arm-none-eabi/lib/armv6-m\libg_nano.a(lib_a-nano-mallocr.o)
                0x00004b5c                _malloc_r
 .text._realloc_r
                0x00004c1c       0x4c c:/program files (x86)/cypress/psoc creator/4.2/psoc creator/import/gnu/arm/5.4.1/bin/../lib/gcc/arm-none-eabi/5.4.1/../../../../arm-none-eabi/lib/armv6-m\libg_nano.a(lib_a-nano-reallocr.o)
                0x00004c1c                _realloc_r
 .text._sbrk_r  0x00004c68       0x24 c:/program files (x86)/cypress/psoc creator/4.2/psoc creator/import/gnu/arm/5.4.1/bin/../lib/gcc/arm-none-eabi/5.4.1/../../../../arm-none-eabi/lib/armv6-m\libg_nano.a(lib_a-sbrkr.o)
                0x00004c68                _sbrk_r
 .text.__malloc_lock
                0x00004c8c        0x2 c:/program files (x86)/cypress/psoc creator/4.2/psoc creator/import/gnu/arm/5.4.1/bin/../lib/gcc/arm-none-eabi/5.4.1/../../../../arm-none-eabi/lib/armv6-m\libg_nano.a(lib_a-mlock.o)
                0x00004c8c                __malloc_lock
 .text.__malloc_unlock
                0x00004c8e        0x2 c:/program files (x86)/cypress/psoc creator/4.2/psoc creator/import/gnu/arm/5.4.1/bin/../lib/gcc/arm-none-eabi/5.4.1/../../../../arm-none-eabi/lib/armv6-m\libg_nano.a(lib_a-mlock.o)
                0x00004c8e                __malloc_unlock
 .text._malloc_usable_size_r
                0x00004c90       0x16 c:/program files (x86)/cypress/psoc creator/4.2/psoc creator/import/gnu/arm/5.4.1/bin/../lib/gcc/arm-none-eabi/5.4.1/../../../../arm-none-eabi/lib/armv6-m\libg_nano.a(lib_a-nano-msizer.o)
                0x00004c90                _malloc_usable_size_r
 *(.plt)
 *(.gnu.warning)
 *(.glue_7t)
 .glue_7t       0x00004ca6        0x0 linker stubs
 *(.glue_7)
 .glue_7        0x00004ca6        0x0 linker stubs
 *(.vfp11_veneer)
 .vfp11_veneer  0x00004ca6        0x0 linker stubs
 *(.bootloader)
 *(.ARM.extab* .gnu.linkonce.armextab.*)
 *(.gcc_except_table)

.v4_bx          0x00004ca8        0x0
 .v4_bx         0x00004ca8        0x0 linker stubs

.iplt           0x00004ca8        0x0
 .iplt          0x00004ca8        0x0 c:/program files (x86)/cypress/psoc creator/4.2/psoc creator/import/gnu/arm/5.4.1/bin/../lib/gcc/arm-none-eabi/5.4.1/armv6-m/crtbegin.o

.eh_frame_hdr
 *(.eh_frame_hdr)

.eh_frame       0x00004ca8        0x4
 *(.eh_frame)
 .eh_frame      0x00004ca8        0x0 c:/program files (x86)/cypress/psoc creator/4.2/psoc creator/import/gnu/arm/5.4.1/bin/../lib/gcc/arm-none-eabi/5.4.1/armv6-m/crtbegin.o
 .eh_frame      0x00004ca8        0x4 c:/program files (x86)/cypress/psoc creator/4.2/psoc creator/import/gnu/arm/5.4.1/bin/../lib/gcc/arm-none-eabi/5.4.1/armv6-m/crtend.o
                [!provide]                PROVIDE (__exidx_start, .)

.ARM.exidx
 *(.ARM.exidx* .gnu.linkonce.armexidx.*)
                0x00004cac                __exidx_end = .

.rodata         0x00004cb0      0xb90
 *(.rodata .rodata.* .gnu.linkonce.r.*)
 .rodata.str1.4
                0x00004cb0        0x8 .\CortexM0\ARM_GCC_541\Debug\main.o
 .rodata        0x00004cb8      0x280 .\CortexM0\ARM_GCC_541\Debug\cyfitter_cfg.o
 .rodata        0x00004f38      0x610 .\CortexM0\ARM_GCC_541\Debug\BeatMeter.a(GLCD_Font.o)
                0x00004f38                GLCD_FONT8x16
 .rodata        0x00005548       0x2e .\CortexM0\ARM_GCC_541\Debug\BeatMeter.a(CyLib.o)
                0x00005548                cyImoFreqMhz2Reg
 *fill*         0x00005576        0x2 
 .rodata.npio2_hw
                0x00005578       0x80 c:/program files (x86)/cypress/psoc creator/4.2/psoc creator/import/gnu/arm/5.4.1/bin/../lib/gcc/arm-none-eabi/5.4.1/../../../../arm-none-eabi/lib/armv6-m\libm.a(lib_a-e_rem_pio2.o)
 .rodata.two_over_pi
                0x000055f8      0x108 c:/program files (x86)/cypress/psoc creator/4.2/psoc creator/import/gnu/arm/5.4.1/bin/../lib/gcc/arm-none-eabi/5.4.1/../../../../arm-none-eabi/lib/armv6-m\libm.a(lib_a-e_rem_pio2.o)
 .rodata.init_jk
                0x00005700       0x10 c:/program files (x86)/cypress/psoc creator/4.2/psoc creator/import/gnu/arm/5.4.1/bin/../lib/gcc/arm-none-eabi/5.4.1/../../../../arm-none-eabi/lib/armv6-m\libm.a(lib_a-k_rem_pio2.o)
 .rodata.PIo2   0x00005710       0x40 c:/program files (x86)/cypress/psoc creator/4.2/psoc creator/import/gnu/arm/5.4.1/bin/../lib/gcc/arm-none-eabi/5.4.1/../../../../arm-none-eabi/lib/armv6-m\libm.a(lib_a-k_rem_pio2.o)
 .rodata        0x00005750       0x40 c:/program files (x86)/cypress/psoc creator/4.2/psoc creator/import/gnu/arm/5.4.1/bin/../lib/gcc/arm-none-eabi/5.4.1/armv6-m\libgcc.a(divdf3.o)
 .rodata        0x00005790       0x40 c:/program files (x86)/cypress/psoc creator/4.2/psoc creator/import/gnu/arm/5.4.1/bin/../lib/gcc/arm-none-eabi/5.4.1/armv6-m\libgcc.a(muldf3.o)
 .rodata.str1.1
                0x000057d0        0x2 c:/program files (x86)/cypress/psoc creator/4.2/psoc creator/import/gnu/arm/5.4.1/bin/../lib/gcc/arm-none-eabi/5.4.1/../../../../arm-none-eabi/lib/armv6-m\libg_nano.a(lib_a-impure.o)
 .rodata.str1.1
                0x000057d2       0x11 c:/program files (x86)/cypress/psoc creator/4.2/psoc creator/import/gnu/arm/5.4.1/bin/../lib/gcc/arm-none-eabi/5.4.1/../../../../arm-none-eabi/lib/armv6-m\libg_nano.a(lib_a-nano-svfprintf.o)
 .rodata.str1.1
                0x000057e3       0x22 c:/program files (x86)/cypress/psoc creator/4.2/psoc creator/import/gnu/arm/5.4.1/bin/../lib/gcc/arm-none-eabi/5.4.1/../../../../arm-none-eabi/lib/armv6-m\libg_nano.a(lib_a-nano-vfprintf_i.o)
                0x00005808                . = ALIGN (0x4)
 *fill*         0x00005805        0x3 
 *(.init)
 .init          0x00005808        0x4 c:/program files (x86)/cypress/psoc creator/4.2/psoc creator/import/gnu/arm/5.4.1/bin/../lib/gcc/arm-none-eabi/5.4.1/armv6-m/crti.o
                0x00005808                _init
 .init          0x0000580c        0x8 c:/program files (x86)/cypress/psoc creator/4.2/psoc creator/import/gnu/arm/5.4.1/bin/../lib/gcc/arm-none-eabi/5.4.1/armv6-m/crtn.o
                0x00005814                . = ALIGN (0x4)
                0x00005814                __preinit_array_start = .
 *(.preinit_array)
                0x00005814                __preinit_array_end = .
                0x00005814                . = ALIGN (0x4)
                0x00005814                __init_array_start = .
 *(SORT(.init_array.*))
 *(.init_array)
 .init_array    0x00005814        0x4 c:/program files (x86)/cypress/psoc creator/4.2/psoc creator/import/gnu/arm/5.4.1/bin/../lib/gcc/arm-none-eabi/5.4.1/armv6-m/crtbegin.o
 .init_array    0x00005818        0x4 .\CortexM0\ARM_GCC_541\Debug\Cm0Start.o
                0x0000581c                __init_array_end = .
                0x0000581c                . = ALIGN (0x4)
 *(.fini)
 .fini          0x0000581c        0x4 c:/program files (x86)/cypress/psoc creator/4.2/psoc creator/import/gnu/arm/5.4.1/bin/../lib/gcc/arm-none-eabi/5.4.1/armv6-m/crti.o
                0x0000581c                _fini
 .fini          0x00005820        0x8 c:/program files (x86)/cypress/psoc creator/4.2/psoc creator/import/gnu/arm/5.4.1/bin/../lib/gcc/arm-none-eabi/5.4.1/armv6-m/crtn.o
                0x00005828                . = ALIGN (0x4)
                0x00005828                __fini_array_start = .
 *(.fini_array)
 .fini_array    0x00005828        0x4 c:/program files (x86)/cypress/psoc creator/4.2/psoc creator/import/gnu/arm/5.4.1/bin/../lib/gcc/arm-none-eabi/5.4.1/armv6-m/crtbegin.o
 *(SORT(.fini_array.*))
                0x0000582c                __fini_array_end = .
                0x0000582c                . = ALIGN (0x4)
 *crtbegin.o(.ctors)
 *(EXCLUDE_FILE(*crtend.o) .ctors)
 *(SORT(.ctors.*))
 *crtend.o(.ctors)
                0x0000582c                . = ALIGN (0x4)
 *crtbegin.o(.dtors)
 *(EXCLUDE_FILE(*crtend.o) .dtors)
 *(SORT(.dtors.*))
 *crtend.o(.dtors)
                0x0000582c                . = ALIGN (0x4)
                0x0000582c                __cy_regions = .
                0x0000582c        0x4 LONG 0x5840 __cy_region_init_ram
                0x00005830        0x4 LONG 0x200000c0 __cy_region_start_data
                0x00005834        0x4 LONG 0x88 __cy_region_init_size_ram
                0x00005838        0x4 LONG 0x78 __cy_region_zero_size_ram
                0x0000583c                __cy_regions_end = .
                0x00005840                . = ALIGN (0x8)
 *fill*         0x0000583c        0x4 
                0x00005840                _etext = .

.cy_checksum_exclude
                0x00005840        0x0
 *(.cy_checksum_exclude)

.ramvectors     0x20000000       0xc0
                0x20000000                __cy_region_start_ram = .
 *(.ramvectors)
 .ramvectors    0x20000000       0xc0 .\CortexM0\ARM_GCC_541\Debug\Cm0Start.o
                0x20000000                CyRamVectors

.noinit
 *(.noinit)

.data           0x200000c0       0x88 load address 0x00005840
                0x200000c0                __cy_region_start_data = .
 *(.jcr)
 .jcr           0x200000c0        0x0 c:/program files (x86)/cypress/psoc creator/4.2/psoc creator/import/gnu/arm/5.4.1/bin/../lib/gcc/arm-none-eabi/5.4.1/armv6-m/crtbegin.o
 .jcr           0x200000c0        0x4 c:/program files (x86)/cypress/psoc creator/4.2/psoc creator/import/gnu/arm/5.4.1/bin/../lib/gcc/arm-none-eabi/5.4.1/armv6-m/crtend.o
 *(.got.plt)
 *(.got)
 *(.shdata)
 *(.data .data.* .gnu.linkonce.d.*)
 .data          0x200000c4        0x4 .\CortexM0\ARM_GCC_541\Debug\Cm0Start.o
 .data          0x200000c8       0x14 .\CortexM0\ARM_GCC_541\Debug\BeatMeter.a(CyLib.o)
                0x200000c8                CySysClkPumpConfig
                0x200000cc                cydelay32kMs
                0x200000d0                cydelayFreqKhz
                0x200000d4                cydelayFreqMhz
                0x200000d8                cydelayFreqHz
 .data          0x200000dc        0x4 .\CortexM0\ARM_GCC_541\Debug\BeatMeter.a(CyLFClk.o)
 .data.impure_data
                0x200000e0       0x60 c:/program files (x86)/cypress/psoc creator/4.2/psoc creator/import/gnu/arm/5.4.1/bin/../lib/gcc/arm-none-eabi/5.4.1/../../../../arm-none-eabi/lib/armv6-m\libg_nano.a(lib_a-impure.o)
 .data._impure_ptr
                0x20000140        0x4 c:/program files (x86)/cypress/psoc creator/4.2/psoc creator/import/gnu/arm/5.4.1/bin/../lib/gcc/arm-none-eabi/5.4.1/../../../../arm-none-eabi/lib/armv6-m\libg_nano.a(lib_a-impure.o)
                0x20000140                _impure_ptr
                0x20000148                . = ALIGN (0x8)
 *fill*         0x20000144        0x4 
 *(.ram)
                0x20000148                _edata = .

.igot.plt       0x20000148        0x0 load address 0x000058c8
 .igot.plt      0x20000148        0x0 c:/program files (x86)/cypress/psoc creator/4.2/psoc creator/import/gnu/arm/5.4.1/bin/../lib/gcc/arm-none-eabi/5.4.1/armv6-m/crtbegin.o

.bss            0x20000148       0x78 load address 0x000058c8
                0x20000148                PROVIDE (__bss_start__, .)
 *(.shbss)
 *(.bss .bss.* .gnu.linkonce.b.*)
 .bss           0x20000148       0x1c c:/program files (x86)/cypress/psoc creator/4.2/psoc creator/import/gnu/arm/5.4.1/bin/../lib/gcc/arm-none-eabi/5.4.1/armv6-m/crtbegin.o
 .bss           0x20000164       0x10 .\CortexM0\ARM_GCC_541\Debug\main.o
                0x20000164                countDisplay
                0x20000168                count
                0x2000016c                countFollow
                0x20000170                angle
 .bss           0x20000174        0x1 .\CortexM0\ARM_GCC_541\Debug\BeatMeter.a(GLCD_SPIM_UDB.o)
                0x20000174                GLCD_SPIM_UDB_initVar
 *fill*         0x20000175        0x3 
 .bss           0x20000178       0x20 .\CortexM0\ARM_GCC_541\Debug\BeatMeter.a(CyLFClk.o)
 .bss           0x20000198        0x1 .\CortexM0\ARM_GCC_541\Debug\BeatMeter.a(Timer_1.o)
                0x20000198                Timer_1_initVar
 .bss           0x20000199        0x1 .\CortexM0\ARM_GCC_541\Debug\BeatMeter.a(PWM_1.o)
                0x20000199                PWM_1_initVar
 *fill*         0x2000019a        0x2 
 .bss.__malloc_sbrk_start
                0x2000019c        0x4 c:/program files (x86)/cypress/psoc creator/4.2/psoc creator/import/gnu/arm/5.4.1/bin/../lib/gcc/arm-none-eabi/5.4.1/../../../../arm-none-eabi/lib/armv6-m\libg_nano.a(lib_a-nano-mallocr.o)
                0x2000019c                __malloc_sbrk_start
 .bss.__malloc_free_list
                0x200001a0        0x4 c:/program files (x86)/cypress/psoc creator/4.2/psoc creator/import/gnu/arm/5.4.1/bin/../lib/gcc/arm-none-eabi/5.4.1/../../../../arm-none-eabi/lib/armv6-m\libg_nano.a(lib_a-nano-mallocr.o)
                0x200001a0                __malloc_free_list
 *(COMMON)
 COMMON         0x200001a4       0x14 .\CortexM0\ARM_GCC_541\Debug\main.o
                0x200001a4                mystring
 COMMON         0x200001b8        0x4 c:/program files (x86)/cypress/psoc creator/4.2/psoc creator/import/gnu/arm/5.4.1/bin/../lib/gcc/arm-none-eabi/5.4.1/../../../../arm-none-eabi/lib/armv6-m\libg_nano.a(lib_a-reent.o)
                0x200001b8                errno
                0x200001c0                . = ALIGN (0x8)
 *fill*         0x200001bc        0x4 
 *(.ram.b)
                0x200001c0                _end = .
                0x200001c0                __end = .
                0x200001c0                PROVIDE (end, .)
                0x200001c0                PROVIDE (__bss_end__, .)
                0x00005840                __cy_region_init_ram = LOADADDR (.data)
                0x00000088                __cy_region_init_size_ram = (_edata - ADDR (.data))
                0x00000078                __cy_region_zero_size_ram = (_end - _edata)

.heap           0x200001c0       0x80 load address 0x000058c8
                0x200001c0                . = _end
                0x20000240                . = (. + 0x80)
 *fill*         0x200001c0       0x80 
                0x20000240                __cy_heap_limit = .

.stack          0x20000c00      0x400
                0x20000c00                __cy_stack_limit = .
                0x20001000                . = (. + 0x400)
 *fill*         0x20000c00      0x400 
                0x00000001                ASSERT ((__cy_stack_limit >= __cy_heap_limit), region RAM overflowed with stack)
                0x00000000                cy_checksum_exclude_size = (CY_APPL_LOADABLE == 0x1)?SIZEOF (.cy_checksum_exclude):0x0
                0x00000001                ASSERT ((cy_checksum_exclude_size <= CY_CHECKSUM_EXCLUDE_SIZE), CY_BOOT: Section .cy_checksum_exclude size exceedes specified limit.)
                0x00007fc0                cyloadermeta_start = (cy_project_type_bootloader || cy_project_type_app_for_stack_and_copier)?(LENGTH (rom) - CY_METADATA_SIZE):0xf0000000

.cyloadermeta
 *(.cyloadermeta)
                0x00007fc0                cyloadablemeta_start = cy_project_type_app_for_stack_and_copier?((LENGTH (rom) - CY_FLASH_ROW_SIZE) - CY_METADATA_SIZE):((LENGTH (rom) - (CY_FLASH_ROW_SIZE * (CY_APPL_NUM - 0x1))) - CY_METADATA_SIZE)

.cyloadablemeta
 *(.cyloadablemeta)

.cyflashprotect
                0x90400000       0x20
 *(.cyflashprotect)
 .cyflashprotect
                0x90400000       0x20 .\CortexM0\ARM_GCC_541\Debug\cymetadata.o
                0x90400000                cy_meta_flashprotect

.cymeta         0x90500000        0xc
 *(.cymeta)
 .cymeta        0x90500000        0xc .\CortexM0\ARM_GCC_541\Debug\cymetadata.o
                0x90500000                cy_metadata

.cychipprotect  0x90600000        0x1
 *(.cychipprotect)
 .cychipprotect
                0x90600000        0x1 .\CortexM0\ARM_GCC_541\Debug\cymetadata.o
                0x90600000                cy_meta_chipprotect

.rel.dyn        0x000058c8        0x0 load address 0x90600004
 .rel.iplt      0x000058c8        0x0 c:/program files (x86)/cypress/psoc creator/4.2/psoc creator/import/gnu/arm/5.4.1/bin/../lib/gcc/arm-none-eabi/5.4.1/armv6-m/crtbegin.o

.stab
 *(.stab)

.stabstr
 *(.stabstr)

.debug
 *(.debug)

.line
 *(.line)

.debug_srcinfo
 *(.debug_srcinfo)

.debug_sfnames
 *(.debug_sfnames)

.debug_aranges  0x00000000      0xa28
 *(.debug_aranges)
 .debug_aranges
                0x00000000       0x28 .\CortexM0\ARM_GCC_541\Debug\main.o
 .debug_aranges
                0x00000028       0x40 .\CortexM0\ARM_GCC_541\Debug\cyfitter_cfg.o
 .debug_aranges
                0x00000068       0x18 .\CortexM0\ARM_GCC_541\Debug\cymetadata.o
 .debug_aranges
                0x00000080       0x48 .\CortexM0\ARM_GCC_541\Debug\Cm0Start.o
 .debug_aranges
                0x000000c8       0x90 .\CortexM0\ARM_GCC_541\Debug\BeatMeter.a(GLCD.o)
 .debug_aranges
                0x00000158       0x18 .\CortexM0\ARM_GCC_541\Debug\BeatMeter.a(GLCD_Font.o)
 .debug_aranges
                0x00000170       0x48 .\CortexM0\ARM_GCC_541\Debug\BeatMeter.a(Backlight.o)
 .debug_aranges
                0x000001b8       0x80 .\CortexM0\ARM_GCC_541\Debug\BeatMeter.a(A_Interrupt.o)
 .debug_aranges
                0x00000238       0x80 .\CortexM0\ARM_GCC_541\Debug\BeatMeter.a(B_Interrupt.o)
 .debug_aranges
                0x000002b8       0x40 .\CortexM0\ARM_GCC_541\Debug\BeatMeter.a(GLCD_Reset.o)
 .debug_aranges
                0x000002f8       0xd8 .\CortexM0\ARM_GCC_541\Debug\BeatMeter.a(GLCD_SPIM_UDB.o)
 .debug_aranges
                0x000003d0       0x40 .\CortexM0\ARM_GCC_541\Debug\BeatMeter.a(GLCD_SPIM_UDB_IntClock.o)
 .debug_aranges
                0x00000410      0x180 .\CortexM0\ARM_GCC_541\Debug\BeatMeter.a(CyLib.o)
 .debug_aranges
                0x00000590      0x138 .\CortexM0\ARM_GCC_541\Debug\BeatMeter.a(CyLFClk.o)
 .debug_aranges
                0x000006c8       0x48 .\CortexM0\ARM_GCC_541\Debug\BeatMeter.a(G_LED.o)
 .debug_aranges
                0x00000710       0x48 .\CortexM0\ARM_GCC_541\Debug\BeatMeter.a(B_LED.o)
 .debug_aranges
                0x00000758      0x158 .\CortexM0\ARM_GCC_541\Debug\BeatMeter.a(Timer_1.o)
 .debug_aranges
                0x000008b0      0x158 .\CortexM0\ARM_GCC_541\Debug\BeatMeter.a(PWM_1.o)
 .debug_aranges
                0x00000a08       0x20 .\CortexM0\ARM_GCC_541\Debug\BeatMeter.a(CyBootAsmGnu.o)

.debug_pubnames
 *(.debug_pubnames)

.debug_info     0x00000000     0x5b34
 *(.debug_info .gnu.linkonce.wi.*)
 .debug_info    0x00000000      0x56f .\CortexM0\ARM_GCC_541\Debug\main.o
 .debug_info    0x0000056f      0x508 .\CortexM0\ARM_GCC_541\Debug\cyfitter_cfg.o
 .debug_info    0x00000a77       0xf8 .\CortexM0\ARM_GCC_541\Debug\cymetadata.o
 .debug_info    0x00000b6f      0x3a2 .\CortexM0\ARM_GCC_541\Debug\Cm0Start.o
 .debug_info    0x00000f11      0xd87 .\CortexM0\ARM_GCC_541\Debug\BeatMeter.a(GLCD.o)
 .debug_info    0x00001c98       0xbd .\CortexM0\ARM_GCC_541\Debug\BeatMeter.a(GLCD_Font.o)
 .debug_info    0x00001d55      0x19b .\CortexM0\ARM_GCC_541\Debug\BeatMeter.a(Backlight.o)
 .debug_info    0x00001ef0      0x387 .\CortexM0\ARM_GCC_541\Debug\BeatMeter.a(A_Interrupt.o)
 .debug_info    0x00002277      0x386 .\CortexM0\ARM_GCC_541\Debug\BeatMeter.a(B_Interrupt.o)
 .debug_info    0x000025fd      0x152 .\CortexM0\ARM_GCC_541\Debug\BeatMeter.a(GLCD_Reset.o)
 .debug_info    0x0000274f      0x4d8 .\CortexM0\ARM_GCC_541\Debug\BeatMeter.a(GLCD_SPIM_UDB.o)
 .debug_info    0x00002c27      0x14e .\CortexM0\ARM_GCC_541\Debug\BeatMeter.a(GLCD_SPIM_UDB_IntClock.o)
 .debug_info    0x00002d75      0xaec .\CortexM0\ARM_GCC_541\Debug\BeatMeter.a(CyLib.o)
 .debug_info    0x00003861      0xcfe .\CortexM0\ARM_GCC_541\Debug\BeatMeter.a(CyLFClk.o)
 .debug_info    0x0000455f      0x19d .\CortexM0\ARM_GCC_541\Debug\BeatMeter.a(G_LED.o)
 .debug_info    0x000046fc      0x19d .\CortexM0\ARM_GCC_541\Debug\BeatMeter.a(B_LED.o)
 .debug_info    0x00004899      0x8f6 .\CortexM0\ARM_GCC_541\Debug\BeatMeter.a(Timer_1.o)
 .debug_info    0x0000518f      0x90a .\CortexM0\ARM_GCC_541\Debug\BeatMeter.a(PWM_1.o)
 .debug_info    0x00005a99       0x9b .\CortexM0\ARM_GCC_541\Debug\BeatMeter.a(CyBootAsmGnu.o)

.debug_abbrev   0x00000000     0x15b0
 *(.debug_abbrev)
 .debug_abbrev  0x00000000      0x11a .\CortexM0\ARM_GCC_541\Debug\main.o
 .debug_abbrev  0x0000011a      0x1cb .\CortexM0\ARM_GCC_541\Debug\cyfitter_cfg.o
 .debug_abbrev  0x000002e5       0x5d .\CortexM0\ARM_GCC_541\Debug\cymetadata.o
 .debug_abbrev  0x00000342      0x1d7 .\CortexM0\ARM_GCC_541\Debug\Cm0Start.o
 .debug_abbrev  0x00000519      0x199 .\CortexM0\ARM_GCC_541\Debug\BeatMeter.a(GLCD.o)
 .debug_abbrev  0x000006b2       0x5d .\CortexM0\ARM_GCC_541\Debug\BeatMeter.a(GLCD_Font.o)
 .debug_abbrev  0x0000070f       0xc8 .\CortexM0\ARM_GCC_541\Debug\BeatMeter.a(Backlight.o)
 .debug_abbrev  0x000007d7      0x1b6 .\CortexM0\ARM_GCC_541\Debug\BeatMeter.a(A_Interrupt.o)
 .debug_abbrev  0x0000098d      0x1b6 .\CortexM0\ARM_GCC_541\Debug\BeatMeter.a(B_Interrupt.o)
 .debug_abbrev  0x00000b43       0xaa .\CortexM0\ARM_GCC_541\Debug\BeatMeter.a(GLCD_Reset.o)
 .debug_abbrev  0x00000bed      0x146 .\CortexM0\ARM_GCC_541\Debug\BeatMeter.a(GLCD_SPIM_UDB.o)
 .debug_abbrev  0x00000d33       0xb7 .\CortexM0\ARM_GCC_541\Debug\BeatMeter.a(GLCD_SPIM_UDB_IntClock.o)
 .debug_abbrev  0x00000dea      0x1e0 .\CortexM0\ARM_GCC_541\Debug\BeatMeter.a(CyLib.o)
 .debug_abbrev  0x00000fca      0x210 .\CortexM0\ARM_GCC_541\Debug\BeatMeter.a(CyLFClk.o)
 .debug_abbrev  0x000011da       0xc8 .\CortexM0\ARM_GCC_541\Debug\BeatMeter.a(G_LED.o)
 .debug_abbrev  0x000012a2       0xc8 .\CortexM0\ARM_GCC_541\Debug\BeatMeter.a(B_LED.o)
 .debug_abbrev  0x0000136a      0x119 .\CortexM0\ARM_GCC_541\Debug\BeatMeter.a(Timer_1.o)
 .debug_abbrev  0x00001483      0x119 .\CortexM0\ARM_GCC_541\Debug\BeatMeter.a(PWM_1.o)
 .debug_abbrev  0x0000159c       0x14 .\CortexM0\ARM_GCC_541\Debug\BeatMeter.a(CyBootAsmGnu.o)

.debug_line     0x00000000     0x229c
 *(.debug_line)
 .debug_line    0x00000000      0x174 .\CortexM0\ARM_GCC_541\Debug\main.o
 .debug_line    0x00000174      0x19c .\CortexM0\ARM_GCC_541\Debug\cyfitter_cfg.o
 .debug_line    0x00000310      0x141 .\CortexM0\ARM_GCC_541\Debug\cymetadata.o
 .debug_line    0x00000451      0x235 .\CortexM0\ARM_GCC_541\Debug\Cm0Start.o
 .debug_line    0x00000686      0x29b .\CortexM0\ARM_GCC_541\Debug\BeatMeter.a(GLCD.o)
 .debug_line    0x00000921       0x50 .\CortexM0\ARM_GCC_541\Debug\BeatMeter.a(GLCD_Font.o)
 .debug_line    0x00000971       0xc0 .\CortexM0\ARM_GCC_541\Debug\BeatMeter.a(Backlight.o)
 .debug_line    0x00000a31      0x173 .\CortexM0\ARM_GCC_541\Debug\BeatMeter.a(A_Interrupt.o)
 .debug_line    0x00000ba4      0x17c .\CortexM0\ARM_GCC_541\Debug\BeatMeter.a(B_Interrupt.o)
 .debug_line    0x00000d20       0xae .\CortexM0\ARM_GCC_541\Debug\BeatMeter.a(GLCD_Reset.o)
 .debug_line    0x00000dce      0x270 .\CortexM0\ARM_GCC_541\Debug\BeatMeter.a(GLCD_SPIM_UDB.o)
 .debug_line    0x0000103e       0xbc .\CortexM0\ARM_GCC_541\Debug\BeatMeter.a(GLCD_SPIM_UDB_IntClock.o)
 .debug_line    0x000010fa      0x460 .\CortexM0\ARM_GCC_541\Debug\BeatMeter.a(CyLib.o)
 .debug_line    0x0000155a      0x466 .\CortexM0\ARM_GCC_541\Debug\BeatMeter.a(CyLFClk.o)
 .debug_line    0x000019c0       0xbd .\CortexM0\ARM_GCC_541\Debug\BeatMeter.a(G_LED.o)
 .debug_line    0x00001a7d       0xbd .\CortexM0\ARM_GCC_541\Debug\BeatMeter.a(B_LED.o)
 .debug_line    0x00001b3a      0x37b .\CortexM0\ARM_GCC_541\Debug\BeatMeter.a(Timer_1.o)
 .debug_line    0x00001eb5      0x37e .\CortexM0\ARM_GCC_541\Debug\BeatMeter.a(PWM_1.o)
 .debug_line    0x00002233       0x69 .\CortexM0\ARM_GCC_541\Debug\BeatMeter.a(CyBootAsmGnu.o)

.debug_frame    0x00000000     0x2058
 *(.debug_frame)
 .debug_frame   0x00000000       0x58 .\CortexM0\ARM_GCC_541\Debug\main.o
 .debug_frame   0x00000058       0xac .\CortexM0\ARM_GCC_541\Debug\cyfitter_cfg.o
 .debug_frame   0x00000104       0xbc .\CortexM0\ARM_GCC_541\Debug\Cm0Start.o
 .debug_frame   0x000001c0      0x218 .\CortexM0\ARM_GCC_541\Debug\BeatMeter.a(GLCD.o)
 .debug_frame   0x000003d8       0x70 .\CortexM0\ARM_GCC_541\Debug\BeatMeter.a(Backlight.o)
 .debug_frame   0x00000448      0x11c .\CortexM0\ARM_GCC_541\Debug\BeatMeter.a(A_Interrupt.o)
 .debug_frame   0x00000564      0x11c .\CortexM0\ARM_GCC_541\Debug\BeatMeter.a(B_Interrupt.o)
 .debug_frame   0x00000680       0x60 .\CortexM0\ARM_GCC_541\Debug\BeatMeter.a(GLCD_Reset.o)
 .debug_frame   0x000006e0      0x1e8 .\CortexM0\ARM_GCC_541\Debug\BeatMeter.a(GLCD_SPIM_UDB.o)
 .debug_frame   0x000008c8       0x60 .\CortexM0\ARM_GCC_541\Debug\BeatMeter.a(GLCD_SPIM_UDB_IntClock.o)
 .debug_frame   0x00000928      0x3e0 .\CortexM0\ARM_GCC_541\Debug\BeatMeter.a(CyLib.o)
 .debug_frame   0x00000d08      0x3a8 .\CortexM0\ARM_GCC_541\Debug\BeatMeter.a(CyLFClk.o)
 .debug_frame   0x000010b0       0x70 .\CortexM0\ARM_GCC_541\Debug\BeatMeter.a(G_LED.o)
 .debug_frame   0x00001120       0x70 .\CortexM0\ARM_GCC_541\Debug\BeatMeter.a(B_LED.o)
 .debug_frame   0x00001190      0x3a0 .\CortexM0\ARM_GCC_541\Debug\BeatMeter.a(Timer_1.o)
 .debug_frame   0x00001530      0x3a0 .\CortexM0\ARM_GCC_541\Debug\BeatMeter.a(PWM_1.o)
 .debug_frame   0x000018d0       0x2c c:/program files (x86)/cypress/psoc creator/4.2/psoc creator/import/gnu/arm/5.4.1/bin/../lib/gcc/arm-none-eabi/5.4.1/../../../../arm-none-eabi/lib/armv6-m\libm.a(lib_a-s_cos.o)
 .debug_frame   0x000018fc       0x2c c:/program files (x86)/cypress/psoc creator/4.2/psoc creator/import/gnu/arm/5.4.1/bin/../lib/gcc/arm-none-eabi/5.4.1/../../../../arm-none-eabi/lib/armv6-m\libm.a(lib_a-s_sin.o)
 .debug_frame   0x00001928       0x3c c:/program files (x86)/cypress/psoc creator/4.2/psoc creator/import/gnu/arm/5.4.1/bin/../lib/gcc/arm-none-eabi/5.4.1/../../../../arm-none-eabi/lib/armv6-m\libm.a(lib_a-e_rem_pio2.o)
 .debug_frame   0x00001964       0x38 c:/program files (x86)/cypress/psoc creator/4.2/psoc creator/import/gnu/arm/5.4.1/bin/../lib/gcc/arm-none-eabi/5.4.1/../../../../arm-none-eabi/lib/armv6-m\libm.a(lib_a-k_cos.o)
 .debug_frame   0x0000199c       0x3c c:/program files (x86)/cypress/psoc creator/4.2/psoc creator/import/gnu/arm/5.4.1/bin/../lib/gcc/arm-none-eabi/5.4.1/../../../../arm-none-eabi/lib/armv6-m\libm.a(lib_a-k_rem_pio2.o)
 .debug_frame   0x000019d8       0x38 c:/program files (x86)/cypress/psoc creator/4.2/psoc creator/import/gnu/arm/5.4.1/bin/../lib/gcc/arm-none-eabi/5.4.1/../../../../arm-none-eabi/lib/armv6-m\libm.a(lib_a-k_sin.o)
 .debug_frame   0x00001a10       0x20 c:/program files (x86)/cypress/psoc creator/4.2/psoc creator/import/gnu/arm/5.4.1/bin/../lib/gcc/arm-none-eabi/5.4.1/../../../../arm-none-eabi/lib/armv6-m\libm.a(lib_a-s_fabs.o)
 .debug_frame   0x00001a30       0x3c c:/program files (x86)/cypress/psoc creator/4.2/psoc creator/import/gnu/arm/5.4.1/bin/../lib/gcc/arm-none-eabi/5.4.1/../../../../arm-none-eabi/lib/armv6-m\libm.a(lib_a-s_floor.o)
 .debug_frame   0x00001a6c       0x2c c:/program files (x86)/cypress/psoc creator/4.2/psoc creator/import/gnu/arm/5.4.1/bin/../lib/gcc/arm-none-eabi/5.4.1/../../../../arm-none-eabi/lib/armv6-m\libm.a(lib_a-s_scalbn.o)
 .debug_frame   0x00001a98       0x2c c:/program files (x86)/cypress/psoc creator/4.2/psoc creator/import/gnu/arm/5.4.1/bin/../lib/gcc/arm-none-eabi/5.4.1/../../../../arm-none-eabi/lib/armv6-m\libm.a(lib_a-s_copysign.o)
 .debug_frame   0x00001ac4       0x20 c:/program files (x86)/cypress/psoc creator/4.2/psoc creator/import/gnu/arm/5.4.1/bin/../lib/gcc/arm-none-eabi/5.4.1/armv6-m\libgcc.a(_udivsi3.o)
 .debug_frame   0x00001ae4       0x20 c:/program files (x86)/cypress/psoc creator/4.2/psoc creator/import/gnu/arm/5.4.1/bin/../lib/gcc/arm-none-eabi/5.4.1/armv6-m\libgcc.a(_divsi3.o)
 .debug_frame   0x00001b04       0x3c c:/program files (x86)/cypress/psoc creator/4.2/psoc creator/import/gnu/arm/5.4.1/bin/../lib/gcc/arm-none-eabi/5.4.1/armv6-m\libgcc.a(adddf3.o)
 .debug_frame   0x00001b40       0x3c c:/program files (x86)/cypress/psoc creator/4.2/psoc creator/import/gnu/arm/5.4.1/bin/../lib/gcc/arm-none-eabi/5.4.1/armv6-m\libgcc.a(divdf3.o)
 .debug_frame   0x00001b7c       0x38 c:/program files (x86)/cypress/psoc creator/4.2/psoc creator/import/gnu/arm/5.4.1/bin/../lib/gcc/arm-none-eabi/5.4.1/armv6-m\libgcc.a(eqdf2.o)
 .debug_frame   0x00001bb4       0x38 c:/program files (x86)/cypress/psoc creator/4.2/psoc creator/import/gnu/arm/5.4.1/bin/../lib/gcc/arm-none-eabi/5.4.1/armv6-m\libgcc.a(gedf2.o)
 .debug_frame   0x00001bec       0x38 c:/program files (x86)/cypress/psoc creator/4.2/psoc creator/import/gnu/arm/5.4.1/bin/../lib/gcc/arm-none-eabi/5.4.1/armv6-m\libgcc.a(ledf2.o)
 .debug_frame   0x00001c24       0x3c c:/program files (x86)/cypress/psoc creator/4.2/psoc creator/import/gnu/arm/5.4.1/bin/../lib/gcc/arm-none-eabi/5.4.1/armv6-m\libgcc.a(muldf3.o)
 .debug_frame   0x00001c60       0x38 c:/program files (x86)/cypress/psoc creator/4.2/psoc creator/import/gnu/arm/5.4.1/bin/../lib/gcc/arm-none-eabi/5.4.1/armv6-m\libgcc.a(subdf3.o)
 .debug_frame   0x00001c98       0x2c c:/program files (x86)/cypress/psoc creator/4.2/psoc creator/import/gnu/arm/5.4.1/bin/../lib/gcc/arm-none-eabi/5.4.1/armv6-m\libgcc.a(fixdfsi.o)
 .debug_frame   0x00001cc4       0x2c c:/program files (x86)/cypress/psoc creator/4.2/psoc creator/import/gnu/arm/5.4.1/bin/../lib/gcc/arm-none-eabi/5.4.1/armv6-m\libgcc.a(floatsidf.o)
 .debug_frame   0x00001cf0       0x20 c:/program files (x86)/cypress/psoc creator/4.2/psoc creator/import/gnu/arm/5.4.1/bin/../lib/gcc/arm-none-eabi/5.4.1/../../../../arm-none-eabi/lib/armv6-m\libg_nano.a(lib_a-errno.o)
 .debug_frame   0x00001d10       0x28 c:/program files (x86)/cypress/psoc creator/4.2/psoc creator/import/gnu/arm/5.4.1/bin/../lib/gcc/arm-none-eabi/5.4.1/../../../../arm-none-eabi/lib/armv6-m\libg_nano.a(lib_a-exit.o)
 .debug_frame   0x00001d38       0x2c c:/program files (x86)/cypress/psoc creator/4.2/psoc creator/import/gnu/arm/5.4.1/bin/../lib/gcc/arm-none-eabi/5.4.1/../../../../arm-none-eabi/lib/armv6-m\libg_nano.a(lib_a-init.o)
 .debug_frame   0x00001d64       0x28 c:/program files (x86)/cypress/psoc creator/4.2/psoc creator/import/gnu/arm/5.4.1/bin/../lib/gcc/arm-none-eabi/5.4.1/../../../../arm-none-eabi/lib/armv6-m\libg_nano.a(lib_a-memcpy-stub.o)
 .debug_frame   0x00001d8c       0x20 c:/program files (x86)/cypress/psoc creator/4.2/psoc creator/import/gnu/arm/5.4.1/bin/../lib/gcc/arm-none-eabi/5.4.1/../../../../arm-none-eabi/lib/armv6-m\libg_nano.a(lib_a-memset.o)
 .debug_frame   0x00001dac       0x50 c:/program files (x86)/cypress/psoc creator/4.2/psoc creator/import/gnu/arm/5.4.1/bin/../lib/gcc/arm-none-eabi/5.4.1/../../../../arm-none-eabi/lib/armv6-m\libg_nano.a(lib_a-sprintf.o)
 .debug_frame   0x00001dfc       0x74 c:/program files (x86)/cypress/psoc creator/4.2/psoc creator/import/gnu/arm/5.4.1/bin/../lib/gcc/arm-none-eabi/5.4.1/../../../../arm-none-eabi/lib/armv6-m\libg_nano.a(lib_a-nano-svfprintf.o)
 .debug_frame   0x00001e70       0x54 c:/program files (x86)/cypress/psoc creator/4.2/psoc creator/import/gnu/arm/5.4.1/bin/../lib/gcc/arm-none-eabi/5.4.1/../../../../arm-none-eabi/lib/armv6-m\libg_nano.a(lib_a-nano-vfprintf_i.o)
 .debug_frame   0x00001ec4       0x20 c:/program files (x86)/cypress/psoc creator/4.2/psoc creator/import/gnu/arm/5.4.1/bin/../lib/gcc/arm-none-eabi/5.4.1/../../../../arm-none-eabi/lib/armv6-m\libg_nano.a(lib_a-memchr-stub.o)
 .debug_frame   0x00001ee4       0x28 c:/program files (x86)/cypress/psoc creator/4.2/psoc creator/import/gnu/arm/5.4.1/bin/../lib/gcc/arm-none-eabi/5.4.1/../../../../arm-none-eabi/lib/armv6-m\libg_nano.a(lib_a-memmove.o)
 .debug_frame   0x00001f0c       0x2c c:/program files (x86)/cypress/psoc creator/4.2/psoc creator/import/gnu/arm/5.4.1/bin/../lib/gcc/arm-none-eabi/5.4.1/../../../../arm-none-eabi/lib/armv6-m\libg_nano.a(lib_a-nano-freer.o)
 .debug_frame   0x00001f38       0x2c c:/program files (x86)/cypress/psoc creator/4.2/psoc creator/import/gnu/arm/5.4.1/bin/../lib/gcc/arm-none-eabi/5.4.1/../../../../arm-none-eabi/lib/armv6-m\libg_nano.a(lib_a-nano-mallocr.o)
 .debug_frame   0x00001f64       0x30 c:/program files (x86)/cypress/psoc creator/4.2/psoc creator/import/gnu/arm/5.4.1/bin/../lib/gcc/arm-none-eabi/5.4.1/../../../../arm-none-eabi/lib/armv6-m\libg_nano.a(lib_a-nano-reallocr.o)
 .debug_frame   0x00001f94       0x2c c:/program files (x86)/cypress/psoc creator/4.2/psoc creator/import/gnu/arm/5.4.1/bin/../lib/gcc/arm-none-eabi/5.4.1/../../../../arm-none-eabi/lib/armv6-m\libg_nano.a(lib_a-sbrkr.o)
 .debug_frame   0x00001fc0       0x30 c:/program files (x86)/cypress/psoc creator/4.2/psoc creator/import/gnu/arm/5.4.1/bin/../lib/gcc/arm-none-eabi/5.4.1/../../../../arm-none-eabi/lib/armv6-m\libg_nano.a(lib_a-mlock.o)
 .debug_frame   0x00001ff0       0x20 c:/program files (x86)/cypress/psoc creator/4.2/psoc creator/import/gnu/arm/5.4.1/bin/../lib/gcc/arm-none-eabi/5.4.1/../../../../arm-none-eabi/lib/armv6-m\libg_nano.a(lib_a-nano-msizer.o)
 .debug_frame   0x00002010       0x48 c:/program files (x86)/cypress/psoc creator/4.2/psoc creator/import/gnu/arm/5.4.1/bin/../lib/gcc/arm-none-eabi/5.4.1/../../../../arm-none-eabi/lib/armv6-m\libg_nano.a(lib_a-reent.o)

.debug_str      0x00000000     0x2136
 *(.debug_str)
 .debug_str     0x00000000      0x2b5 .\CortexM0\ARM_GCC_541\Debug\main.o
                                0x2f5 (size before relaxing)
 .debug_str     0x000002b5      0x17d .\CortexM0\ARM_GCC_541\Debug\cyfitter_cfg.o
                                0x339 (size before relaxing)
 .debug_str     0x00000432       0x63 .\CortexM0\ARM_GCC_541\Debug\cymetadata.o
                                0x1d3 (size before relaxing)
 .debug_str     0x00000495      0x13a .\CortexM0\ARM_GCC_541\Debug\Cm0Start.o
                                0x30c (size before relaxing)
 .debug_str     0x000005cf      0x1db .\CortexM0\ARM_GCC_541\Debug\BeatMeter.a(GLCD.o)
                                0x3ce (size before relaxing)
 .debug_str     0x000007aa       0x23 .\CortexM0\ARM_GCC_541\Debug\BeatMeter.a(GLCD_Font.o)
                                0x1b1 (size before relaxing)
 .debug_str     0x000007cd       0xbc .\CortexM0\ARM_GCC_541\Debug\BeatMeter.a(Backlight.o)
                                0x25d (size before relaxing)
 .debug_str     0x00000889      0x18e .\CortexM0\ARM_GCC_541\Debug\BeatMeter.a(A_Interrupt.o)
                                0x388 (size before relaxing)
 .debug_str     0x00000a17      0x124 .\CortexM0\ARM_GCC_541\Debug\BeatMeter.a(B_Interrupt.o)
                                0x381 (size before relaxing)
 .debug_str     0x00000b3b       0x7d .\CortexM0\ARM_GCC_541\Debug\BeatMeter.a(GLCD_Reset.o)
                                0x230 (size before relaxing)
 .debug_str     0x00000bb8      0x31f .\CortexM0\ARM_GCC_541\Debug\BeatMeter.a(GLCD_SPIM_UDB.o)
                                0x532 (size before relaxing)
 .debug_str     0x00000ed7       0xea .\CortexM0\ARM_GCC_541\Debug\BeatMeter.a(GLCD_SPIM_UDB_IntClock.o)
                                0x2ae (size before relaxing)
 .debug_str     0x00000fc1      0x473 .\CortexM0\ARM_GCC_541\Debug\BeatMeter.a(CyLib.o)
                                0x6c1 (size before relaxing)
 .debug_str     0x00001434      0x52b .\CortexM0\ARM_GCC_541\Debug\BeatMeter.a(CyLFClk.o)
                                0x748 (size before relaxing)
 .debug_str     0x0000195f       0x7b .\CortexM0\ARM_GCC_541\Debug\BeatMeter.a(G_LED.o)
                                0x241 (size before relaxing)
 .debug_str     0x000019da       0x7b .\CortexM0\ARM_GCC_541\Debug\BeatMeter.a(B_LED.o)
                                0x241 (size before relaxing)
 .debug_str     0x00001a55      0x3db .\CortexM0\ARM_GCC_541\Debug\BeatMeter.a(Timer_1.o)
                                0x610 (size before relaxing)
 .debug_str     0x00001e30      0x306 .\CortexM0\ARM_GCC_541\Debug\BeatMeter.a(PWM_1.o)
                                0x5bc (size before relaxing)

.debug_loc      0x00000000     0x2ab5
 *(.debug_loc)
 .debug_loc     0x00000000       0x8b .\CortexM0\ARM_GCC_541\Debug\main.o
 .debug_loc     0x0000008b      0x1fe .\CortexM0\ARM_GCC_541\Debug\cyfitter_cfg.o
 .debug_loc     0x00000289      0x14f .\CortexM0\ARM_GCC_541\Debug\Cm0Start.o
 .debug_loc     0x000003d8      0x892 .\CortexM0\ARM_GCC_541\Debug\BeatMeter.a(GLCD.o)
 .debug_loc     0x00000c6a       0x81 .\CortexM0\ARM_GCC_541\Debug\BeatMeter.a(Backlight.o)
 .debug_loc     0x00000ceb       0x82 .\CortexM0\ARM_GCC_541\Debug\BeatMeter.a(A_Interrupt.o)
 .debug_loc     0x00000d6d       0x82 .\CortexM0\ARM_GCC_541\Debug\BeatMeter.a(B_Interrupt.o)
 .debug_loc     0x00000def       0x81 .\CortexM0\ARM_GCC_541\Debug\BeatMeter.a(GLCD_Reset.o)
 .debug_loc     0x00000e70      0x112 .\CortexM0\ARM_GCC_541\Debug\BeatMeter.a(GLCD_SPIM_UDB.o)
 .debug_loc     0x00000f82       0x13 .\CortexM0\ARM_GCC_541\Debug\BeatMeter.a(GLCD_SPIM_UDB_IntClock.o)
 .debug_loc     0x00000f95      0x599 .\CortexM0\ARM_GCC_541\Debug\BeatMeter.a(CyLib.o)
 .debug_loc     0x0000152e      0x9b5 .\CortexM0\ARM_GCC_541\Debug\BeatMeter.a(CyLFClk.o)
 .debug_loc     0x00001ee3       0xa2 .\CortexM0\ARM_GCC_541\Debug\BeatMeter.a(G_LED.o)
 .debug_loc     0x00001f85       0xa2 .\CortexM0\ARM_GCC_541\Debug\BeatMeter.a(B_LED.o)
 .debug_loc     0x00002027      0x547 .\CortexM0\ARM_GCC_541\Debug\BeatMeter.a(Timer_1.o)
 .debug_loc     0x0000256e      0x547 .\CortexM0\ARM_GCC_541\Debug\BeatMeter.a(PWM_1.o)

.debug_macinfo
 *(.debug_macinfo)

.debug_ranges   0x00000000      0x8d8
 *(.debug_ranges)
 .debug_ranges  0x00000000       0x18 .\CortexM0\ARM_GCC_541\Debug\main.o
 .debug_ranges  0x00000018       0x30 .\CortexM0\ARM_GCC_541\Debug\cyfitter_cfg.o
 .debug_ranges  0x00000048       0x38 .\CortexM0\ARM_GCC_541\Debug\Cm0Start.o
 .debug_ranges  0x00000080       0x80 .\CortexM0\ARM_GCC_541\Debug\BeatMeter.a(GLCD.o)
 .debug_ranges  0x00000100       0x38 .\CortexM0\ARM_GCC_541\Debug\BeatMeter.a(Backlight.o)
 .debug_ranges  0x00000138       0x70 .\CortexM0\ARM_GCC_541\Debug\BeatMeter.a(A_Interrupt.o)
 .debug_ranges  0x000001a8       0x70 .\CortexM0\ARM_GCC_541\Debug\BeatMeter.a(B_Interrupt.o)
 .debug_ranges  0x00000218       0x30 .\CortexM0\ARM_GCC_541\Debug\BeatMeter.a(GLCD_Reset.o)
 .debug_ranges  0x00000248       0xc8 .\CortexM0\ARM_GCC_541\Debug\BeatMeter.a(GLCD_SPIM_UDB.o)
 .debug_ranges  0x00000310       0x30 .\CortexM0\ARM_GCC_541\Debug\BeatMeter.a(GLCD_SPIM_UDB_IntClock.o)
 .debug_ranges  0x00000340      0x170 .\CortexM0\ARM_GCC_541\Debug\BeatMeter.a(CyLib.o)
 .debug_ranges  0x000004b0      0x128 .\CortexM0\ARM_GCC_541\Debug\BeatMeter.a(CyLFClk.o)
 .debug_ranges  0x000005d8       0x38 .\CortexM0\ARM_GCC_541\Debug\BeatMeter.a(G_LED.o)
 .debug_ranges  0x00000610       0x38 .\CortexM0\ARM_GCC_541\Debug\BeatMeter.a(B_LED.o)
 .debug_ranges  0x00000648      0x148 .\CortexM0\ARM_GCC_541\Debug\BeatMeter.a(Timer_1.o)
 .debug_ranges  0x00000790      0x148 .\CortexM0\ARM_GCC_541\Debug\BeatMeter.a(PWM_1.o)

.comment        0x00000000       0x6e
 .comment       0x00000000       0x6e .\CortexM0\ARM_GCC_541\Debug\main.o
                                 0x6f (size before relaxing)
 .comment       0x0000006e       0x6f .\CortexM0\ARM_GCC_541\Debug\cyfitter_cfg.o
 .comment       0x0000006e       0x6f .\CortexM0\ARM_GCC_541\Debug\cymetadata.o
 .comment       0x0000006e       0x6f .\CortexM0\ARM_GCC_541\Debug\Cm0Start.o
 .comment       0x0000006e       0x6f .\CortexM0\ARM_GCC_541\Debug\BeatMeter.a(GLCD.o)
 .comment       0x0000006e       0x6f .\CortexM0\ARM_GCC_541\Debug\BeatMeter.a(GLCD_Font.o)
 .comment       0x0000006e       0x6f .\CortexM0\ARM_GCC_541\Debug\BeatMeter.a(Backlight.o)
 .comment       0x0000006e       0x6f .\CortexM0\ARM_GCC_541\Debug\BeatMeter.a(A_Interrupt.o)
 .comment       0x0000006e       0x6f .\CortexM0\ARM_GCC_541\Debug\BeatMeter.a(B_Interrupt.o)
 .comment       0x0000006e       0x6f .\CortexM0\ARM_GCC_541\Debug\BeatMeter.a(GLCD_Reset.o)
 .comment       0x0000006e       0x6f .\CortexM0\ARM_GCC_541\Debug\BeatMeter.a(GLCD_SPIM_UDB.o)
 .comment       0x0000006e       0x6f .\CortexM0\ARM_GCC_541\Debug\BeatMeter.a(GLCD_SPIM_UDB_IntClock.o)
 .comment       0x0000006e       0x6f .\CortexM0\ARM_GCC_541\Debug\BeatMeter.a(CyLib.o)
 .comment       0x0000006e       0x6f .\CortexM0\ARM_GCC_541\Debug\BeatMeter.a(CyLFClk.o)
 .comment       0x0000006e       0x6f .\CortexM0\ARM_GCC_541\Debug\BeatMeter.a(G_LED.o)
 .comment       0x0000006e       0x6f .\CortexM0\ARM_GCC_541\Debug\BeatMeter.a(B_LED.o)
 .comment       0x0000006e       0x6f .\CortexM0\ARM_GCC_541\Debug\BeatMeter.a(Timer_1.o)
 .comment       0x0000006e       0x6f .\CortexM0\ARM_GCC_541\Debug\BeatMeter.a(PWM_1.o)

.debug_weaknames
 *(.debug_weaknames)

.debug_funcnames
 *(.debug_funcnames)

.debug_typenames
 *(.debug_typenames)

.debug_varnames
 *(.debug_varnames)

.note.gnu.arm.ident
 *(.note.gnu.arm.ident)

.ARM.attributes
                0x00000000       0x28
 *(.ARM.attributes)
 .ARM.attributes
                0x00000000       0x1e c:/program files (x86)/cypress/psoc creator/4.2/psoc creator/import/gnu/arm/5.4.1/bin/../lib/gcc/arm-none-eabi/5.4.1/armv6-m/crti.o
 .ARM.attributes
                0x0000001e       0x2c c:/program files (x86)/cypress/psoc creator/4.2/psoc creator/import/gnu/arm/5.4.1/bin/../lib/gcc/arm-none-eabi/5.4.1/armv6-m/crtbegin.o
 .ARM.attributes
                0x0000004a       0x1b c:/program files (x86)/cypress/psoc creator/4.2/psoc creator/import/gnu/arm/5.4.1/bin/../lib/gcc/arm-none-eabi/5.4.1/../../../../arm-none-eabi/lib/armv6-m/crt0.o
 .ARM.attributes
                0x00000065       0x31 .\CortexM0\ARM_GCC_541\Debug\main.o
 .ARM.attributes
                0x00000096       0x31 .\CortexM0\ARM_GCC_541\Debug\cyfitter_cfg.o
 .ARM.attributes
                0x000000c7       0x31 .\CortexM0\ARM_GCC_541\Debug\cymetadata.o
 .ARM.attributes
                0x000000f8       0x31 .\CortexM0\ARM_GCC_541\Debug\Cm0Start.o
 .ARM.attributes
                0x00000129       0x31 .\CortexM0\ARM_GCC_541\Debug\BeatMeter.a(GLCD.o)
 .ARM.attributes
                0x0000015a       0x31 .\CortexM0\ARM_GCC_541\Debug\BeatMeter.a(GLCD_Font.o)
 .ARM.attributes
                0x0000018b       0x31 .\CortexM0\ARM_GCC_541\Debug\BeatMeter.a(Backlight.o)
 .ARM.attributes
                0x000001bc       0x31 .\CortexM0\ARM_GCC_541\Debug\BeatMeter.a(A_Interrupt.o)
 .ARM.attributes
                0x000001ed       0x31 .\CortexM0\ARM_GCC_541\Debug\BeatMeter.a(B_Interrupt.o)
 .ARM.attributes
                0x0000021e       0x31 .\CortexM0\ARM_GCC_541\Debug\BeatMeter.a(GLCD_Reset.o)
 .ARM.attributes
                0x0000024f       0x31 .\CortexM0\ARM_GCC_541\Debug\BeatMeter.a(GLCD_SPIM_UDB.o)
 .ARM.attributes
                0x00000280       0x31 .\CortexM0\ARM_GCC_541\Debug\BeatMeter.a(GLCD_SPIM_UDB_IntClock.o)
 .ARM.attributes
                0x000002b1       0x31 .\CortexM0\ARM_GCC_541\Debug\BeatMeter.a(CyLib.o)
 .ARM.attributes
                0x000002e2       0x31 .\CortexM0\ARM_GCC_541\Debug\BeatMeter.a(CyLFClk.o)
 .ARM.attributes
                0x00000313       0x31 .\CortexM0\ARM_GCC_541\Debug\BeatMeter.a(G_LED.o)
 .ARM.attributes
                0x00000344       0x31 .\CortexM0\ARM_GCC_541\Debug\BeatMeter.a(B_LED.o)
 .ARM.attributes
                0x00000375       0x31 .\CortexM0\ARM_GCC_541\Debug\BeatMeter.a(Timer_1.o)
 .ARM.attributes
                0x000003a6       0x31 .\CortexM0\ARM_GCC_541\Debug\BeatMeter.a(PWM_1.o)
 .ARM.attributes
                0x000003d7       0x21 .\CortexM0\ARM_GCC_541\Debug\BeatMeter.a(CyBootAsmGnu.o)
 .ARM.attributes
                0x000003f8       0x2c c:/program files (x86)/cypress/psoc creator/4.2/psoc creator/import/gnu/arm/5.4.1/bin/../lib/gcc/arm-none-eabi/5.4.1/../../../../arm-none-eabi/lib/armv6-m\libm.a(lib_a-s_cos.o)
 .ARM.attributes
                0x00000424       0x2c c:/program files (x86)/cypress/psoc creator/4.2/psoc creator/import/gnu/arm/5.4.1/bin/../lib/gcc/arm-none-eabi/5.4.1/../../../../arm-none-eabi/lib/armv6-m\libm.a(lib_a-s_sin.o)
 .ARM.attributes
                0x00000450       0x2c c:/program files (x86)/cypress/psoc creator/4.2/psoc creator/import/gnu/arm/5.4.1/bin/../lib/gcc/arm-none-eabi/5.4.1/../../../../arm-none-eabi/lib/armv6-m\libm.a(lib_a-e_rem_pio2.o)
 .ARM.attributes
                0x0000047c       0x2c c:/program files (x86)/cypress/psoc creator/4.2/psoc creator/import/gnu/arm/5.4.1/bin/../lib/gcc/arm-none-eabi/5.4.1/../../../../arm-none-eabi/lib/armv6-m\libm.a(lib_a-k_cos.o)
 .ARM.attributes
                0x000004a8       0x2c c:/program files (x86)/cypress/psoc creator/4.2/psoc creator/import/gnu/arm/5.4.1/bin/../lib/gcc/arm-none-eabi/5.4.1/../../../../arm-none-eabi/lib/armv6-m\libm.a(lib_a-k_rem_pio2.o)
 .ARM.attributes
                0x000004d4       0x2c c:/program files (x86)/cypress/psoc creator/4.2/psoc creator/import/gnu/arm/5.4.1/bin/../lib/gcc/arm-none-eabi/5.4.1/../../../../arm-none-eabi/lib/armv6-m\libm.a(lib_a-k_sin.o)
 .ARM.attributes
                0x00000500       0x2c c:/program files (x86)/cypress/psoc creator/4.2/psoc creator/import/gnu/arm/5.4.1/bin/../lib/gcc/arm-none-eabi/5.4.1/../../../../arm-none-eabi/lib/armv6-m\libm.a(lib_a-s_fabs.o)
 .ARM.attributes
                0x0000052c       0x2c c:/program files (x86)/cypress/psoc creator/4.2/psoc creator/import/gnu/arm/5.4.1/bin/../lib/gcc/arm-none-eabi/5.4.1/../../../../arm-none-eabi/lib/armv6-m\libm.a(lib_a-s_floor.o)
 .ARM.attributes
                0x00000558       0x2c c:/program files (x86)/cypress/psoc creator/4.2/psoc creator/import/gnu/arm/5.4.1/bin/../lib/gcc/arm-none-eabi/5.4.1/../../../../arm-none-eabi/lib/armv6-m\libm.a(lib_a-s_scalbn.o)
 .ARM.attributes
                0x00000584       0x2c c:/program files (x86)/cypress/psoc creator/4.2/psoc creator/import/gnu/arm/5.4.1/bin/../lib/gcc/arm-none-eabi/5.4.1/../../../../arm-none-eabi/lib/armv6-m\libm.a(lib_a-s_copysign.o)
 .ARM.attributes
                0x000005b0       0x1e c:/program files (x86)/cypress/psoc creator/4.2/psoc creator/import/gnu/arm/5.4.1/bin/../lib/gcc/arm-none-eabi/5.4.1/armv6-m\libgcc.a(_udivsi3.o)
 .ARM.attributes
                0x000005ce       0x1e c:/program files (x86)/cypress/psoc creator/4.2/psoc creator/import/gnu/arm/5.4.1/bin/../lib/gcc/arm-none-eabi/5.4.1/armv6-m\libgcc.a(_divsi3.o)
 .ARM.attributes
                0x000005ec       0x1e c:/program files (x86)/cypress/psoc creator/4.2/psoc creator/import/gnu/arm/5.4.1/bin/../lib/gcc/arm-none-eabi/5.4.1/armv6-m\libgcc.a(_dvmd_tls.o)
 .ARM.attributes
                0x0000060a       0x1e c:/program files (x86)/cypress/psoc creator/4.2/psoc creator/import/gnu/arm/5.4.1/bin/../lib/gcc/arm-none-eabi/5.4.1/armv6-m\libgcc.a(_arm_cmpdf2.o)
 .ARM.attributes
                0x00000628       0x2c c:/program files (x86)/cypress/psoc creator/4.2/psoc creator/import/gnu/arm/5.4.1/bin/../lib/gcc/arm-none-eabi/5.4.1/armv6-m\libgcc.a(adddf3.o)
 .ARM.attributes
                0x00000654       0x2c c:/program files (x86)/cypress/psoc creator/4.2/psoc creator/import/gnu/arm/5.4.1/bin/../lib/gcc/arm-none-eabi/5.4.1/armv6-m\libgcc.a(divdf3.o)
 .ARM.attributes
                0x00000680       0x2c c:/program files (x86)/cypress/psoc creator/4.2/psoc creator/import/gnu/arm/5.4.1/bin/../lib/gcc/arm-none-eabi/5.4.1/armv6-m\libgcc.a(eqdf2.o)
 .ARM.attributes
                0x000006ac       0x2c c:/program files (x86)/cypress/psoc creator/4.2/psoc creator/import/gnu/arm/5.4.1/bin/../lib/gcc/arm-none-eabi/5.4.1/armv6-m\libgcc.a(gedf2.o)
 .ARM.attributes
                0x000006d8       0x2c c:/program files (x86)/cypress/psoc creator/4.2/psoc creator/import/gnu/arm/5.4.1/bin/../lib/gcc/arm-none-eabi/5.4.1/armv6-m\libgcc.a(ledf2.o)
 .ARM.attributes
                0x00000704       0x2c c:/program files (x86)/cypress/psoc creator/4.2/psoc creator/import/gnu/arm/5.4.1/bin/../lib/gcc/arm-none-eabi/5.4.1/armv6-m\libgcc.a(muldf3.o)
 .ARM.attributes
                0x00000730       0x2c c:/program files (x86)/cypress/psoc creator/4.2/psoc creator/import/gnu/arm/5.4.1/bin/../lib/gcc/arm-none-eabi/5.4.1/armv6-m\libgcc.a(subdf3.o)
 .ARM.attributes
                0x0000075c       0x2c c:/program files (x86)/cypress/psoc creator/4.2/psoc creator/import/gnu/arm/5.4.1/bin/../lib/gcc/arm-none-eabi/5.4.1/armv6-m\libgcc.a(fixdfsi.o)
 .ARM.attributes
                0x00000788       0x2c c:/program files (x86)/cypress/psoc creator/4.2/psoc creator/import/gnu/arm/5.4.1/bin/../lib/gcc/arm-none-eabi/5.4.1/armv6-m\libgcc.a(floatsidf.o)
 .ARM.attributes
                0x000007b4       0x1e c:/program files (x86)/cypress/psoc creator/4.2/psoc creator/import/gnu/arm/5.4.1/bin/../lib/gcc/arm-none-eabi/5.4.1/armv6-m\libgcc.a(_clzsi2.o)
 .ARM.attributes
                0x000007d2       0x2c c:/program files (x86)/cypress/psoc creator/4.2/psoc creator/import/gnu/arm/5.4.1/bin/../lib/gcc/arm-none-eabi/5.4.1/../../../../arm-none-eabi/lib/armv6-m\libg_nano.a(lib_a-errno.o)
 .ARM.attributes
                0x000007fe       0x2c c:/program files (x86)/cypress/psoc creator/4.2/psoc creator/import/gnu/arm/5.4.1/bin/../lib/gcc/arm-none-eabi/5.4.1/../../../../arm-none-eabi/lib/armv6-m\libg_nano.a(lib_a-exit.o)
 .ARM.attributes
                0x0000082a       0x2c c:/program files (x86)/cypress/psoc creator/4.2/psoc creator/import/gnu/arm/5.4.1/bin/../lib/gcc/arm-none-eabi/5.4.1/../../../../arm-none-eabi/lib/armv6-m\libg_nano.a(lib_a-impure.o)
 .ARM.attributes
                0x00000856       0x2c c:/program files (x86)/cypress/psoc creator/4.2/psoc creator/import/gnu/arm/5.4.1/bin/../lib/gcc/arm-none-eabi/5.4.1/../../../../arm-none-eabi/lib/armv6-m\libg_nano.a(lib_a-init.o)
 .ARM.attributes
                0x00000882       0x2c c:/program files (x86)/cypress/psoc creator/4.2/psoc creator/import/gnu/arm/5.4.1/bin/../lib/gcc/arm-none-eabi/5.4.1/../../../../arm-none-eabi/lib/armv6-m\libg_nano.a(lib_a-memcpy-stub.o)
 .ARM.attributes
                0x000008ae       0x2c c:/program files (x86)/cypress/psoc creator/4.2/psoc creator/import/gnu/arm/5.4.1/bin/../lib/gcc/arm-none-eabi/5.4.1/../../../../arm-none-eabi/lib/armv6-m\libg_nano.a(lib_a-memset.o)
 .ARM.attributes
                0x000008da       0x2c c:/program files (x86)/cypress/psoc creator/4.2/psoc creator/import/gnu/arm/5.4.1/bin/../lib/gcc/arm-none-eabi/5.4.1/../../../../arm-none-eabi/lib/armv6-m\libg_nano.a(lib_a-sprintf.o)
 .ARM.attributes
                0x00000906       0x2c c:/program files (x86)/cypress/psoc creator/4.2/psoc creator/import/gnu/arm/5.4.1/bin/../lib/gcc/arm-none-eabi/5.4.1/../../../../arm-none-eabi/lib/armv6-m\libg_nano.a(lib_a-nano-svfprintf.o)
 .ARM.attributes
                0x00000932       0x2c c:/program files (x86)/cypress/psoc creator/4.2/psoc creator/import/gnu/arm/5.4.1/bin/../lib/gcc/arm-none-eabi/5.4.1/../../../../arm-none-eabi/lib/armv6-m\libg_nano.a(lib_a-nano-vfprintf_i.o)
 .ARM.attributes
                0x0000095e       0x2c c:/program files (x86)/cypress/psoc creator/4.2/psoc creator/import/gnu/arm/5.4.1/bin/../lib/gcc/arm-none-eabi/5.4.1/../../../../arm-none-eabi/lib/armv6-m\libg_nano.a(lib_a-memchr-stub.o)
 .ARM.attributes
                0x0000098a       0x2c c:/program files (x86)/cypress/psoc creator/4.2/psoc creator/import/gnu/arm/5.4.1/bin/../lib/gcc/arm-none-eabi/5.4.1/../../../../arm-none-eabi/lib/armv6-m\libg_nano.a(lib_a-memmove.o)
 .ARM.attributes
                0x000009b6       0x2c c:/program files (x86)/cypress/psoc creator/4.2/psoc creator/import/gnu/arm/5.4.1/bin/../lib/gcc/arm-none-eabi/5.4.1/../../../../arm-none-eabi/lib/armv6-m\libg_nano.a(lib_a-nano-freer.o)
 .ARM.attributes
                0x000009e2       0x2c c:/program files (x86)/cypress/psoc creator/4.2/psoc creator/import/gnu/arm/5.4.1/bin/../lib/gcc/arm-none-eabi/5.4.1/../../../../arm-none-eabi/lib/armv6-m\libg_nano.a(lib_a-nano-mallocr.o)
 .ARM.attributes
                0x00000a0e       0x2c c:/program files (x86)/cypress/psoc creator/4.2/psoc creator/import/gnu/arm/5.4.1/bin/../lib/gcc/arm-none-eabi/5.4.1/../../../../arm-none-eabi/lib/armv6-m\libg_nano.a(lib_a-nano-reallocr.o)
 .ARM.attributes
                0x00000a3a       0x2c c:/program files (x86)/cypress/psoc creator/4.2/psoc creator/import/gnu/arm/5.4.1/bin/../lib/gcc/arm-none-eabi/5.4.1/../../../../arm-none-eabi/lib/armv6-m\libg_nano.a(lib_a-sbrkr.o)
 .ARM.attributes
                0x00000a66       0x2c c:/program files (x86)/cypress/psoc creator/4.2/psoc creator/import/gnu/arm/5.4.1/bin/../lib/gcc/arm-none-eabi/5.4.1/../../../../arm-none-eabi/lib/armv6-m\libg_nano.a(lib_a-mlock.o)
 .ARM.attributes
                0x00000a92       0x2c c:/program files (x86)/cypress/psoc creator/4.2/psoc creator/import/gnu/arm/5.4.1/bin/../lib/gcc/arm-none-eabi/5.4.1/../../../../arm-none-eabi/lib/armv6-m\libg_nano.a(lib_a-nano-msizer.o)
 .ARM.attributes
                0x00000abe       0x2c c:/program files (x86)/cypress/psoc creator/4.2/psoc creator/import/gnu/arm/5.4.1/bin/../lib/gcc/arm-none-eabi/5.4.1/../../../../arm-none-eabi/lib/armv6-m\libg_nano.a(lib_a-reent.o)
 .ARM.attributes
                0x00000aea       0x2c c:/program files (x86)/cypress/psoc creator/4.2/psoc creator/import/gnu/arm/5.4.1/bin/../lib/gcc/arm-none-eabi/5.4.1/armv6-m/crtend.o
 .ARM.attributes
                0x00000b16       0x1e c:/program files (x86)/cypress/psoc creator/4.2/psoc creator/import/gnu/arm/5.4.1/bin/../lib/gcc/arm-none-eabi/5.4.1/armv6-m/crtn.o

/DISCARD/
 *(.note.GNU-stack)
OUTPUT(D:\GIT\Microcontroller System Design Projects\Hw4 Beat Meter\BeatMeter.cydsn\CortexM0\ARM_GCC_541\Debug\BeatMeter.elf elf32-littlearm)
