ARM GAS  C:\Users\quint\AppData\Local\Temp\ccopH19s.s 			page 1


   1              		.syntax unified
   2              		.cpu cortex-m0
   3              		.fpu softvfp
   4              		.eabi_attribute 20, 1
   5              		.eabi_attribute 21, 1
   6              		.eabi_attribute 23, 3
   7              		.eabi_attribute 24, 1
   8              		.eabi_attribute 25, 1
   9              		.eabi_attribute 26, 1
  10              		.eabi_attribute 30, 1
  11              		.eabi_attribute 34, 0
  12              		.eabi_attribute 18, 4
  13              		.thumb
  14              		.syntax unified
  15              		.file	"C_Interrupt.c"
  16              		.text
  17              	.Ltext0:
  18              		.cfi_sections	.debug_frame
  19              		.section	.text.C_Interrupt_SetVector,"ax",%progbits
  20              		.align	2
  21              		.global	C_Interrupt_SetVector
  22              		.code	16
  23              		.thumb_func
  24              		.type	C_Interrupt_SetVector, %function
  25              	C_Interrupt_SetVector:
  26              	.LFB37:
  27              		.file 1 "Generated_Source\\PSoC4\\C_Interrupt.c"
   1:Generated_Source\PSoC4/C_Interrupt.c **** /*******************************************************************************
   2:Generated_Source\PSoC4/C_Interrupt.c **** * File Name: C_Interrupt.c  
   3:Generated_Source\PSoC4/C_Interrupt.c **** * Version 1.70
   4:Generated_Source\PSoC4/C_Interrupt.c **** *
   5:Generated_Source\PSoC4/C_Interrupt.c **** *  Description:
   6:Generated_Source\PSoC4/C_Interrupt.c **** *   API for controlling the state of an interrupt.
   7:Generated_Source\PSoC4/C_Interrupt.c **** *
   8:Generated_Source\PSoC4/C_Interrupt.c **** *
   9:Generated_Source\PSoC4/C_Interrupt.c **** *  Note:
  10:Generated_Source\PSoC4/C_Interrupt.c **** *
  11:Generated_Source\PSoC4/C_Interrupt.c **** ********************************************************************************
  12:Generated_Source\PSoC4/C_Interrupt.c **** * Copyright 2008-2015, Cypress Semiconductor Corporation.  All rights reserved.
  13:Generated_Source\PSoC4/C_Interrupt.c **** * You may use this file only in accordance with the license, terms, conditions, 
  14:Generated_Source\PSoC4/C_Interrupt.c **** * disclaimers, and limitations in the end user license agreement accompanying 
  15:Generated_Source\PSoC4/C_Interrupt.c **** * the software package with which this file was provided.
  16:Generated_Source\PSoC4/C_Interrupt.c **** *******************************************************************************/
  17:Generated_Source\PSoC4/C_Interrupt.c **** 
  18:Generated_Source\PSoC4/C_Interrupt.c **** 
  19:Generated_Source\PSoC4/C_Interrupt.c **** #include <cydevice_trm.h>
  20:Generated_Source\PSoC4/C_Interrupt.c **** #include <CyLib.h>
  21:Generated_Source\PSoC4/C_Interrupt.c **** #include <C_Interrupt.h>
  22:Generated_Source\PSoC4/C_Interrupt.c **** #include "cyapicallbacks.h"
  23:Generated_Source\PSoC4/C_Interrupt.c **** 
  24:Generated_Source\PSoC4/C_Interrupt.c **** #if !defined(C_Interrupt__REMOVED) /* Check for removal by optimization */
  25:Generated_Source\PSoC4/C_Interrupt.c **** 
  26:Generated_Source\PSoC4/C_Interrupt.c **** /*******************************************************************************
  27:Generated_Source\PSoC4/C_Interrupt.c **** *  Place your includes, defines and code here 
  28:Generated_Source\PSoC4/C_Interrupt.c **** ********************************************************************************/
  29:Generated_Source\PSoC4/C_Interrupt.c **** /* `#START C_Interrupt_intc` */
  30:Generated_Source\PSoC4/C_Interrupt.c ****     #include "project.h"
ARM GAS  C:\Users\quint\AppData\Local\Temp\ccopH19s.s 			page 2


  31:Generated_Source\PSoC4/C_Interrupt.c **** #include <stdio.h>
  32:Generated_Source\PSoC4/C_Interrupt.c **** #define PUSHED 0
  33:Generated_Source\PSoC4/C_Interrupt.c **** extern int count; 
  34:Generated_Source\PSoC4/C_Interrupt.c **** extern char mystring[20];
  35:Generated_Source\PSoC4/C_Interrupt.c **** /* `#END` */
  36:Generated_Source\PSoC4/C_Interrupt.c **** 
  37:Generated_Source\PSoC4/C_Interrupt.c **** extern cyisraddress CyRamVectors[CYINT_IRQ_BASE + CY_NUM_INTERRUPTS];
  38:Generated_Source\PSoC4/C_Interrupt.c **** 
  39:Generated_Source\PSoC4/C_Interrupt.c **** /* Declared in startup, used to set unused interrupts to. */
  40:Generated_Source\PSoC4/C_Interrupt.c **** CY_ISR_PROTO(IntDefaultHandler);
  41:Generated_Source\PSoC4/C_Interrupt.c **** 
  42:Generated_Source\PSoC4/C_Interrupt.c **** 
  43:Generated_Source\PSoC4/C_Interrupt.c **** /*******************************************************************************
  44:Generated_Source\PSoC4/C_Interrupt.c **** * Function Name: C_Interrupt_Start
  45:Generated_Source\PSoC4/C_Interrupt.c **** ********************************************************************************
  46:Generated_Source\PSoC4/C_Interrupt.c **** *
  47:Generated_Source\PSoC4/C_Interrupt.c **** * Summary:
  48:Generated_Source\PSoC4/C_Interrupt.c **** *  Set up the interrupt and enable it. This function disables the interrupt, 
  49:Generated_Source\PSoC4/C_Interrupt.c **** *  sets the default interrupt vector, sets the priority from the value in the
  50:Generated_Source\PSoC4/C_Interrupt.c **** *  Design Wide Resources Interrupt Editor, then enables the interrupt to the 
  51:Generated_Source\PSoC4/C_Interrupt.c **** *  interrupt controller.
  52:Generated_Source\PSoC4/C_Interrupt.c **** *
  53:Generated_Source\PSoC4/C_Interrupt.c **** * Parameters:  
  54:Generated_Source\PSoC4/C_Interrupt.c **** *   None
  55:Generated_Source\PSoC4/C_Interrupt.c **** *
  56:Generated_Source\PSoC4/C_Interrupt.c **** * Return:
  57:Generated_Source\PSoC4/C_Interrupt.c **** *   None
  58:Generated_Source\PSoC4/C_Interrupt.c **** *
  59:Generated_Source\PSoC4/C_Interrupt.c **** *******************************************************************************/
  60:Generated_Source\PSoC4/C_Interrupt.c **** void C_Interrupt_Start(void)
  61:Generated_Source\PSoC4/C_Interrupt.c **** {
  62:Generated_Source\PSoC4/C_Interrupt.c ****     /* For all we know the interrupt is active. */
  63:Generated_Source\PSoC4/C_Interrupt.c ****     C_Interrupt_Disable();
  64:Generated_Source\PSoC4/C_Interrupt.c **** 
  65:Generated_Source\PSoC4/C_Interrupt.c ****     /* Set the ISR to point to the C_Interrupt Interrupt. */
  66:Generated_Source\PSoC4/C_Interrupt.c ****     C_Interrupt_SetVector(&C_Interrupt_Interrupt);
  67:Generated_Source\PSoC4/C_Interrupt.c **** 
  68:Generated_Source\PSoC4/C_Interrupt.c ****     /* Set the priority. */
  69:Generated_Source\PSoC4/C_Interrupt.c ****     C_Interrupt_SetPriority((uint8)C_Interrupt_INTC_PRIOR_NUMBER);
  70:Generated_Source\PSoC4/C_Interrupt.c **** 
  71:Generated_Source\PSoC4/C_Interrupt.c ****     /* Enable it. */
  72:Generated_Source\PSoC4/C_Interrupt.c ****     C_Interrupt_Enable();
  73:Generated_Source\PSoC4/C_Interrupt.c **** }
  74:Generated_Source\PSoC4/C_Interrupt.c **** 
  75:Generated_Source\PSoC4/C_Interrupt.c **** 
  76:Generated_Source\PSoC4/C_Interrupt.c **** /*******************************************************************************
  77:Generated_Source\PSoC4/C_Interrupt.c **** * Function Name: C_Interrupt_StartEx
  78:Generated_Source\PSoC4/C_Interrupt.c **** ********************************************************************************
  79:Generated_Source\PSoC4/C_Interrupt.c **** *
  80:Generated_Source\PSoC4/C_Interrupt.c **** * Summary:
  81:Generated_Source\PSoC4/C_Interrupt.c **** *  Sets up the interrupt and enables it. This function disables the interrupt,
  82:Generated_Source\PSoC4/C_Interrupt.c **** *  sets the interrupt vector based on the address passed in, sets the priority 
  83:Generated_Source\PSoC4/C_Interrupt.c **** *  from the value in the Design Wide Resources Interrupt Editor, then enables 
  84:Generated_Source\PSoC4/C_Interrupt.c **** *  the interrupt to the interrupt controller.
  85:Generated_Source\PSoC4/C_Interrupt.c **** *  
  86:Generated_Source\PSoC4/C_Interrupt.c **** *  When defining ISR functions, the CY_ISR and CY_ISR_PROTO macros should be 
  87:Generated_Source\PSoC4/C_Interrupt.c **** *  used to provide consistent definition across compilers:
ARM GAS  C:\Users\quint\AppData\Local\Temp\ccopH19s.s 			page 3


  88:Generated_Source\PSoC4/C_Interrupt.c **** *  
  89:Generated_Source\PSoC4/C_Interrupt.c **** *  Function definition example:
  90:Generated_Source\PSoC4/C_Interrupt.c **** *   CY_ISR(MyISR)
  91:Generated_Source\PSoC4/C_Interrupt.c **** *   {
  92:Generated_Source\PSoC4/C_Interrupt.c **** *   }
  93:Generated_Source\PSoC4/C_Interrupt.c **** *   Function prototype example:
  94:Generated_Source\PSoC4/C_Interrupt.c **** *   CY_ISR_PROTO(MyISR);
  95:Generated_Source\PSoC4/C_Interrupt.c **** *
  96:Generated_Source\PSoC4/C_Interrupt.c **** * Parameters:  
  97:Generated_Source\PSoC4/C_Interrupt.c **** *   address: Address of the ISR to set in the interrupt vector table.
  98:Generated_Source\PSoC4/C_Interrupt.c **** *
  99:Generated_Source\PSoC4/C_Interrupt.c **** * Return:
 100:Generated_Source\PSoC4/C_Interrupt.c **** *   None
 101:Generated_Source\PSoC4/C_Interrupt.c **** *
 102:Generated_Source\PSoC4/C_Interrupt.c **** *******************************************************************************/
 103:Generated_Source\PSoC4/C_Interrupt.c **** void C_Interrupt_StartEx(cyisraddress address)
 104:Generated_Source\PSoC4/C_Interrupt.c **** {
 105:Generated_Source\PSoC4/C_Interrupt.c ****     /* For all we know the interrupt is active. */
 106:Generated_Source\PSoC4/C_Interrupt.c ****     C_Interrupt_Disable();
 107:Generated_Source\PSoC4/C_Interrupt.c **** 
 108:Generated_Source\PSoC4/C_Interrupt.c ****     /* Set the ISR to point to the C_Interrupt Interrupt. */
 109:Generated_Source\PSoC4/C_Interrupt.c ****     C_Interrupt_SetVector(address);
 110:Generated_Source\PSoC4/C_Interrupt.c **** 
 111:Generated_Source\PSoC4/C_Interrupt.c ****     /* Set the priority. */
 112:Generated_Source\PSoC4/C_Interrupt.c ****     C_Interrupt_SetPriority((uint8)C_Interrupt_INTC_PRIOR_NUMBER);
 113:Generated_Source\PSoC4/C_Interrupt.c **** 
 114:Generated_Source\PSoC4/C_Interrupt.c ****     /* Enable it. */
 115:Generated_Source\PSoC4/C_Interrupt.c ****     C_Interrupt_Enable();
 116:Generated_Source\PSoC4/C_Interrupt.c **** }
 117:Generated_Source\PSoC4/C_Interrupt.c **** 
 118:Generated_Source\PSoC4/C_Interrupt.c **** 
 119:Generated_Source\PSoC4/C_Interrupt.c **** /*******************************************************************************
 120:Generated_Source\PSoC4/C_Interrupt.c **** * Function Name: C_Interrupt_Stop
 121:Generated_Source\PSoC4/C_Interrupt.c **** ********************************************************************************
 122:Generated_Source\PSoC4/C_Interrupt.c **** *
 123:Generated_Source\PSoC4/C_Interrupt.c **** * Summary:
 124:Generated_Source\PSoC4/C_Interrupt.c **** *   Disables and removes the interrupt.
 125:Generated_Source\PSoC4/C_Interrupt.c **** *
 126:Generated_Source\PSoC4/C_Interrupt.c **** * Parameters:  
 127:Generated_Source\PSoC4/C_Interrupt.c **** *   None
 128:Generated_Source\PSoC4/C_Interrupt.c **** *
 129:Generated_Source\PSoC4/C_Interrupt.c **** * Return:
 130:Generated_Source\PSoC4/C_Interrupt.c **** *   None
 131:Generated_Source\PSoC4/C_Interrupt.c **** *
 132:Generated_Source\PSoC4/C_Interrupt.c **** *******************************************************************************/
 133:Generated_Source\PSoC4/C_Interrupt.c **** void C_Interrupt_Stop(void)
 134:Generated_Source\PSoC4/C_Interrupt.c **** {
 135:Generated_Source\PSoC4/C_Interrupt.c ****     /* Disable this interrupt. */
 136:Generated_Source\PSoC4/C_Interrupt.c ****     C_Interrupt_Disable();
 137:Generated_Source\PSoC4/C_Interrupt.c **** 
 138:Generated_Source\PSoC4/C_Interrupt.c ****     /* Set the ISR to point to the passive one. */
 139:Generated_Source\PSoC4/C_Interrupt.c ****     C_Interrupt_SetVector(&IntDefaultHandler);
 140:Generated_Source\PSoC4/C_Interrupt.c **** }
 141:Generated_Source\PSoC4/C_Interrupt.c **** 
 142:Generated_Source\PSoC4/C_Interrupt.c **** 
 143:Generated_Source\PSoC4/C_Interrupt.c **** /*******************************************************************************
 144:Generated_Source\PSoC4/C_Interrupt.c **** * Function Name: C_Interrupt_Interrupt
ARM GAS  C:\Users\quint\AppData\Local\Temp\ccopH19s.s 			page 4


 145:Generated_Source\PSoC4/C_Interrupt.c **** ********************************************************************************
 146:Generated_Source\PSoC4/C_Interrupt.c **** *
 147:Generated_Source\PSoC4/C_Interrupt.c **** * Summary:
 148:Generated_Source\PSoC4/C_Interrupt.c **** *   The default Interrupt Service Routine for C_Interrupt.
 149:Generated_Source\PSoC4/C_Interrupt.c **** *
 150:Generated_Source\PSoC4/C_Interrupt.c **** *   Add custom code between the START and END comments to keep the next version
 151:Generated_Source\PSoC4/C_Interrupt.c **** *   of this file from over-writing your code.
 152:Generated_Source\PSoC4/C_Interrupt.c **** *
 153:Generated_Source\PSoC4/C_Interrupt.c **** *   Note You may use either the default ISR by using this API, or you may define
 154:Generated_Source\PSoC4/C_Interrupt.c **** *   your own separate ISR through ISR_StartEx().
 155:Generated_Source\PSoC4/C_Interrupt.c **** *
 156:Generated_Source\PSoC4/C_Interrupt.c **** * Parameters:  
 157:Generated_Source\PSoC4/C_Interrupt.c **** *   None
 158:Generated_Source\PSoC4/C_Interrupt.c **** *
 159:Generated_Source\PSoC4/C_Interrupt.c **** * Return:
 160:Generated_Source\PSoC4/C_Interrupt.c **** *   None
 161:Generated_Source\PSoC4/C_Interrupt.c **** *
 162:Generated_Source\PSoC4/C_Interrupt.c **** *******************************************************************************/
 163:Generated_Source\PSoC4/C_Interrupt.c **** CY_ISR(C_Interrupt_Interrupt)
 164:Generated_Source\PSoC4/C_Interrupt.c **** {
 165:Generated_Source\PSoC4/C_Interrupt.c ****     #ifdef C_Interrupt_INTERRUPT_INTERRUPT_CALLBACK
 166:Generated_Source\PSoC4/C_Interrupt.c ****         C_Interrupt_Interrupt_InterruptCallback();
 167:Generated_Source\PSoC4/C_Interrupt.c ****     #endif /* C_Interrupt_INTERRUPT_INTERRUPT_CALLBACK */ 
 168:Generated_Source\PSoC4/C_Interrupt.c **** 
 169:Generated_Source\PSoC4/C_Interrupt.c ****     /*  Place your Interrupt code here. */
 170:Generated_Source\PSoC4/C_Interrupt.c ****     /* `#START C_Interrupt_Interrupt` */
 171:Generated_Source\PSoC4/C_Interrupt.c ****     
 172:Generated_Source\PSoC4/C_Interrupt.c ****     //Decrements the counter by 1 once when the button is pushed
 173:Generated_Source\PSoC4/C_Interrupt.c ****     //Does not update the screen 
 174:Generated_Source\PSoC4/C_Interrupt.c **** 
 175:Generated_Source\PSoC4/C_Interrupt.c ****             C_Interrupt_ClearPending(); //Needed for other interupts to work 
 176:Generated_Source\PSoC4/C_Interrupt.c ****     /* `#END` */
 177:Generated_Source\PSoC4/C_Interrupt.c **** }
 178:Generated_Source\PSoC4/C_Interrupt.c **** 
 179:Generated_Source\PSoC4/C_Interrupt.c **** 
 180:Generated_Source\PSoC4/C_Interrupt.c **** /*******************************************************************************
 181:Generated_Source\PSoC4/C_Interrupt.c **** * Function Name: C_Interrupt_SetVector
 182:Generated_Source\PSoC4/C_Interrupt.c **** ********************************************************************************
 183:Generated_Source\PSoC4/C_Interrupt.c **** *
 184:Generated_Source\PSoC4/C_Interrupt.c **** * Summary:
 185:Generated_Source\PSoC4/C_Interrupt.c **** *   Change the ISR vector for the Interrupt. Note calling C_Interrupt_Start
 186:Generated_Source\PSoC4/C_Interrupt.c **** *   will override any effect this method would have had. To set the vector 
 187:Generated_Source\PSoC4/C_Interrupt.c **** *   before the component has been started use C_Interrupt_StartEx instead.
 188:Generated_Source\PSoC4/C_Interrupt.c **** * 
 189:Generated_Source\PSoC4/C_Interrupt.c **** *   When defining ISR functions, the CY_ISR and CY_ISR_PROTO macros should be 
 190:Generated_Source\PSoC4/C_Interrupt.c **** *   used to provide consistent definition across compilers:
 191:Generated_Source\PSoC4/C_Interrupt.c **** *
 192:Generated_Source\PSoC4/C_Interrupt.c **** *   Function definition example:
 193:Generated_Source\PSoC4/C_Interrupt.c **** *   CY_ISR(MyISR)
 194:Generated_Source\PSoC4/C_Interrupt.c **** *   {
 195:Generated_Source\PSoC4/C_Interrupt.c **** *   }
 196:Generated_Source\PSoC4/C_Interrupt.c **** *
 197:Generated_Source\PSoC4/C_Interrupt.c **** *   Function prototype example:
 198:Generated_Source\PSoC4/C_Interrupt.c **** *     CY_ISR_PROTO(MyISR);
 199:Generated_Source\PSoC4/C_Interrupt.c **** *
 200:Generated_Source\PSoC4/C_Interrupt.c **** * Parameters:
 201:Generated_Source\PSoC4/C_Interrupt.c **** *   address: Address of the ISR to set in the interrupt vector table.
ARM GAS  C:\Users\quint\AppData\Local\Temp\ccopH19s.s 			page 5


 202:Generated_Source\PSoC4/C_Interrupt.c **** *
 203:Generated_Source\PSoC4/C_Interrupt.c **** * Return:
 204:Generated_Source\PSoC4/C_Interrupt.c **** *   None
 205:Generated_Source\PSoC4/C_Interrupt.c **** *
 206:Generated_Source\PSoC4/C_Interrupt.c **** *******************************************************************************/
 207:Generated_Source\PSoC4/C_Interrupt.c **** void C_Interrupt_SetVector(cyisraddress address)
 208:Generated_Source\PSoC4/C_Interrupt.c **** {
  28              		.loc 1 208 0
  29              		.cfi_startproc
  30              		@ args = 0, pretend = 0, frame = 0
  31              		@ frame_needed = 0, uses_anonymous_args = 0
  32              		@ link register save eliminated.
  33              	.LVL0:
 209:Generated_Source\PSoC4/C_Interrupt.c ****     CyRamVectors[CYINT_IRQ_BASE + C_Interrupt__INTC_NUMBER] = address;
  34              		.loc 1 209 0
  35 0000 014B     		ldr	r3, .L2
  36 0002 1864     		str	r0, [r3, #64]
 210:Generated_Source\PSoC4/C_Interrupt.c **** }
  37              		.loc 1 210 0
  38              		@ sp needed
  39 0004 7047     		bx	lr
  40              	.L3:
  41 0006 C046     		.align	2
  42              	.L2:
  43 0008 00000000 		.word	CyRamVectors
  44              		.cfi_endproc
  45              	.LFE37:
  46              		.size	C_Interrupt_SetVector, .-C_Interrupt_SetVector
  47              		.section	.text.C_Interrupt_GetVector,"ax",%progbits
  48              		.align	2
  49              		.global	C_Interrupt_GetVector
  50              		.code	16
  51              		.thumb_func
  52              		.type	C_Interrupt_GetVector, %function
  53              	C_Interrupt_GetVector:
  54              	.LFB38:
 211:Generated_Source\PSoC4/C_Interrupt.c **** 
 212:Generated_Source\PSoC4/C_Interrupt.c **** 
 213:Generated_Source\PSoC4/C_Interrupt.c **** /*******************************************************************************
 214:Generated_Source\PSoC4/C_Interrupt.c **** * Function Name: C_Interrupt_GetVector
 215:Generated_Source\PSoC4/C_Interrupt.c **** ********************************************************************************
 216:Generated_Source\PSoC4/C_Interrupt.c **** *
 217:Generated_Source\PSoC4/C_Interrupt.c **** * Summary:
 218:Generated_Source\PSoC4/C_Interrupt.c **** *   Gets the "address" of the current ISR vector for the Interrupt.
 219:Generated_Source\PSoC4/C_Interrupt.c **** *
 220:Generated_Source\PSoC4/C_Interrupt.c **** * Parameters:
 221:Generated_Source\PSoC4/C_Interrupt.c **** *   None
 222:Generated_Source\PSoC4/C_Interrupt.c **** *
 223:Generated_Source\PSoC4/C_Interrupt.c **** * Return:
 224:Generated_Source\PSoC4/C_Interrupt.c **** *   Address of the ISR in the interrupt vector table.
 225:Generated_Source\PSoC4/C_Interrupt.c **** *
 226:Generated_Source\PSoC4/C_Interrupt.c **** *******************************************************************************/
 227:Generated_Source\PSoC4/C_Interrupt.c **** cyisraddress C_Interrupt_GetVector(void)
 228:Generated_Source\PSoC4/C_Interrupt.c **** {
  55              		.loc 1 228 0
  56              		.cfi_startproc
  57              		@ args = 0, pretend = 0, frame = 0
ARM GAS  C:\Users\quint\AppData\Local\Temp\ccopH19s.s 			page 6


  58              		@ frame_needed = 0, uses_anonymous_args = 0
  59              		@ link register save eliminated.
 229:Generated_Source\PSoC4/C_Interrupt.c ****     return CyRamVectors[CYINT_IRQ_BASE + C_Interrupt__INTC_NUMBER];
  60              		.loc 1 229 0
  61 0000 014B     		ldr	r3, .L5
  62 0002 186C     		ldr	r0, [r3, #64]
 230:Generated_Source\PSoC4/C_Interrupt.c **** }
  63              		.loc 1 230 0
  64              		@ sp needed
  65 0004 7047     		bx	lr
  66              	.L6:
  67 0006 C046     		.align	2
  68              	.L5:
  69 0008 00000000 		.word	CyRamVectors
  70              		.cfi_endproc
  71              	.LFE38:
  72              		.size	C_Interrupt_GetVector, .-C_Interrupt_GetVector
  73              		.section	.text.C_Interrupt_SetPriority,"ax",%progbits
  74              		.align	2
  75              		.global	C_Interrupt_SetPriority
  76              		.code	16
  77              		.thumb_func
  78              		.type	C_Interrupt_SetPriority, %function
  79              	C_Interrupt_SetPriority:
  80              	.LFB39:
 231:Generated_Source\PSoC4/C_Interrupt.c **** 
 232:Generated_Source\PSoC4/C_Interrupt.c **** 
 233:Generated_Source\PSoC4/C_Interrupt.c **** /*******************************************************************************
 234:Generated_Source\PSoC4/C_Interrupt.c **** * Function Name: C_Interrupt_SetPriority
 235:Generated_Source\PSoC4/C_Interrupt.c **** ********************************************************************************
 236:Generated_Source\PSoC4/C_Interrupt.c **** *
 237:Generated_Source\PSoC4/C_Interrupt.c **** * Summary:
 238:Generated_Source\PSoC4/C_Interrupt.c **** *   Sets the Priority of the Interrupt. 
 239:Generated_Source\PSoC4/C_Interrupt.c **** *
 240:Generated_Source\PSoC4/C_Interrupt.c **** *   Note calling C_Interrupt_Start or C_Interrupt_StartEx will 
 241:Generated_Source\PSoC4/C_Interrupt.c **** *   override any effect this API would have had. This API should only be called
 242:Generated_Source\PSoC4/C_Interrupt.c **** *   after C_Interrupt_Start or C_Interrupt_StartEx has been called. 
 243:Generated_Source\PSoC4/C_Interrupt.c **** *   To set the initial priority for the component, use the Design-Wide Resources
 244:Generated_Source\PSoC4/C_Interrupt.c **** *   Interrupt Editor.
 245:Generated_Source\PSoC4/C_Interrupt.c **** *
 246:Generated_Source\PSoC4/C_Interrupt.c **** *   Note This API has no effect on Non-maskable interrupt NMI).
 247:Generated_Source\PSoC4/C_Interrupt.c **** *
 248:Generated_Source\PSoC4/C_Interrupt.c **** * Parameters:
 249:Generated_Source\PSoC4/C_Interrupt.c **** *   priority: Priority of the interrupt, 0 being the highest priority
 250:Generated_Source\PSoC4/C_Interrupt.c **** *             PSoC 3 and PSoC 5LP: Priority is from 0 to 7.
 251:Generated_Source\PSoC4/C_Interrupt.c **** *             PSoC 4: Priority is from 0 to 3.
 252:Generated_Source\PSoC4/C_Interrupt.c **** *
 253:Generated_Source\PSoC4/C_Interrupt.c **** * Return:
 254:Generated_Source\PSoC4/C_Interrupt.c **** *   None
 255:Generated_Source\PSoC4/C_Interrupt.c **** *
 256:Generated_Source\PSoC4/C_Interrupt.c **** *******************************************************************************/
 257:Generated_Source\PSoC4/C_Interrupt.c **** void C_Interrupt_SetPriority(uint8 priority)
 258:Generated_Source\PSoC4/C_Interrupt.c **** {
  81              		.loc 1 258 0
  82              		.cfi_startproc
  83              		@ args = 0, pretend = 0, frame = 0
  84              		@ frame_needed = 0, uses_anonymous_args = 0
ARM GAS  C:\Users\quint\AppData\Local\Temp\ccopH19s.s 			page 7


  85              	.LVL1:
  86 0000 10B5     		push	{r4, lr}
  87              		.cfi_def_cfa_offset 8
  88              		.cfi_offset 4, -8
  89              		.cfi_offset 14, -4
  90 0002 0400     		movs	r4, r0
  91              	.LVL2:
 259:Generated_Source\PSoC4/C_Interrupt.c **** 	uint8 interruptState;
 260:Generated_Source\PSoC4/C_Interrupt.c ****     uint32 priorityOffset = ((C_Interrupt__INTC_NUMBER % 4u) * 8u) + 6u;
 261:Generated_Source\PSoC4/C_Interrupt.c ****     
 262:Generated_Source\PSoC4/C_Interrupt.c **** 	interruptState = CyEnterCriticalSection();
  92              		.loc 1 262 0
  93 0004 FFF7FEFF 		bl	CyEnterCriticalSection
  94              	.LVL3:
 263:Generated_Source\PSoC4/C_Interrupt.c ****     *C_Interrupt_INTC_PRIOR = (*C_Interrupt_INTC_PRIOR & (uint32)(~C_Interrupt__INTC_PRIOR_MASK)) |
  95              		.loc 1 263 0
  96 0008 044A     		ldr	r2, .L8
  97 000a 1368     		ldr	r3, [r2]
  98 000c C021     		movs	r1, #192
  99 000e 8B43     		bics	r3, r1
 264:Generated_Source\PSoC4/C_Interrupt.c ****                                     ((uint32)priority << priorityOffset);
 100              		.loc 1 264 0
 101 0010 A401     		lsls	r4, r4, #6
 263:Generated_Source\PSoC4/C_Interrupt.c ****     *C_Interrupt_INTC_PRIOR = (*C_Interrupt_INTC_PRIOR & (uint32)(~C_Interrupt__INTC_PRIOR_MASK)) |
 102              		.loc 1 263 0
 103 0012 1C43     		orrs	r4, r3
 104 0014 1460     		str	r4, [r2]
 265:Generated_Source\PSoC4/C_Interrupt.c **** 	CyExitCriticalSection(interruptState);
 105              		.loc 1 265 0
 106 0016 FFF7FEFF 		bl	CyExitCriticalSection
 107              	.LVL4:
 266:Generated_Source\PSoC4/C_Interrupt.c **** }
 108              		.loc 1 266 0
 109              		@ sp needed
 110 001a 10BD     		pop	{r4, pc}
 111              	.L9:
 112              		.align	2
 113              	.L8:
 114 001c 00E400E0 		.word	-536812544
 115              		.cfi_endproc
 116              	.LFE39:
 117              		.size	C_Interrupt_SetPriority, .-C_Interrupt_SetPriority
 118              		.section	.text.C_Interrupt_GetPriority,"ax",%progbits
 119              		.align	2
 120              		.global	C_Interrupt_GetPriority
 121              		.code	16
 122              		.thumb_func
 123              		.type	C_Interrupt_GetPriority, %function
 124              	C_Interrupt_GetPriority:
 125              	.LFB40:
 267:Generated_Source\PSoC4/C_Interrupt.c **** 
 268:Generated_Source\PSoC4/C_Interrupt.c **** 
 269:Generated_Source\PSoC4/C_Interrupt.c **** /*******************************************************************************
 270:Generated_Source\PSoC4/C_Interrupt.c **** * Function Name: C_Interrupt_GetPriority
 271:Generated_Source\PSoC4/C_Interrupt.c **** ********************************************************************************
 272:Generated_Source\PSoC4/C_Interrupt.c **** *
 273:Generated_Source\PSoC4/C_Interrupt.c **** * Summary:
ARM GAS  C:\Users\quint\AppData\Local\Temp\ccopH19s.s 			page 8


 274:Generated_Source\PSoC4/C_Interrupt.c **** *   Gets the Priority of the Interrupt.
 275:Generated_Source\PSoC4/C_Interrupt.c **** *
 276:Generated_Source\PSoC4/C_Interrupt.c **** * Parameters:
 277:Generated_Source\PSoC4/C_Interrupt.c **** *   None
 278:Generated_Source\PSoC4/C_Interrupt.c **** *
 279:Generated_Source\PSoC4/C_Interrupt.c **** * Return:
 280:Generated_Source\PSoC4/C_Interrupt.c **** *   Priority of the interrupt, 0 being the highest priority
 281:Generated_Source\PSoC4/C_Interrupt.c **** *    PSoC 3 and PSoC 5LP: Priority is from 0 to 7.
 282:Generated_Source\PSoC4/C_Interrupt.c **** *    PSoC 4: Priority is from 0 to 3.
 283:Generated_Source\PSoC4/C_Interrupt.c **** *
 284:Generated_Source\PSoC4/C_Interrupt.c **** *******************************************************************************/
 285:Generated_Source\PSoC4/C_Interrupt.c **** uint8 C_Interrupt_GetPriority(void)
 286:Generated_Source\PSoC4/C_Interrupt.c **** {
 126              		.loc 1 286 0
 127              		.cfi_startproc
 128              		@ args = 0, pretend = 0, frame = 0
 129              		@ frame_needed = 0, uses_anonymous_args = 0
 130              		@ link register save eliminated.
 131              	.LVL5:
 287:Generated_Source\PSoC4/C_Interrupt.c ****     uint32 priority;
 288:Generated_Source\PSoC4/C_Interrupt.c **** 	uint32 priorityOffset = ((C_Interrupt__INTC_NUMBER % 4u) * 8u) + 6u;
 289:Generated_Source\PSoC4/C_Interrupt.c **** 
 290:Generated_Source\PSoC4/C_Interrupt.c ****     priority = (*C_Interrupt_INTC_PRIOR & C_Interrupt__INTC_PRIOR_MASK) >> priorityOffset;
 132              		.loc 1 290 0
 133 0000 024B     		ldr	r3, .L11
 134 0002 1868     		ldr	r0, [r3]
 135 0004 8009     		lsrs	r0, r0, #6
 136              	.LVL6:
 291:Generated_Source\PSoC4/C_Interrupt.c **** 
 292:Generated_Source\PSoC4/C_Interrupt.c ****     return (uint8)priority;
 137              		.loc 1 292 0
 138 0006 0323     		movs	r3, #3
 139 0008 1840     		ands	r0, r3
 140              	.LVL7:
 293:Generated_Source\PSoC4/C_Interrupt.c **** }
 141              		.loc 1 293 0
 142              		@ sp needed
 143 000a 7047     		bx	lr
 144              	.L12:
 145              		.align	2
 146              	.L11:
 147 000c 00E400E0 		.word	-536812544
 148              		.cfi_endproc
 149              	.LFE40:
 150              		.size	C_Interrupt_GetPriority, .-C_Interrupt_GetPriority
 151              		.section	.text.C_Interrupt_Enable,"ax",%progbits
 152              		.align	2
 153              		.global	C_Interrupt_Enable
 154              		.code	16
 155              		.thumb_func
 156              		.type	C_Interrupt_Enable, %function
 157              	C_Interrupt_Enable:
 158              	.LFB41:
 294:Generated_Source\PSoC4/C_Interrupt.c **** 
 295:Generated_Source\PSoC4/C_Interrupt.c **** 
 296:Generated_Source\PSoC4/C_Interrupt.c **** /*******************************************************************************
 297:Generated_Source\PSoC4/C_Interrupt.c **** * Function Name: C_Interrupt_Enable
ARM GAS  C:\Users\quint\AppData\Local\Temp\ccopH19s.s 			page 9


 298:Generated_Source\PSoC4/C_Interrupt.c **** ********************************************************************************
 299:Generated_Source\PSoC4/C_Interrupt.c **** *
 300:Generated_Source\PSoC4/C_Interrupt.c **** * Summary:
 301:Generated_Source\PSoC4/C_Interrupt.c **** *   Enables the interrupt to the interrupt controller. Do not call this function
 302:Generated_Source\PSoC4/C_Interrupt.c **** *   unless ISR_Start() has been called or the functionality of the ISR_Start() 
 303:Generated_Source\PSoC4/C_Interrupt.c **** *   function, which sets the vector and the priority, has been called.
 304:Generated_Source\PSoC4/C_Interrupt.c **** *
 305:Generated_Source\PSoC4/C_Interrupt.c **** * Parameters:
 306:Generated_Source\PSoC4/C_Interrupt.c **** *   None
 307:Generated_Source\PSoC4/C_Interrupt.c **** *
 308:Generated_Source\PSoC4/C_Interrupt.c **** * Return:
 309:Generated_Source\PSoC4/C_Interrupt.c **** *   None
 310:Generated_Source\PSoC4/C_Interrupt.c **** *
 311:Generated_Source\PSoC4/C_Interrupt.c **** *******************************************************************************/
 312:Generated_Source\PSoC4/C_Interrupt.c **** void C_Interrupt_Enable(void)
 313:Generated_Source\PSoC4/C_Interrupt.c **** {
 159              		.loc 1 313 0
 160              		.cfi_startproc
 161              		@ args = 0, pretend = 0, frame = 0
 162              		@ frame_needed = 0, uses_anonymous_args = 0
 163              		@ link register save eliminated.
 314:Generated_Source\PSoC4/C_Interrupt.c ****     /* Enable the general interrupt. */
 315:Generated_Source\PSoC4/C_Interrupt.c ****     *C_Interrupt_INTC_SET_EN = C_Interrupt__INTC_MASK;
 164              		.loc 1 315 0
 165 0000 0122     		movs	r2, #1
 166 0002 014B     		ldr	r3, .L14
 167 0004 1A60     		str	r2, [r3]
 316:Generated_Source\PSoC4/C_Interrupt.c **** }
 168              		.loc 1 316 0
 169              		@ sp needed
 170 0006 7047     		bx	lr
 171              	.L15:
 172              		.align	2
 173              	.L14:
 174 0008 00E100E0 		.word	-536813312
 175              		.cfi_endproc
 176              	.LFE41:
 177              		.size	C_Interrupt_Enable, .-C_Interrupt_Enable
 178              		.section	.text.C_Interrupt_GetState,"ax",%progbits
 179              		.align	2
 180              		.global	C_Interrupt_GetState
 181              		.code	16
 182              		.thumb_func
 183              		.type	C_Interrupt_GetState, %function
 184              	C_Interrupt_GetState:
 185              	.LFB42:
 317:Generated_Source\PSoC4/C_Interrupt.c **** 
 318:Generated_Source\PSoC4/C_Interrupt.c **** 
 319:Generated_Source\PSoC4/C_Interrupt.c **** /*******************************************************************************
 320:Generated_Source\PSoC4/C_Interrupt.c **** * Function Name: C_Interrupt_GetState
 321:Generated_Source\PSoC4/C_Interrupt.c **** ********************************************************************************
 322:Generated_Source\PSoC4/C_Interrupt.c **** *
 323:Generated_Source\PSoC4/C_Interrupt.c **** * Summary:
 324:Generated_Source\PSoC4/C_Interrupt.c **** *   Gets the state (enabled, disabled) of the Interrupt.
 325:Generated_Source\PSoC4/C_Interrupt.c **** *
 326:Generated_Source\PSoC4/C_Interrupt.c **** * Parameters:
 327:Generated_Source\PSoC4/C_Interrupt.c **** *   None
ARM GAS  C:\Users\quint\AppData\Local\Temp\ccopH19s.s 			page 10


 328:Generated_Source\PSoC4/C_Interrupt.c **** *
 329:Generated_Source\PSoC4/C_Interrupt.c **** * Return:
 330:Generated_Source\PSoC4/C_Interrupt.c **** *   1 if enabled, 0 if disabled.
 331:Generated_Source\PSoC4/C_Interrupt.c **** *
 332:Generated_Source\PSoC4/C_Interrupt.c **** *******************************************************************************/
 333:Generated_Source\PSoC4/C_Interrupt.c **** uint8 C_Interrupt_GetState(void)
 334:Generated_Source\PSoC4/C_Interrupt.c **** {
 186              		.loc 1 334 0
 187              		.cfi_startproc
 188              		@ args = 0, pretend = 0, frame = 0
 189              		@ frame_needed = 0, uses_anonymous_args = 0
 190              		@ link register save eliminated.
 335:Generated_Source\PSoC4/C_Interrupt.c ****     /* Get the state of the general interrupt. */
 336:Generated_Source\PSoC4/C_Interrupt.c ****     return ((*C_Interrupt_INTC_SET_EN & (uint32)C_Interrupt__INTC_MASK) != 0u) ? 1u:0u;
 191              		.loc 1 336 0
 192 0000 024B     		ldr	r3, .L17
 193 0002 1B68     		ldr	r3, [r3]
 194 0004 0120     		movs	r0, #1
 195 0006 1840     		ands	r0, r3
 337:Generated_Source\PSoC4/C_Interrupt.c **** }
 196              		.loc 1 337 0
 197              		@ sp needed
 198 0008 7047     		bx	lr
 199              	.L18:
 200 000a C046     		.align	2
 201              	.L17:
 202 000c 00E100E0 		.word	-536813312
 203              		.cfi_endproc
 204              	.LFE42:
 205              		.size	C_Interrupt_GetState, .-C_Interrupt_GetState
 206              		.section	.text.C_Interrupt_Disable,"ax",%progbits
 207              		.align	2
 208              		.global	C_Interrupt_Disable
 209              		.code	16
 210              		.thumb_func
 211              		.type	C_Interrupt_Disable, %function
 212              	C_Interrupt_Disable:
 213              	.LFB43:
 338:Generated_Source\PSoC4/C_Interrupt.c **** 
 339:Generated_Source\PSoC4/C_Interrupt.c **** 
 340:Generated_Source\PSoC4/C_Interrupt.c **** /*******************************************************************************
 341:Generated_Source\PSoC4/C_Interrupt.c **** * Function Name: C_Interrupt_Disable
 342:Generated_Source\PSoC4/C_Interrupt.c **** ********************************************************************************
 343:Generated_Source\PSoC4/C_Interrupt.c **** *
 344:Generated_Source\PSoC4/C_Interrupt.c **** * Summary:
 345:Generated_Source\PSoC4/C_Interrupt.c **** *   Disables the Interrupt in the interrupt controller.
 346:Generated_Source\PSoC4/C_Interrupt.c **** *
 347:Generated_Source\PSoC4/C_Interrupt.c **** * Parameters:
 348:Generated_Source\PSoC4/C_Interrupt.c **** *   None
 349:Generated_Source\PSoC4/C_Interrupt.c **** *
 350:Generated_Source\PSoC4/C_Interrupt.c **** * Return:
 351:Generated_Source\PSoC4/C_Interrupt.c **** *   None
 352:Generated_Source\PSoC4/C_Interrupt.c **** *
 353:Generated_Source\PSoC4/C_Interrupt.c **** *******************************************************************************/
 354:Generated_Source\PSoC4/C_Interrupt.c **** void C_Interrupt_Disable(void)
 355:Generated_Source\PSoC4/C_Interrupt.c **** {
 214              		.loc 1 355 0
ARM GAS  C:\Users\quint\AppData\Local\Temp\ccopH19s.s 			page 11


 215              		.cfi_startproc
 216              		@ args = 0, pretend = 0, frame = 0
 217              		@ frame_needed = 0, uses_anonymous_args = 0
 218              		@ link register save eliminated.
 356:Generated_Source\PSoC4/C_Interrupt.c ****     /* Disable the general interrupt. */
 357:Generated_Source\PSoC4/C_Interrupt.c ****     *C_Interrupt_INTC_CLR_EN = C_Interrupt__INTC_MASK;
 219              		.loc 1 357 0
 220 0000 0122     		movs	r2, #1
 221 0002 014B     		ldr	r3, .L20
 222 0004 1A60     		str	r2, [r3]
 358:Generated_Source\PSoC4/C_Interrupt.c **** }
 223              		.loc 1 358 0
 224              		@ sp needed
 225 0006 7047     		bx	lr
 226              	.L21:
 227              		.align	2
 228              	.L20:
 229 0008 80E100E0 		.word	-536813184
 230              		.cfi_endproc
 231              	.LFE43:
 232              		.size	C_Interrupt_Disable, .-C_Interrupt_Disable
 233              		.section	.text.C_Interrupt_Start,"ax",%progbits
 234              		.align	2
 235              		.global	C_Interrupt_Start
 236              		.code	16
 237              		.thumb_func
 238              		.type	C_Interrupt_Start, %function
 239              	C_Interrupt_Start:
 240              	.LFB33:
  61:Generated_Source\PSoC4/C_Interrupt.c ****     /* For all we know the interrupt is active. */
 241              		.loc 1 61 0
 242              		.cfi_startproc
 243              		@ args = 0, pretend = 0, frame = 0
 244              		@ frame_needed = 0, uses_anonymous_args = 0
 245 0000 10B5     		push	{r4, lr}
 246              		.cfi_def_cfa_offset 8
 247              		.cfi_offset 4, -8
 248              		.cfi_offset 14, -4
  63:Generated_Source\PSoC4/C_Interrupt.c **** 
 249              		.loc 1 63 0
 250 0002 FFF7FEFF 		bl	C_Interrupt_Disable
 251              	.LVL8:
  66:Generated_Source\PSoC4/C_Interrupt.c **** 
 252              		.loc 1 66 0
 253 0006 0448     		ldr	r0, .L23
 254 0008 FFF7FEFF 		bl	C_Interrupt_SetVector
 255              	.LVL9:
  69:Generated_Source\PSoC4/C_Interrupt.c **** 
 256              		.loc 1 69 0
 257 000c 0320     		movs	r0, #3
 258 000e FFF7FEFF 		bl	C_Interrupt_SetPriority
 259              	.LVL10:
  72:Generated_Source\PSoC4/C_Interrupt.c **** }
 260              		.loc 1 72 0
 261 0012 FFF7FEFF 		bl	C_Interrupt_Enable
 262              	.LVL11:
  73:Generated_Source\PSoC4/C_Interrupt.c **** 
ARM GAS  C:\Users\quint\AppData\Local\Temp\ccopH19s.s 			page 12


 263              		.loc 1 73 0
 264              		@ sp needed
 265 0016 10BD     		pop	{r4, pc}
 266              	.L24:
 267              		.align	2
 268              	.L23:
 269 0018 00000000 		.word	C_Interrupt_Interrupt
 270              		.cfi_endproc
 271              	.LFE33:
 272              		.size	C_Interrupt_Start, .-C_Interrupt_Start
 273              		.section	.text.C_Interrupt_StartEx,"ax",%progbits
 274              		.align	2
 275              		.global	C_Interrupt_StartEx
 276              		.code	16
 277              		.thumb_func
 278              		.type	C_Interrupt_StartEx, %function
 279              	C_Interrupt_StartEx:
 280              	.LFB34:
 104:Generated_Source\PSoC4/C_Interrupt.c ****     /* For all we know the interrupt is active. */
 281              		.loc 1 104 0
 282              		.cfi_startproc
 283              		@ args = 0, pretend = 0, frame = 0
 284              		@ frame_needed = 0, uses_anonymous_args = 0
 285              	.LVL12:
 286 0000 10B5     		push	{r4, lr}
 287              		.cfi_def_cfa_offset 8
 288              		.cfi_offset 4, -8
 289              		.cfi_offset 14, -4
 290 0002 0400     		movs	r4, r0
 106:Generated_Source\PSoC4/C_Interrupt.c **** 
 291              		.loc 1 106 0
 292 0004 FFF7FEFF 		bl	C_Interrupt_Disable
 293              	.LVL13:
 109:Generated_Source\PSoC4/C_Interrupt.c **** 
 294              		.loc 1 109 0
 295 0008 2000     		movs	r0, r4
 296 000a FFF7FEFF 		bl	C_Interrupt_SetVector
 297              	.LVL14:
 112:Generated_Source\PSoC4/C_Interrupt.c **** 
 298              		.loc 1 112 0
 299 000e 0320     		movs	r0, #3
 300 0010 FFF7FEFF 		bl	C_Interrupt_SetPriority
 301              	.LVL15:
 115:Generated_Source\PSoC4/C_Interrupt.c **** }
 302              		.loc 1 115 0
 303 0014 FFF7FEFF 		bl	C_Interrupt_Enable
 304              	.LVL16:
 116:Generated_Source\PSoC4/C_Interrupt.c **** 
 305              		.loc 1 116 0
 306              		@ sp needed
 307              	.LVL17:
 308 0018 10BD     		pop	{r4, pc}
 309              		.cfi_endproc
 310              	.LFE34:
 311              		.size	C_Interrupt_StartEx, .-C_Interrupt_StartEx
 312 001a C046     		.section	.text.C_Interrupt_Stop,"ax",%progbits
 313              		.align	2
ARM GAS  C:\Users\quint\AppData\Local\Temp\ccopH19s.s 			page 13


 314              		.global	C_Interrupt_Stop
 315              		.code	16
 316              		.thumb_func
 317              		.type	C_Interrupt_Stop, %function
 318              	C_Interrupt_Stop:
 319              	.LFB35:
 134:Generated_Source\PSoC4/C_Interrupt.c ****     /* Disable this interrupt. */
 320              		.loc 1 134 0
 321              		.cfi_startproc
 322              		@ args = 0, pretend = 0, frame = 0
 323              		@ frame_needed = 0, uses_anonymous_args = 0
 324 0000 10B5     		push	{r4, lr}
 325              		.cfi_def_cfa_offset 8
 326              		.cfi_offset 4, -8
 327              		.cfi_offset 14, -4
 136:Generated_Source\PSoC4/C_Interrupt.c **** 
 328              		.loc 1 136 0
 329 0002 FFF7FEFF 		bl	C_Interrupt_Disable
 330              	.LVL18:
 139:Generated_Source\PSoC4/C_Interrupt.c **** }
 331              		.loc 1 139 0
 332 0006 0248     		ldr	r0, .L27
 333 0008 FFF7FEFF 		bl	C_Interrupt_SetVector
 334              	.LVL19:
 140:Generated_Source\PSoC4/C_Interrupt.c **** 
 335              		.loc 1 140 0
 336              		@ sp needed
 337 000c 10BD     		pop	{r4, pc}
 338              	.L28:
 339 000e C046     		.align	2
 340              	.L27:
 341 0010 00000000 		.word	IntDefaultHandler
 342              		.cfi_endproc
 343              	.LFE35:
 344              		.size	C_Interrupt_Stop, .-C_Interrupt_Stop
 345              		.section	.text.C_Interrupt_SetPending,"ax",%progbits
 346              		.align	2
 347              		.global	C_Interrupt_SetPending
 348              		.code	16
 349              		.thumb_func
 350              		.type	C_Interrupt_SetPending, %function
 351              	C_Interrupt_SetPending:
 352              	.LFB44:
 359:Generated_Source\PSoC4/C_Interrupt.c **** 
 360:Generated_Source\PSoC4/C_Interrupt.c **** 
 361:Generated_Source\PSoC4/C_Interrupt.c **** /*******************************************************************************
 362:Generated_Source\PSoC4/C_Interrupt.c **** * Function Name: C_Interrupt_SetPending
 363:Generated_Source\PSoC4/C_Interrupt.c **** ********************************************************************************
 364:Generated_Source\PSoC4/C_Interrupt.c **** *
 365:Generated_Source\PSoC4/C_Interrupt.c **** * Summary:
 366:Generated_Source\PSoC4/C_Interrupt.c **** *   Causes the Interrupt to enter the pending state, a software method of
 367:Generated_Source\PSoC4/C_Interrupt.c **** *   generating the interrupt.
 368:Generated_Source\PSoC4/C_Interrupt.c **** *
 369:Generated_Source\PSoC4/C_Interrupt.c **** * Parameters:
 370:Generated_Source\PSoC4/C_Interrupt.c **** *   None
 371:Generated_Source\PSoC4/C_Interrupt.c **** *
 372:Generated_Source\PSoC4/C_Interrupt.c **** * Return:
ARM GAS  C:\Users\quint\AppData\Local\Temp\ccopH19s.s 			page 14


 373:Generated_Source\PSoC4/C_Interrupt.c **** *   None
 374:Generated_Source\PSoC4/C_Interrupt.c **** *
 375:Generated_Source\PSoC4/C_Interrupt.c **** * Side Effects:
 376:Generated_Source\PSoC4/C_Interrupt.c **** *   If interrupts are enabled and the interrupt is set up properly, the ISR is
 377:Generated_Source\PSoC4/C_Interrupt.c **** *   entered (depending on the priority of this interrupt and other pending 
 378:Generated_Source\PSoC4/C_Interrupt.c **** *   interrupts).
 379:Generated_Source\PSoC4/C_Interrupt.c **** *
 380:Generated_Source\PSoC4/C_Interrupt.c **** *******************************************************************************/
 381:Generated_Source\PSoC4/C_Interrupt.c **** void C_Interrupt_SetPending(void)
 382:Generated_Source\PSoC4/C_Interrupt.c **** {
 353              		.loc 1 382 0
 354              		.cfi_startproc
 355              		@ args = 0, pretend = 0, frame = 0
 356              		@ frame_needed = 0, uses_anonymous_args = 0
 357              		@ link register save eliminated.
 383:Generated_Source\PSoC4/C_Interrupt.c ****     *C_Interrupt_INTC_SET_PD = C_Interrupt__INTC_MASK;
 358              		.loc 1 383 0
 359 0000 0122     		movs	r2, #1
 360 0002 014B     		ldr	r3, .L30
 361 0004 1A60     		str	r2, [r3]
 384:Generated_Source\PSoC4/C_Interrupt.c **** }
 362              		.loc 1 384 0
 363              		@ sp needed
 364 0006 7047     		bx	lr
 365              	.L31:
 366              		.align	2
 367              	.L30:
 368 0008 00E200E0 		.word	-536813056
 369              		.cfi_endproc
 370              	.LFE44:
 371              		.size	C_Interrupt_SetPending, .-C_Interrupt_SetPending
 372              		.section	.text.C_Interrupt_ClearPending,"ax",%progbits
 373              		.align	2
 374              		.global	C_Interrupt_ClearPending
 375              		.code	16
 376              		.thumb_func
 377              		.type	C_Interrupt_ClearPending, %function
 378              	C_Interrupt_ClearPending:
 379              	.LFB45:
 385:Generated_Source\PSoC4/C_Interrupt.c **** 
 386:Generated_Source\PSoC4/C_Interrupt.c **** 
 387:Generated_Source\PSoC4/C_Interrupt.c **** /*******************************************************************************
 388:Generated_Source\PSoC4/C_Interrupt.c **** * Function Name: C_Interrupt_ClearPending
 389:Generated_Source\PSoC4/C_Interrupt.c **** ********************************************************************************
 390:Generated_Source\PSoC4/C_Interrupt.c **** *
 391:Generated_Source\PSoC4/C_Interrupt.c **** * Summary:
 392:Generated_Source\PSoC4/C_Interrupt.c **** *   Clears a pending interrupt in the interrupt controller.
 393:Generated_Source\PSoC4/C_Interrupt.c **** *
 394:Generated_Source\PSoC4/C_Interrupt.c **** *   Note Some interrupt sources are clear-on-read and require the block 
 395:Generated_Source\PSoC4/C_Interrupt.c **** *   interrupt/status register to be read/cleared with the appropriate block API 
 396:Generated_Source\PSoC4/C_Interrupt.c **** *   (GPIO, UART, and so on). Otherwise the ISR will continue to remain in 
 397:Generated_Source\PSoC4/C_Interrupt.c **** *   pending state even though the interrupt itself is cleared using this API.
 398:Generated_Source\PSoC4/C_Interrupt.c **** *
 399:Generated_Source\PSoC4/C_Interrupt.c **** * Parameters:
 400:Generated_Source\PSoC4/C_Interrupt.c **** *   None
 401:Generated_Source\PSoC4/C_Interrupt.c **** *
 402:Generated_Source\PSoC4/C_Interrupt.c **** * Return:
ARM GAS  C:\Users\quint\AppData\Local\Temp\ccopH19s.s 			page 15


 403:Generated_Source\PSoC4/C_Interrupt.c **** *   None
 404:Generated_Source\PSoC4/C_Interrupt.c **** *
 405:Generated_Source\PSoC4/C_Interrupt.c **** *******************************************************************************/
 406:Generated_Source\PSoC4/C_Interrupt.c **** void C_Interrupt_ClearPending(void)
 407:Generated_Source\PSoC4/C_Interrupt.c **** {
 380              		.loc 1 407 0
 381              		.cfi_startproc
 382              		@ args = 0, pretend = 0, frame = 0
 383              		@ frame_needed = 0, uses_anonymous_args = 0
 384              		@ link register save eliminated.
 408:Generated_Source\PSoC4/C_Interrupt.c ****     *C_Interrupt_INTC_CLR_PD = C_Interrupt__INTC_MASK;
 385              		.loc 1 408 0
 386 0000 0122     		movs	r2, #1
 387 0002 014B     		ldr	r3, .L33
 388 0004 1A60     		str	r2, [r3]
 409:Generated_Source\PSoC4/C_Interrupt.c **** }
 389              		.loc 1 409 0
 390              		@ sp needed
 391 0006 7047     		bx	lr
 392              	.L34:
 393              		.align	2
 394              	.L33:
 395 0008 80E200E0 		.word	-536812928
 396              		.cfi_endproc
 397              	.LFE45:
 398              		.size	C_Interrupt_ClearPending, .-C_Interrupt_ClearPending
 399              		.section	.text.C_Interrupt_Interrupt,"ax",%progbits
 400              		.align	2
 401              		.global	C_Interrupt_Interrupt
 402              		.code	16
 403              		.thumb_func
 404              		.type	C_Interrupt_Interrupt, %function
 405              	C_Interrupt_Interrupt:
 406              	.LFB36:
 164:Generated_Source\PSoC4/C_Interrupt.c ****     #ifdef C_Interrupt_INTERRUPT_INTERRUPT_CALLBACK
 407              		.loc 1 164 0
 408              		.cfi_startproc
 409              		@ args = 0, pretend = 0, frame = 0
 410              		@ frame_needed = 0, uses_anonymous_args = 0
 411 0000 10B5     		push	{r4, lr}
 412              		.cfi_def_cfa_offset 8
 413              		.cfi_offset 4, -8
 414              		.cfi_offset 14, -4
 175:Generated_Source\PSoC4/C_Interrupt.c ****     /* `#END` */
 415              		.loc 1 175 0
 416 0002 FFF7FEFF 		bl	C_Interrupt_ClearPending
 417              	.LVL20:
 177:Generated_Source\PSoC4/C_Interrupt.c **** 
 418              		.loc 1 177 0
 419              		@ sp needed
 420 0006 10BD     		pop	{r4, pc}
 421              		.cfi_endproc
 422              	.LFE36:
 423              		.size	C_Interrupt_Interrupt, .-C_Interrupt_Interrupt
 424              		.comm	GLCD_FONT8x16,1552,4
 425              		.text
 426              	.Letext0:
ARM GAS  C:\Users\quint\AppData\Local\Temp\ccopH19s.s 			page 16


 427              		.file 2 "Generated_Source\\PSoC4/cytypes.h"
 428              		.file 3 "Generated_Source\\PSoC4\\GLCD.h"
 429              		.file 4 "Generated_Source\\PSoC4/CyLib.h"
 430              		.section	.debug_info,"",%progbits
 431              	.Ldebug_info0:
 432 0000 44030000 		.4byte	0x344
 433 0004 0400     		.2byte	0x4
 434 0006 00000000 		.4byte	.Ldebug_abbrev0
 435 000a 04       		.byte	0x4
 436 000b 01       		.uleb128 0x1
 437 000c F8010000 		.4byte	.LASF38
 438 0010 0C       		.byte	0xc
 439 0011 FE020000 		.4byte	.LASF39
 440 0015 AB010000 		.4byte	.LASF40
 441 0019 00000000 		.4byte	.Ldebug_ranges0+0
 442 001d 00000000 		.4byte	0
 443 0021 00000000 		.4byte	.Ldebug_line0
 444 0025 02       		.uleb128 0x2
 445 0026 01       		.byte	0x1
 446 0027 06       		.byte	0x6
 447 0028 4B030000 		.4byte	.LASF0
 448 002c 02       		.uleb128 0x2
 449 002d 01       		.byte	0x1
 450 002e 08       		.byte	0x8
 451 002f 9D000000 		.4byte	.LASF1
 452 0033 02       		.uleb128 0x2
 453 0034 02       		.byte	0x2
 454 0035 05       		.byte	0x5
 455 0036 C9020000 		.4byte	.LASF2
 456 003a 02       		.uleb128 0x2
 457 003b 02       		.byte	0x2
 458 003c 07       		.byte	0x7
 459 003d CC000000 		.4byte	.LASF3
 460 0041 02       		.uleb128 0x2
 461 0042 04       		.byte	0x4
 462 0043 05       		.byte	0x5
 463 0044 23030000 		.4byte	.LASF4
 464 0048 02       		.uleb128 0x2
 465 0049 04       		.byte	0x4
 466 004a 07       		.byte	0x7
 467 004b BA000000 		.4byte	.LASF5
 468 004f 02       		.uleb128 0x2
 469 0050 08       		.byte	0x8
 470 0051 05       		.byte	0x5
 471 0052 A8020000 		.4byte	.LASF6
 472 0056 02       		.uleb128 0x2
 473 0057 08       		.byte	0x8
 474 0058 07       		.byte	0x7
 475 0059 71010000 		.4byte	.LASF7
 476 005d 03       		.uleb128 0x3
 477 005e 04       		.byte	0x4
 478 005f 05       		.byte	0x5
 479 0060 696E7400 		.ascii	"int\000"
 480 0064 02       		.uleb128 0x2
 481 0065 04       		.byte	0x4
 482 0066 07       		.byte	0x7
 483 0067 52010000 		.4byte	.LASF8
ARM GAS  C:\Users\quint\AppData\Local\Temp\ccopH19s.s 			page 17


 484 006b 04       		.uleb128 0x4
 485 006c D3020000 		.4byte	.LASF9
 486 0070 02       		.byte	0x2
 487 0071 E401     		.2byte	0x1e4
 488 0073 2C000000 		.4byte	0x2c
 489 0077 04       		.uleb128 0x4
 490 0078 34010000 		.4byte	.LASF10
 491 007c 02       		.byte	0x2
 492 007d E601     		.2byte	0x1e6
 493 007f 48000000 		.4byte	0x48
 494 0083 02       		.uleb128 0x2
 495 0084 04       		.byte	0x4
 496 0085 04       		.byte	0x4
 497 0086 86000000 		.4byte	.LASF11
 498 008a 02       		.uleb128 0x2
 499 008b 08       		.byte	0x8
 500 008c 04       		.byte	0x4
 501 008d 2D010000 		.4byte	.LASF12
 502 0091 02       		.uleb128 0x2
 503 0092 01       		.byte	0x1
 504 0093 08       		.byte	0x8
 505 0094 C4020000 		.4byte	.LASF13
 506 0098 04       		.uleb128 0x4
 507 0099 18000000 		.4byte	.LASF14
 508 009d 02       		.byte	0x2
 509 009e 9002     		.2byte	0x290
 510 00a0 A4000000 		.4byte	0xa4
 511 00a4 05       		.uleb128 0x5
 512 00a5 77000000 		.4byte	0x77
 513 00a9 04       		.uleb128 0x4
 514 00aa 9E010000 		.4byte	.LASF15
 515 00ae 02       		.byte	0x2
 516 00af A002     		.2byte	0x2a0
 517 00b1 B5000000 		.4byte	0xb5
 518 00b5 06       		.uleb128 0x6
 519 00b6 04       		.byte	0x4
 520 00b7 BB000000 		.4byte	0xbb
 521 00bb 07       		.uleb128 0x7
 522 00bc 02       		.uleb128 0x2
 523 00bd 08       		.byte	0x8
 524 00be 04       		.byte	0x4
 525 00bf 3F030000 		.4byte	.LASF16
 526 00c3 02       		.uleb128 0x2
 527 00c4 04       		.byte	0x4
 528 00c5 07       		.byte	0x7
 529 00c6 9F020000 		.4byte	.LASF17
 530 00ca 08       		.uleb128 0x8
 531 00cb 5C000000 		.4byte	.LASF18
 532 00cf 01       		.byte	0x1
 533 00d0 CF       		.byte	0xcf
 534 00d1 00000000 		.4byte	.LFB37
 535 00d5 0C000000 		.4byte	.LFE37-.LFB37
 536 00d9 01       		.uleb128 0x1
 537 00da 9C       		.byte	0x9c
 538 00db ED000000 		.4byte	0xed
 539 00df 09       		.uleb128 0x9
 540 00e0 54000000 		.4byte	.LASF20
ARM GAS  C:\Users\quint\AppData\Local\Temp\ccopH19s.s 			page 18


 541 00e4 01       		.byte	0x1
 542 00e5 CF       		.byte	0xcf
 543 00e6 A9000000 		.4byte	0xa9
 544 00ea 01       		.uleb128 0x1
 545 00eb 50       		.byte	0x50
 546 00ec 00       		.byte	0
 547 00ed 0A       		.uleb128 0xa
 548 00ee DF000000 		.4byte	.LASF24
 549 00f2 01       		.byte	0x1
 550 00f3 E3       		.byte	0xe3
 551 00f4 A9000000 		.4byte	0xa9
 552 00f8 00000000 		.4byte	.LFB38
 553 00fc 0C000000 		.4byte	.LFE38-.LFB38
 554 0100 01       		.uleb128 0x1
 555 0101 9C       		.byte	0x9c
 556 0102 0B       		.uleb128 0xb
 557 0103 FE000000 		.4byte	.LASF19
 558 0107 01       		.byte	0x1
 559 0108 0101     		.2byte	0x101
 560 010a 00000000 		.4byte	.LFB39
 561 010e 20000000 		.4byte	.LFE39-.LFB39
 562 0112 01       		.uleb128 0x1
 563 0113 9C       		.byte	0x9c
 564 0114 58010000 		.4byte	0x158
 565 0118 0C       		.uleb128 0xc
 566 0119 F5000000 		.4byte	.LASF21
 567 011d 01       		.byte	0x1
 568 011e 0101     		.2byte	0x101
 569 0120 6B000000 		.4byte	0x6b
 570 0124 00000000 		.4byte	.LLST0
 571 0128 0D       		.uleb128 0xd
 572 0129 AB000000 		.4byte	.LASF22
 573 012d 01       		.byte	0x1
 574 012e 0301     		.2byte	0x103
 575 0130 6B000000 		.4byte	0x6b
 576 0134 21000000 		.4byte	.LLST1
 577 0138 0E       		.uleb128 0xe
 578 0139 EF020000 		.4byte	.LASF23
 579 013d 01       		.byte	0x1
 580 013e 0401     		.2byte	0x104
 581 0140 77000000 		.4byte	0x77
 582 0144 06       		.byte	0x6
 583 0145 0F       		.uleb128 0xf
 584 0146 08000000 		.4byte	.LVL3
 585 014a 31030000 		.4byte	0x331
 586 014e 0F       		.uleb128 0xf
 587 014f 1A000000 		.4byte	.LVL4
 588 0153 3C030000 		.4byte	0x33c
 589 0157 00       		.byte	0
 590 0158 10       		.uleb128 0x10
 591 0159 00000000 		.4byte	.LASF41
 592 015d 01       		.byte	0x1
 593 015e 1D01     		.2byte	0x11d
 594 0160 6B000000 		.4byte	0x6b
 595 0164 00000000 		.4byte	.LFB40
 596 0168 10000000 		.4byte	.LFE40-.LFB40
 597 016c 01       		.uleb128 0x1
ARM GAS  C:\Users\quint\AppData\Local\Temp\ccopH19s.s 			page 19


 598 016d 9C       		.byte	0x9c
 599 016e 90010000 		.4byte	0x190
 600 0172 0D       		.uleb128 0xd
 601 0173 F5000000 		.4byte	.LASF21
 602 0177 01       		.byte	0x1
 603 0178 1F01     		.2byte	0x11f
 604 017a 77000000 		.4byte	0x77
 605 017e 34000000 		.4byte	.LLST2
 606 0182 0E       		.uleb128 0xe
 607 0183 EF020000 		.4byte	.LASF23
 608 0187 01       		.byte	0x1
 609 0188 2001     		.2byte	0x120
 610 018a 77000000 		.4byte	0x77
 611 018e 06       		.byte	0x6
 612 018f 00       		.byte	0
 613 0190 11       		.uleb128 0x11
 614 0191 2C030000 		.4byte	.LASF26
 615 0195 01       		.byte	0x1
 616 0196 3801     		.2byte	0x138
 617 0198 00000000 		.4byte	.LFB41
 618 019c 0C000000 		.4byte	.LFE41-.LFB41
 619 01a0 01       		.uleb128 0x1
 620 01a1 9C       		.byte	0x9c
 621 01a2 12       		.uleb128 0x12
 622 01a3 3F000000 		.4byte	.LASF25
 623 01a7 01       		.byte	0x1
 624 01a8 4D01     		.2byte	0x14d
 625 01aa 6B000000 		.4byte	0x6b
 626 01ae 00000000 		.4byte	.LFB42
 627 01b2 10000000 		.4byte	.LFE42-.LFB42
 628 01b6 01       		.uleb128 0x1
 629 01b7 9C       		.byte	0x9c
 630 01b8 11       		.uleb128 0x11
 631 01b9 72000000 		.4byte	.LASF27
 632 01bd 01       		.byte	0x1
 633 01be 6201     		.2byte	0x162
 634 01c0 00000000 		.4byte	.LFB43
 635 01c4 0C000000 		.4byte	.LFE43-.LFB43
 636 01c8 01       		.uleb128 0x1
 637 01c9 9C       		.byte	0x9c
 638 01ca 08       		.uleb128 0x8
 639 01cb 5F010000 		.4byte	.LASF28
 640 01cf 01       		.byte	0x1
 641 01d0 3C       		.byte	0x3c
 642 01d1 00000000 		.4byte	.LFB33
 643 01d5 1C000000 		.4byte	.LFE33-.LFB33
 644 01d9 01       		.uleb128 0x1
 645 01da 9C       		.byte	0x9c
 646 01db 1C020000 		.4byte	0x21c
 647 01df 0F       		.uleb128 0xf
 648 01e0 06000000 		.4byte	.LVL8
 649 01e4 B8010000 		.4byte	0x1b8
 650 01e8 13       		.uleb128 0x13
 651 01e9 0C000000 		.4byte	.LVL9
 652 01ed CA000000 		.4byte	0xca
 653 01f1 FF010000 		.4byte	0x1ff
 654 01f5 14       		.uleb128 0x14
ARM GAS  C:\Users\quint\AppData\Local\Temp\ccopH19s.s 			page 20


 655 01f6 01       		.uleb128 0x1
 656 01f7 50       		.byte	0x50
 657 01f8 05       		.uleb128 0x5
 658 01f9 03       		.byte	0x3
 659 01fa 00000000 		.4byte	C_Interrupt_Interrupt
 660 01fe 00       		.byte	0
 661 01ff 13       		.uleb128 0x13
 662 0200 12000000 		.4byte	.LVL10
 663 0204 02010000 		.4byte	0x102
 664 0208 12020000 		.4byte	0x212
 665 020c 14       		.uleb128 0x14
 666 020d 01       		.uleb128 0x1
 667 020e 50       		.byte	0x50
 668 020f 01       		.uleb128 0x1
 669 0210 33       		.byte	0x33
 670 0211 00       		.byte	0
 671 0212 0F       		.uleb128 0xf
 672 0213 16000000 		.4byte	.LVL11
 673 0217 90010000 		.4byte	0x190
 674 021b 00       		.byte	0
 675 021c 08       		.uleb128 0x8
 676 021d 2B000000 		.4byte	.LASF29
 677 0221 01       		.byte	0x1
 678 0222 67       		.byte	0x67
 679 0223 00000000 		.4byte	.LFB34
 680 0227 1A000000 		.4byte	.LFE34-.LFB34
 681 022b 01       		.uleb128 0x1
 682 022c 9C       		.byte	0x9c
 683 022d 7A020000 		.4byte	0x27a
 684 0231 15       		.uleb128 0x15
 685 0232 54000000 		.4byte	.LASF20
 686 0236 01       		.byte	0x1
 687 0237 67       		.byte	0x67
 688 0238 A9000000 		.4byte	0xa9
 689 023c 56000000 		.4byte	.LLST3
 690 0240 0F       		.uleb128 0xf
 691 0241 08000000 		.4byte	.LVL13
 692 0245 B8010000 		.4byte	0x1b8
 693 0249 13       		.uleb128 0x13
 694 024a 0E000000 		.4byte	.LVL14
 695 024e CA000000 		.4byte	0xca
 696 0252 5D020000 		.4byte	0x25d
 697 0256 14       		.uleb128 0x14
 698 0257 01       		.uleb128 0x1
 699 0258 50       		.byte	0x50
 700 0259 02       		.uleb128 0x2
 701 025a 74       		.byte	0x74
 702 025b 00       		.sleb128 0
 703 025c 00       		.byte	0
 704 025d 13       		.uleb128 0x13
 705 025e 14000000 		.4byte	.LVL15
 706 0262 02010000 		.4byte	0x102
 707 0266 70020000 		.4byte	0x270
 708 026a 14       		.uleb128 0x14
 709 026b 01       		.uleb128 0x1
 710 026c 50       		.byte	0x50
 711 026d 01       		.uleb128 0x1
ARM GAS  C:\Users\quint\AppData\Local\Temp\ccopH19s.s 			page 21


 712 026e 33       		.byte	0x33
 713 026f 00       		.byte	0
 714 0270 0F       		.uleb128 0xf
 715 0271 18000000 		.4byte	.LVL16
 716 0275 90010000 		.4byte	0x190
 717 0279 00       		.byte	0
 718 027a 08       		.uleb128 0x8
 719 027b 8C000000 		.4byte	.LASF30
 720 027f 01       		.byte	0x1
 721 0280 85       		.byte	0x85
 722 0281 00000000 		.4byte	.LFB35
 723 0285 14000000 		.4byte	.LFE35-.LFB35
 724 0289 01       		.uleb128 0x1
 725 028a 9C       		.byte	0x9c
 726 028b A2020000 		.4byte	0x2a2
 727 028f 0F       		.uleb128 0xf
 728 0290 06000000 		.4byte	.LVL18
 729 0294 B8010000 		.4byte	0x1b8
 730 0298 0F       		.uleb128 0xf
 731 0299 0C000000 		.4byte	.LVL19
 732 029d CA000000 		.4byte	0xca
 733 02a1 00       		.byte	0
 734 02a2 11       		.uleb128 0x11
 735 02a3 16010000 		.4byte	.LASF31
 736 02a7 01       		.byte	0x1
 737 02a8 7D01     		.2byte	0x17d
 738 02aa 00000000 		.4byte	.LFB44
 739 02ae 0C000000 		.4byte	.LFE44-.LFB44
 740 02b2 01       		.uleb128 0x1
 741 02b3 9C       		.byte	0x9c
 742 02b4 11       		.uleb128 0x11
 743 02b5 86020000 		.4byte	.LASF32
 744 02b9 01       		.byte	0x1
 745 02ba 9601     		.2byte	0x196
 746 02bc 00000000 		.4byte	.LFB45
 747 02c0 0C000000 		.4byte	.LFE45-.LFB45
 748 02c4 01       		.uleb128 0x1
 749 02c5 9C       		.byte	0x9c
 750 02c6 08       		.uleb128 0x8
 751 02c7 88010000 		.4byte	.LASF33
 752 02cb 01       		.byte	0x1
 753 02cc A3       		.byte	0xa3
 754 02cd 00000000 		.4byte	.LFB36
 755 02d1 08000000 		.4byte	.LFE36-.LFB36
 756 02d5 01       		.uleb128 0x1
 757 02d6 9C       		.byte	0x9c
 758 02d7 E5020000 		.4byte	0x2e5
 759 02db 0F       		.uleb128 0xf
 760 02dc 06000000 		.4byte	.LVL20
 761 02e0 B4020000 		.4byte	0x2b4
 762 02e4 00       		.byte	0
 763 02e5 16       		.uleb128 0x16
 764 02e6 FB020000 		.4byte	0x2fb
 765 02ea FB020000 		.4byte	0x2fb
 766 02ee 17       		.uleb128 0x17
 767 02ef C3000000 		.4byte	0xc3
 768 02f3 60       		.byte	0x60
ARM GAS  C:\Users\quint\AppData\Local\Temp\ccopH19s.s 			page 22


 769 02f4 17       		.uleb128 0x17
 770 02f5 C3000000 		.4byte	0xc3
 771 02f9 0F       		.byte	0xf
 772 02fa 00       		.byte	0
 773 02fb 18       		.uleb128 0x18
 774 02fc 6B000000 		.4byte	0x6b
 775 0300 19       		.uleb128 0x19
 776 0301 B6020000 		.4byte	.LASF34
 777 0305 03       		.byte	0x3
 778 0306 42       		.byte	0x42
 779 0307 11030000 		.4byte	0x311
 780 030b 05       		.uleb128 0x5
 781 030c 03       		.byte	0x3
 782 030d 00000000 		.4byte	GLCD_FONT8x16
 783 0311 18       		.uleb128 0x18
 784 0312 E5020000 		.4byte	0x2e5
 785 0316 16       		.uleb128 0x16
 786 0317 A9000000 		.4byte	0xa9
 787 031b 26030000 		.4byte	0x326
 788 031f 17       		.uleb128 0x17
 789 0320 C3000000 		.4byte	0xc3
 790 0324 2F       		.byte	0x2f
 791 0325 00       		.byte	0
 792 0326 1A       		.uleb128 0x1a
 793 0327 1E000000 		.4byte	.LASF35
 794 032b 01       		.byte	0x1
 795 032c 25       		.byte	0x25
 796 032d 16030000 		.4byte	0x316
 797 0331 1B       		.uleb128 0x1b
 798 0332 3B010000 		.4byte	.LASF36
 799 0336 3B010000 		.4byte	.LASF36
 800 033a 04       		.byte	0x4
 801 033b E5       		.byte	0xe5
 802 033c 1B       		.uleb128 0x1b
 803 033d D9020000 		.4byte	.LASF37
 804 0341 D9020000 		.4byte	.LASF37
 805 0345 04       		.byte	0x4
 806 0346 E6       		.byte	0xe6
 807 0347 00       		.byte	0
 808              		.section	.debug_abbrev,"",%progbits
 809              	.Ldebug_abbrev0:
 810 0000 01       		.uleb128 0x1
 811 0001 11       		.uleb128 0x11
 812 0002 01       		.byte	0x1
 813 0003 25       		.uleb128 0x25
 814 0004 0E       		.uleb128 0xe
 815 0005 13       		.uleb128 0x13
 816 0006 0B       		.uleb128 0xb
 817 0007 03       		.uleb128 0x3
 818 0008 0E       		.uleb128 0xe
 819 0009 1B       		.uleb128 0x1b
 820 000a 0E       		.uleb128 0xe
 821 000b 55       		.uleb128 0x55
 822 000c 17       		.uleb128 0x17
 823 000d 11       		.uleb128 0x11
 824 000e 01       		.uleb128 0x1
 825 000f 10       		.uleb128 0x10
ARM GAS  C:\Users\quint\AppData\Local\Temp\ccopH19s.s 			page 23


 826 0010 17       		.uleb128 0x17
 827 0011 00       		.byte	0
 828 0012 00       		.byte	0
 829 0013 02       		.uleb128 0x2
 830 0014 24       		.uleb128 0x24
 831 0015 00       		.byte	0
 832 0016 0B       		.uleb128 0xb
 833 0017 0B       		.uleb128 0xb
 834 0018 3E       		.uleb128 0x3e
 835 0019 0B       		.uleb128 0xb
 836 001a 03       		.uleb128 0x3
 837 001b 0E       		.uleb128 0xe
 838 001c 00       		.byte	0
 839 001d 00       		.byte	0
 840 001e 03       		.uleb128 0x3
 841 001f 24       		.uleb128 0x24
 842 0020 00       		.byte	0
 843 0021 0B       		.uleb128 0xb
 844 0022 0B       		.uleb128 0xb
 845 0023 3E       		.uleb128 0x3e
 846 0024 0B       		.uleb128 0xb
 847 0025 03       		.uleb128 0x3
 848 0026 08       		.uleb128 0x8
 849 0027 00       		.byte	0
 850 0028 00       		.byte	0
 851 0029 04       		.uleb128 0x4
 852 002a 16       		.uleb128 0x16
 853 002b 00       		.byte	0
 854 002c 03       		.uleb128 0x3
 855 002d 0E       		.uleb128 0xe
 856 002e 3A       		.uleb128 0x3a
 857 002f 0B       		.uleb128 0xb
 858 0030 3B       		.uleb128 0x3b
 859 0031 05       		.uleb128 0x5
 860 0032 49       		.uleb128 0x49
 861 0033 13       		.uleb128 0x13
 862 0034 00       		.byte	0
 863 0035 00       		.byte	0
 864 0036 05       		.uleb128 0x5
 865 0037 35       		.uleb128 0x35
 866 0038 00       		.byte	0
 867 0039 49       		.uleb128 0x49
 868 003a 13       		.uleb128 0x13
 869 003b 00       		.byte	0
 870 003c 00       		.byte	0
 871 003d 06       		.uleb128 0x6
 872 003e 0F       		.uleb128 0xf
 873 003f 00       		.byte	0
 874 0040 0B       		.uleb128 0xb
 875 0041 0B       		.uleb128 0xb
 876 0042 49       		.uleb128 0x49
 877 0043 13       		.uleb128 0x13
 878 0044 00       		.byte	0
 879 0045 00       		.byte	0
 880 0046 07       		.uleb128 0x7
 881 0047 15       		.uleb128 0x15
 882 0048 00       		.byte	0
ARM GAS  C:\Users\quint\AppData\Local\Temp\ccopH19s.s 			page 24


 883 0049 27       		.uleb128 0x27
 884 004a 19       		.uleb128 0x19
 885 004b 00       		.byte	0
 886 004c 00       		.byte	0
 887 004d 08       		.uleb128 0x8
 888 004e 2E       		.uleb128 0x2e
 889 004f 01       		.byte	0x1
 890 0050 3F       		.uleb128 0x3f
 891 0051 19       		.uleb128 0x19
 892 0052 03       		.uleb128 0x3
 893 0053 0E       		.uleb128 0xe
 894 0054 3A       		.uleb128 0x3a
 895 0055 0B       		.uleb128 0xb
 896 0056 3B       		.uleb128 0x3b
 897 0057 0B       		.uleb128 0xb
 898 0058 27       		.uleb128 0x27
 899 0059 19       		.uleb128 0x19
 900 005a 11       		.uleb128 0x11
 901 005b 01       		.uleb128 0x1
 902 005c 12       		.uleb128 0x12
 903 005d 06       		.uleb128 0x6
 904 005e 40       		.uleb128 0x40
 905 005f 18       		.uleb128 0x18
 906 0060 9742     		.uleb128 0x2117
 907 0062 19       		.uleb128 0x19
 908 0063 01       		.uleb128 0x1
 909 0064 13       		.uleb128 0x13
 910 0065 00       		.byte	0
 911 0066 00       		.byte	0
 912 0067 09       		.uleb128 0x9
 913 0068 05       		.uleb128 0x5
 914 0069 00       		.byte	0
 915 006a 03       		.uleb128 0x3
 916 006b 0E       		.uleb128 0xe
 917 006c 3A       		.uleb128 0x3a
 918 006d 0B       		.uleb128 0xb
 919 006e 3B       		.uleb128 0x3b
 920 006f 0B       		.uleb128 0xb
 921 0070 49       		.uleb128 0x49
 922 0071 13       		.uleb128 0x13
 923 0072 02       		.uleb128 0x2
 924 0073 18       		.uleb128 0x18
 925 0074 00       		.byte	0
 926 0075 00       		.byte	0
 927 0076 0A       		.uleb128 0xa
 928 0077 2E       		.uleb128 0x2e
 929 0078 00       		.byte	0
 930 0079 3F       		.uleb128 0x3f
 931 007a 19       		.uleb128 0x19
 932 007b 03       		.uleb128 0x3
 933 007c 0E       		.uleb128 0xe
 934 007d 3A       		.uleb128 0x3a
 935 007e 0B       		.uleb128 0xb
 936 007f 3B       		.uleb128 0x3b
 937 0080 0B       		.uleb128 0xb
 938 0081 27       		.uleb128 0x27
 939 0082 19       		.uleb128 0x19
ARM GAS  C:\Users\quint\AppData\Local\Temp\ccopH19s.s 			page 25


 940 0083 49       		.uleb128 0x49
 941 0084 13       		.uleb128 0x13
 942 0085 11       		.uleb128 0x11
 943 0086 01       		.uleb128 0x1
 944 0087 12       		.uleb128 0x12
 945 0088 06       		.uleb128 0x6
 946 0089 40       		.uleb128 0x40
 947 008a 18       		.uleb128 0x18
 948 008b 9742     		.uleb128 0x2117
 949 008d 19       		.uleb128 0x19
 950 008e 00       		.byte	0
 951 008f 00       		.byte	0
 952 0090 0B       		.uleb128 0xb
 953 0091 2E       		.uleb128 0x2e
 954 0092 01       		.byte	0x1
 955 0093 3F       		.uleb128 0x3f
 956 0094 19       		.uleb128 0x19
 957 0095 03       		.uleb128 0x3
 958 0096 0E       		.uleb128 0xe
 959 0097 3A       		.uleb128 0x3a
 960 0098 0B       		.uleb128 0xb
 961 0099 3B       		.uleb128 0x3b
 962 009a 05       		.uleb128 0x5
 963 009b 27       		.uleb128 0x27
 964 009c 19       		.uleb128 0x19
 965 009d 11       		.uleb128 0x11
 966 009e 01       		.uleb128 0x1
 967 009f 12       		.uleb128 0x12
 968 00a0 06       		.uleb128 0x6
 969 00a1 40       		.uleb128 0x40
 970 00a2 18       		.uleb128 0x18
 971 00a3 9742     		.uleb128 0x2117
 972 00a5 19       		.uleb128 0x19
 973 00a6 01       		.uleb128 0x1
 974 00a7 13       		.uleb128 0x13
 975 00a8 00       		.byte	0
 976 00a9 00       		.byte	0
 977 00aa 0C       		.uleb128 0xc
 978 00ab 05       		.uleb128 0x5
 979 00ac 00       		.byte	0
 980 00ad 03       		.uleb128 0x3
 981 00ae 0E       		.uleb128 0xe
 982 00af 3A       		.uleb128 0x3a
 983 00b0 0B       		.uleb128 0xb
 984 00b1 3B       		.uleb128 0x3b
 985 00b2 05       		.uleb128 0x5
 986 00b3 49       		.uleb128 0x49
 987 00b4 13       		.uleb128 0x13
 988 00b5 02       		.uleb128 0x2
 989 00b6 17       		.uleb128 0x17
 990 00b7 00       		.byte	0
 991 00b8 00       		.byte	0
 992 00b9 0D       		.uleb128 0xd
 993 00ba 34       		.uleb128 0x34
 994 00bb 00       		.byte	0
 995 00bc 03       		.uleb128 0x3
 996 00bd 0E       		.uleb128 0xe
ARM GAS  C:\Users\quint\AppData\Local\Temp\ccopH19s.s 			page 26


 997 00be 3A       		.uleb128 0x3a
 998 00bf 0B       		.uleb128 0xb
 999 00c0 3B       		.uleb128 0x3b
 1000 00c1 05       		.uleb128 0x5
 1001 00c2 49       		.uleb128 0x49
 1002 00c3 13       		.uleb128 0x13
 1003 00c4 02       		.uleb128 0x2
 1004 00c5 17       		.uleb128 0x17
 1005 00c6 00       		.byte	0
 1006 00c7 00       		.byte	0
 1007 00c8 0E       		.uleb128 0xe
 1008 00c9 34       		.uleb128 0x34
 1009 00ca 00       		.byte	0
 1010 00cb 03       		.uleb128 0x3
 1011 00cc 0E       		.uleb128 0xe
 1012 00cd 3A       		.uleb128 0x3a
 1013 00ce 0B       		.uleb128 0xb
 1014 00cf 3B       		.uleb128 0x3b
 1015 00d0 05       		.uleb128 0x5
 1016 00d1 49       		.uleb128 0x49
 1017 00d2 13       		.uleb128 0x13
 1018 00d3 1C       		.uleb128 0x1c
 1019 00d4 0B       		.uleb128 0xb
 1020 00d5 00       		.byte	0
 1021 00d6 00       		.byte	0
 1022 00d7 0F       		.uleb128 0xf
 1023 00d8 898201   		.uleb128 0x4109
 1024 00db 00       		.byte	0
 1025 00dc 11       		.uleb128 0x11
 1026 00dd 01       		.uleb128 0x1
 1027 00de 31       		.uleb128 0x31
 1028 00df 13       		.uleb128 0x13
 1029 00e0 00       		.byte	0
 1030 00e1 00       		.byte	0
 1031 00e2 10       		.uleb128 0x10
 1032 00e3 2E       		.uleb128 0x2e
 1033 00e4 01       		.byte	0x1
 1034 00e5 3F       		.uleb128 0x3f
 1035 00e6 19       		.uleb128 0x19
 1036 00e7 03       		.uleb128 0x3
 1037 00e8 0E       		.uleb128 0xe
 1038 00e9 3A       		.uleb128 0x3a
 1039 00ea 0B       		.uleb128 0xb
 1040 00eb 3B       		.uleb128 0x3b
 1041 00ec 05       		.uleb128 0x5
 1042 00ed 27       		.uleb128 0x27
 1043 00ee 19       		.uleb128 0x19
 1044 00ef 49       		.uleb128 0x49
 1045 00f0 13       		.uleb128 0x13
 1046 00f1 11       		.uleb128 0x11
 1047 00f2 01       		.uleb128 0x1
 1048 00f3 12       		.uleb128 0x12
 1049 00f4 06       		.uleb128 0x6
 1050 00f5 40       		.uleb128 0x40
 1051 00f6 18       		.uleb128 0x18
 1052 00f7 9742     		.uleb128 0x2117
 1053 00f9 19       		.uleb128 0x19
ARM GAS  C:\Users\quint\AppData\Local\Temp\ccopH19s.s 			page 27


 1054 00fa 01       		.uleb128 0x1
 1055 00fb 13       		.uleb128 0x13
 1056 00fc 00       		.byte	0
 1057 00fd 00       		.byte	0
 1058 00fe 11       		.uleb128 0x11
 1059 00ff 2E       		.uleb128 0x2e
 1060 0100 00       		.byte	0
 1061 0101 3F       		.uleb128 0x3f
 1062 0102 19       		.uleb128 0x19
 1063 0103 03       		.uleb128 0x3
 1064 0104 0E       		.uleb128 0xe
 1065 0105 3A       		.uleb128 0x3a
 1066 0106 0B       		.uleb128 0xb
 1067 0107 3B       		.uleb128 0x3b
 1068 0108 05       		.uleb128 0x5
 1069 0109 27       		.uleb128 0x27
 1070 010a 19       		.uleb128 0x19
 1071 010b 11       		.uleb128 0x11
 1072 010c 01       		.uleb128 0x1
 1073 010d 12       		.uleb128 0x12
 1074 010e 06       		.uleb128 0x6
 1075 010f 40       		.uleb128 0x40
 1076 0110 18       		.uleb128 0x18
 1077 0111 9742     		.uleb128 0x2117
 1078 0113 19       		.uleb128 0x19
 1079 0114 00       		.byte	0
 1080 0115 00       		.byte	0
 1081 0116 12       		.uleb128 0x12
 1082 0117 2E       		.uleb128 0x2e
 1083 0118 00       		.byte	0
 1084 0119 3F       		.uleb128 0x3f
 1085 011a 19       		.uleb128 0x19
 1086 011b 03       		.uleb128 0x3
 1087 011c 0E       		.uleb128 0xe
 1088 011d 3A       		.uleb128 0x3a
 1089 011e 0B       		.uleb128 0xb
 1090 011f 3B       		.uleb128 0x3b
 1091 0120 05       		.uleb128 0x5
 1092 0121 27       		.uleb128 0x27
 1093 0122 19       		.uleb128 0x19
 1094 0123 49       		.uleb128 0x49
 1095 0124 13       		.uleb128 0x13
 1096 0125 11       		.uleb128 0x11
 1097 0126 01       		.uleb128 0x1
 1098 0127 12       		.uleb128 0x12
 1099 0128 06       		.uleb128 0x6
 1100 0129 40       		.uleb128 0x40
 1101 012a 18       		.uleb128 0x18
 1102 012b 9742     		.uleb128 0x2117
 1103 012d 19       		.uleb128 0x19
 1104 012e 00       		.byte	0
 1105 012f 00       		.byte	0
 1106 0130 13       		.uleb128 0x13
 1107 0131 898201   		.uleb128 0x4109
 1108 0134 01       		.byte	0x1
 1109 0135 11       		.uleb128 0x11
 1110 0136 01       		.uleb128 0x1
ARM GAS  C:\Users\quint\AppData\Local\Temp\ccopH19s.s 			page 28


 1111 0137 31       		.uleb128 0x31
 1112 0138 13       		.uleb128 0x13
 1113 0139 01       		.uleb128 0x1
 1114 013a 13       		.uleb128 0x13
 1115 013b 00       		.byte	0
 1116 013c 00       		.byte	0
 1117 013d 14       		.uleb128 0x14
 1118 013e 8A8201   		.uleb128 0x410a
 1119 0141 00       		.byte	0
 1120 0142 02       		.uleb128 0x2
 1121 0143 18       		.uleb128 0x18
 1122 0144 9142     		.uleb128 0x2111
 1123 0146 18       		.uleb128 0x18
 1124 0147 00       		.byte	0
 1125 0148 00       		.byte	0
 1126 0149 15       		.uleb128 0x15
 1127 014a 05       		.uleb128 0x5
 1128 014b 00       		.byte	0
 1129 014c 03       		.uleb128 0x3
 1130 014d 0E       		.uleb128 0xe
 1131 014e 3A       		.uleb128 0x3a
 1132 014f 0B       		.uleb128 0xb
 1133 0150 3B       		.uleb128 0x3b
 1134 0151 0B       		.uleb128 0xb
 1135 0152 49       		.uleb128 0x49
 1136 0153 13       		.uleb128 0x13
 1137 0154 02       		.uleb128 0x2
 1138 0155 17       		.uleb128 0x17
 1139 0156 00       		.byte	0
 1140 0157 00       		.byte	0
 1141 0158 16       		.uleb128 0x16
 1142 0159 01       		.uleb128 0x1
 1143 015a 01       		.byte	0x1
 1144 015b 49       		.uleb128 0x49
 1145 015c 13       		.uleb128 0x13
 1146 015d 01       		.uleb128 0x1
 1147 015e 13       		.uleb128 0x13
 1148 015f 00       		.byte	0
 1149 0160 00       		.byte	0
 1150 0161 17       		.uleb128 0x17
 1151 0162 21       		.uleb128 0x21
 1152 0163 00       		.byte	0
 1153 0164 49       		.uleb128 0x49
 1154 0165 13       		.uleb128 0x13
 1155 0166 2F       		.uleb128 0x2f
 1156 0167 0B       		.uleb128 0xb
 1157 0168 00       		.byte	0
 1158 0169 00       		.byte	0
 1159 016a 18       		.uleb128 0x18
 1160 016b 26       		.uleb128 0x26
 1161 016c 00       		.byte	0
 1162 016d 49       		.uleb128 0x49
 1163 016e 13       		.uleb128 0x13
 1164 016f 00       		.byte	0
 1165 0170 00       		.byte	0
 1166 0171 19       		.uleb128 0x19
 1167 0172 34       		.uleb128 0x34
ARM GAS  C:\Users\quint\AppData\Local\Temp\ccopH19s.s 			page 29


 1168 0173 00       		.byte	0
 1169 0174 03       		.uleb128 0x3
 1170 0175 0E       		.uleb128 0xe
 1171 0176 3A       		.uleb128 0x3a
 1172 0177 0B       		.uleb128 0xb
 1173 0178 3B       		.uleb128 0x3b
 1174 0179 0B       		.uleb128 0xb
 1175 017a 49       		.uleb128 0x49
 1176 017b 13       		.uleb128 0x13
 1177 017c 3F       		.uleb128 0x3f
 1178 017d 19       		.uleb128 0x19
 1179 017e 02       		.uleb128 0x2
 1180 017f 18       		.uleb128 0x18
 1181 0180 00       		.byte	0
 1182 0181 00       		.byte	0
 1183 0182 1A       		.uleb128 0x1a
 1184 0183 34       		.uleb128 0x34
 1185 0184 00       		.byte	0
 1186 0185 03       		.uleb128 0x3
 1187 0186 0E       		.uleb128 0xe
 1188 0187 3A       		.uleb128 0x3a
 1189 0188 0B       		.uleb128 0xb
 1190 0189 3B       		.uleb128 0x3b
 1191 018a 0B       		.uleb128 0xb
 1192 018b 49       		.uleb128 0x49
 1193 018c 13       		.uleb128 0x13
 1194 018d 3F       		.uleb128 0x3f
 1195 018e 19       		.uleb128 0x19
 1196 018f 3C       		.uleb128 0x3c
 1197 0190 19       		.uleb128 0x19
 1198 0191 00       		.byte	0
 1199 0192 00       		.byte	0
 1200 0193 1B       		.uleb128 0x1b
 1201 0194 2E       		.uleb128 0x2e
 1202 0195 00       		.byte	0
 1203 0196 3F       		.uleb128 0x3f
 1204 0197 19       		.uleb128 0x19
 1205 0198 3C       		.uleb128 0x3c
 1206 0199 19       		.uleb128 0x19
 1207 019a 6E       		.uleb128 0x6e
 1208 019b 0E       		.uleb128 0xe
 1209 019c 03       		.uleb128 0x3
 1210 019d 0E       		.uleb128 0xe
 1211 019e 3A       		.uleb128 0x3a
 1212 019f 0B       		.uleb128 0xb
 1213 01a0 3B       		.uleb128 0x3b
 1214 01a1 0B       		.uleb128 0xb
 1215 01a2 00       		.byte	0
 1216 01a3 00       		.byte	0
 1217 01a4 00       		.byte	0
 1218              		.section	.debug_loc,"",%progbits
 1219              	.Ldebug_loc0:
 1220              	.LLST0:
 1221 0000 00000000 		.4byte	.LVL1
 1222 0004 07000000 		.4byte	.LVL3-1
 1223 0008 0100     		.2byte	0x1
 1224 000a 50       		.byte	0x50
ARM GAS  C:\Users\quint\AppData\Local\Temp\ccopH19s.s 			page 30


 1225 000b 07000000 		.4byte	.LVL3-1
 1226 000f 20000000 		.4byte	.LFE39
 1227 0013 0400     		.2byte	0x4
 1228 0015 F3       		.byte	0xf3
 1229 0016 01       		.uleb128 0x1
 1230 0017 50       		.byte	0x50
 1231 0018 9F       		.byte	0x9f
 1232 0019 00000000 		.4byte	0
 1233 001d 00000000 		.4byte	0
 1234              	.LLST1:
 1235 0021 08000000 		.4byte	.LVL3
 1236 0025 19000000 		.4byte	.LVL4-1
 1237 0029 0100     		.2byte	0x1
 1238 002b 50       		.byte	0x50
 1239 002c 00000000 		.4byte	0
 1240 0030 00000000 		.4byte	0
 1241              	.LLST2:
 1242 0034 06000000 		.4byte	.LVL6
 1243 0038 0A000000 		.4byte	.LVL7
 1244 003c 0500     		.2byte	0x5
 1245 003e 70       		.byte	0x70
 1246 003f 00       		.sleb128 0
 1247 0040 33       		.byte	0x33
 1248 0041 1A       		.byte	0x1a
 1249 0042 9F       		.byte	0x9f
 1250 0043 0A000000 		.4byte	.LVL7
 1251 0047 10000000 		.4byte	.LFE40
 1252 004b 0100     		.2byte	0x1
 1253 004d 50       		.byte	0x50
 1254 004e 00000000 		.4byte	0
 1255 0052 00000000 		.4byte	0
 1256              	.LLST3:
 1257 0056 00000000 		.4byte	.LVL12
 1258 005a 07000000 		.4byte	.LVL13-1
 1259 005e 0100     		.2byte	0x1
 1260 0060 50       		.byte	0x50
 1261 0061 07000000 		.4byte	.LVL13-1
 1262 0065 18000000 		.4byte	.LVL17
 1263 0069 0100     		.2byte	0x1
 1264 006b 54       		.byte	0x54
 1265 006c 18000000 		.4byte	.LVL17
 1266 0070 1A000000 		.4byte	.LFE34
 1267 0074 0400     		.2byte	0x4
 1268 0076 F3       		.byte	0xf3
 1269 0077 01       		.uleb128 0x1
 1270 0078 50       		.byte	0x50
 1271 0079 9F       		.byte	0x9f
 1272 007a 00000000 		.4byte	0
 1273 007e 00000000 		.4byte	0
 1274              		.section	.debug_aranges,"",%progbits
 1275 0000 7C000000 		.4byte	0x7c
 1276 0004 0200     		.2byte	0x2
 1277 0006 00000000 		.4byte	.Ldebug_info0
 1278 000a 04       		.byte	0x4
 1279 000b 00       		.byte	0
 1280 000c 0000     		.2byte	0
 1281 000e 0000     		.2byte	0
ARM GAS  C:\Users\quint\AppData\Local\Temp\ccopH19s.s 			page 31


 1282 0010 00000000 		.4byte	.LFB37
 1283 0014 0C000000 		.4byte	.LFE37-.LFB37
 1284 0018 00000000 		.4byte	.LFB38
 1285 001c 0C000000 		.4byte	.LFE38-.LFB38
 1286 0020 00000000 		.4byte	.LFB39
 1287 0024 20000000 		.4byte	.LFE39-.LFB39
 1288 0028 00000000 		.4byte	.LFB40
 1289 002c 10000000 		.4byte	.LFE40-.LFB40
 1290 0030 00000000 		.4byte	.LFB41
 1291 0034 0C000000 		.4byte	.LFE41-.LFB41
 1292 0038 00000000 		.4byte	.LFB42
 1293 003c 10000000 		.4byte	.LFE42-.LFB42
 1294 0040 00000000 		.4byte	.LFB43
 1295 0044 0C000000 		.4byte	.LFE43-.LFB43
 1296 0048 00000000 		.4byte	.LFB33
 1297 004c 1C000000 		.4byte	.LFE33-.LFB33
 1298 0050 00000000 		.4byte	.LFB34
 1299 0054 1A000000 		.4byte	.LFE34-.LFB34
 1300 0058 00000000 		.4byte	.LFB35
 1301 005c 14000000 		.4byte	.LFE35-.LFB35
 1302 0060 00000000 		.4byte	.LFB44
 1303 0064 0C000000 		.4byte	.LFE44-.LFB44
 1304 0068 00000000 		.4byte	.LFB45
 1305 006c 0C000000 		.4byte	.LFE45-.LFB45
 1306 0070 00000000 		.4byte	.LFB36
 1307 0074 08000000 		.4byte	.LFE36-.LFB36
 1308 0078 00000000 		.4byte	0
 1309 007c 00000000 		.4byte	0
 1310              		.section	.debug_ranges,"",%progbits
 1311              	.Ldebug_ranges0:
 1312 0000 00000000 		.4byte	.LFB37
 1313 0004 0C000000 		.4byte	.LFE37
 1314 0008 00000000 		.4byte	.LFB38
 1315 000c 0C000000 		.4byte	.LFE38
 1316 0010 00000000 		.4byte	.LFB39
 1317 0014 20000000 		.4byte	.LFE39
 1318 0018 00000000 		.4byte	.LFB40
 1319 001c 10000000 		.4byte	.LFE40
 1320 0020 00000000 		.4byte	.LFB41
 1321 0024 0C000000 		.4byte	.LFE41
 1322 0028 00000000 		.4byte	.LFB42
 1323 002c 10000000 		.4byte	.LFE42
 1324 0030 00000000 		.4byte	.LFB43
 1325 0034 0C000000 		.4byte	.LFE43
 1326 0038 00000000 		.4byte	.LFB33
 1327 003c 1C000000 		.4byte	.LFE33
 1328 0040 00000000 		.4byte	.LFB34
 1329 0044 1A000000 		.4byte	.LFE34
 1330 0048 00000000 		.4byte	.LFB35
 1331 004c 14000000 		.4byte	.LFE35
 1332 0050 00000000 		.4byte	.LFB44
 1333 0054 0C000000 		.4byte	.LFE44
 1334 0058 00000000 		.4byte	.LFB45
 1335 005c 0C000000 		.4byte	.LFE45
 1336 0060 00000000 		.4byte	.LFB36
 1337 0064 08000000 		.4byte	.LFE36
 1338 0068 00000000 		.4byte	0
ARM GAS  C:\Users\quint\AppData\Local\Temp\ccopH19s.s 			page 32


 1339 006c 00000000 		.4byte	0
 1340              		.section	.debug_line,"",%progbits
 1341              	.Ldebug_line0:
 1342 0000 5A010000 		.section	.debug_str,"MS",%progbits,1
 1342      02005D00 
 1342      00000201 
 1342      FB0E0D00 
 1342      01010101 
 1343              	.LASF41:
 1344 0000 435F496E 		.ascii	"C_Interrupt_GetPriority\000"
 1344      74657272 
 1344      7570745F 
 1344      47657450 
 1344      72696F72 
 1345              	.LASF14:
 1346 0018 72656733 		.ascii	"reg32\000"
 1346      3200
 1347              	.LASF35:
 1348 001e 43795261 		.ascii	"CyRamVectors\000"
 1348      6D566563 
 1348      746F7273 
 1348      00
 1349              	.LASF29:
 1350 002b 435F496E 		.ascii	"C_Interrupt_StartEx\000"
 1350      74657272 
 1350      7570745F 
 1350      53746172 
 1350      74457800 
 1351              	.LASF25:
 1352 003f 435F496E 		.ascii	"C_Interrupt_GetState\000"
 1352      74657272 
 1352      7570745F 
 1352      47657453 
 1352      74617465 
 1353              	.LASF20:
 1354 0054 61646472 		.ascii	"address\000"
 1354      65737300 
 1355              	.LASF18:
 1356 005c 435F496E 		.ascii	"C_Interrupt_SetVector\000"
 1356      74657272 
 1356      7570745F 
 1356      53657456 
 1356      6563746F 
 1357              	.LASF27:
 1358 0072 435F496E 		.ascii	"C_Interrupt_Disable\000"
 1358      74657272 
 1358      7570745F 
 1358      44697361 
 1358      626C6500 
 1359              	.LASF11:
 1360 0086 666C6F61 		.ascii	"float\000"
 1360      7400
 1361              	.LASF30:
 1362 008c 435F496E 		.ascii	"C_Interrupt_Stop\000"
 1362      74657272 
 1362      7570745F 
 1362      53746F70 
ARM GAS  C:\Users\quint\AppData\Local\Temp\ccopH19s.s 			page 33


 1362      00
 1363              	.LASF1:
 1364 009d 756E7369 		.ascii	"unsigned char\000"
 1364      676E6564 
 1364      20636861 
 1364      7200
 1365              	.LASF22:
 1366 00ab 696E7465 		.ascii	"interruptState\000"
 1366      72727570 
 1366      74537461 
 1366      746500
 1367              	.LASF5:
 1368 00ba 6C6F6E67 		.ascii	"long unsigned int\000"
 1368      20756E73 
 1368      69676E65 
 1368      6420696E 
 1368      7400
 1369              	.LASF3:
 1370 00cc 73686F72 		.ascii	"short unsigned int\000"
 1370      7420756E 
 1370      7369676E 
 1370      65642069 
 1370      6E7400
 1371              	.LASF24:
 1372 00df 435F496E 		.ascii	"C_Interrupt_GetVector\000"
 1372      74657272 
 1372      7570745F 
 1372      47657456 
 1372      6563746F 
 1373              	.LASF21:
 1374 00f5 7072696F 		.ascii	"priority\000"
 1374      72697479 
 1374      00
 1375              	.LASF19:
 1376 00fe 435F496E 		.ascii	"C_Interrupt_SetPriority\000"
 1376      74657272 
 1376      7570745F 
 1376      53657450 
 1376      72696F72 
 1377              	.LASF31:
 1378 0116 435F496E 		.ascii	"C_Interrupt_SetPending\000"
 1378      74657272 
 1378      7570745F 
 1378      53657450 
 1378      656E6469 
 1379              	.LASF12:
 1380 012d 646F7562 		.ascii	"double\000"
 1380      6C6500
 1381              	.LASF10:
 1382 0134 75696E74 		.ascii	"uint32\000"
 1382      333200
 1383              	.LASF36:
 1384 013b 4379456E 		.ascii	"CyEnterCriticalSection\000"
 1384      74657243 
 1384      72697469 
 1384      63616C53 
 1384      65637469 
ARM GAS  C:\Users\quint\AppData\Local\Temp\ccopH19s.s 			page 34


 1385              	.LASF8:
 1386 0152 756E7369 		.ascii	"unsigned int\000"
 1386      676E6564 
 1386      20696E74 
 1386      00
 1387              	.LASF28:
 1388 015f 435F496E 		.ascii	"C_Interrupt_Start\000"
 1388      74657272 
 1388      7570745F 
 1388      53746172 
 1388      7400
 1389              	.LASF7:
 1390 0171 6C6F6E67 		.ascii	"long long unsigned int\000"
 1390      206C6F6E 
 1390      6720756E 
 1390      7369676E 
 1390      65642069 
 1391              	.LASF33:
 1392 0188 435F496E 		.ascii	"C_Interrupt_Interrupt\000"
 1392      74657272 
 1392      7570745F 
 1392      496E7465 
 1392      72727570 
 1393              	.LASF15:
 1394 019e 63796973 		.ascii	"cyisraddress\000"
 1394      72616464 
 1394      72657373 
 1394      00
 1395              	.LASF40:
 1396 01ab 443A5C47 		.ascii	"D:\\GIT\\Microcontroller System Design Projects\\Hw"
 1396      49545C4D 
 1396      6963726F 
 1396      636F6E74 
 1396      726F6C6C 
 1397 01db 34204265 		.ascii	"4 Beat Meter\\BeatMeter.cydsn\000"
 1397      6174204D 
 1397      65746572 
 1397      5C426561 
 1397      744D6574 
 1398              	.LASF38:
 1399 01f8 474E5520 		.ascii	"GNU C11 5.4.1 20160609 (release) [ARM/embedded-5-br"
 1399      43313120 
 1399      352E342E 
 1399      31203230 
 1399      31363036 
 1400 022b 616E6368 		.ascii	"anch revision 237715] -mcpu=cortex-m0 -mthumb -g -O"
 1400      20726576 
 1400      6973696F 
 1400      6E203233 
 1400      37373135 
 1401 025e 67202D66 		.ascii	"g -ffunction-sections -ffat-lto-objects\000"
 1401      66756E63 
 1401      74696F6E 
 1401      2D736563 
 1401      74696F6E 
 1402              	.LASF32:
 1403 0286 435F496E 		.ascii	"C_Interrupt_ClearPending\000"
ARM GAS  C:\Users\quint\AppData\Local\Temp\ccopH19s.s 			page 35


 1403      74657272 
 1403      7570745F 
 1403      436C6561 
 1403      7250656E 
 1404              	.LASF17:
 1405 029f 73697A65 		.ascii	"sizetype\000"
 1405      74797065 
 1405      00
 1406              	.LASF6:
 1407 02a8 6C6F6E67 		.ascii	"long long int\000"
 1407      206C6F6E 
 1407      6720696E 
 1407      7400
 1408              	.LASF34:
 1409 02b6 474C4344 		.ascii	"GLCD_FONT8x16\000"
 1409      5F464F4E 
 1409      54387831 
 1409      3600
 1410              	.LASF13:
 1411 02c4 63686172 		.ascii	"char\000"
 1411      00
 1412              	.LASF2:
 1413 02c9 73686F72 		.ascii	"short int\000"
 1413      7420696E 
 1413      7400
 1414              	.LASF9:
 1415 02d3 75696E74 		.ascii	"uint8\000"
 1415      3800
 1416              	.LASF37:
 1417 02d9 43794578 		.ascii	"CyExitCriticalSection\000"
 1417      69744372 
 1417      69746963 
 1417      616C5365 
 1417      6374696F 
 1418              	.LASF23:
 1419 02ef 7072696F 		.ascii	"priorityOffset\000"
 1419      72697479 
 1419      4F666673 
 1419      657400
 1420              	.LASF39:
 1421 02fe 47656E65 		.ascii	"Generated_Source\\PSoC4\\C_Interrupt.c\000"
 1421      72617465 
 1421      645F536F 
 1421      75726365 
 1421      5C50536F 
 1422              	.LASF4:
 1423 0323 6C6F6E67 		.ascii	"long int\000"
 1423      20696E74 
 1423      00
 1424              	.LASF26:
 1425 032c 435F496E 		.ascii	"C_Interrupt_Enable\000"
 1425      74657272 
 1425      7570745F 
 1425      456E6162 
 1425      6C6500
 1426              	.LASF16:
 1427 033f 6C6F6E67 		.ascii	"long double\000"
ARM GAS  C:\Users\quint\AppData\Local\Temp\ccopH19s.s 			page 36


 1427      20646F75 
 1427      626C6500 
 1428              	.LASF0:
 1429 034b 7369676E 		.ascii	"signed char\000"
 1429      65642063 
 1429      68617200 
 1430              		.ident	"GCC: (GNU Tools for ARM Embedded Processors) 5.4.1 20160609 (release) [ARM/embedded-5-bran
