Archive member included to satisfy reference by file (symbol)

.\ARM_GCC_541\Debug\GLCD_Test1.a(GLCD.o)
                              .\ARM_GCC_541\Debug\main.o (GLCD_Start)
.\ARM_GCC_541\Debug\GLCD_Test1.a(GLCD_Font.o)
                              .\ARM_GCC_541\Debug\main.o (GLCD_FONT8x16)
.\ARM_GCC_541\Debug\GLCD_Test1.a(Backlight.o)
                              .\ARM_GCC_541\Debug\main.o (Backlight_Write)
.\ARM_GCC_541\Debug\GLCD_Test1.a(GLCD_Reset.o)
                              .\ARM_GCC_541\Debug\GLCD_Test1.a(GLCD.o) (GLCD_Reset_Write)
.\ARM_GCC_541\Debug\GLCD_Test1.a(GLCD_SPIM_UDB.o)
                              .\ARM_GCC_541\Debug\GLCD_Test1.a(GLCD.o) (GLCD_SPIM_UDB_ReadTxStatus)
.\ARM_GCC_541\Debug\GLCD_Test1.a(GLCD_SPIM_UDB_IntClock.o)
                              .\ARM_GCC_541\Debug\GLCD_Test1.a(GLCD_SPIM_UDB.o) (GLCD_SPIM_UDB_IntClock_Start)
.\ARM_GCC_541\Debug\GLCD_Test1.a(CyLib.o)
                              .\ARM_GCC_541\Debug\cyfitter_cfg.o (CySysClkWriteImoFreq)
.\ARM_GCC_541\Debug\GLCD_Test1.a(LED_Red.o)
                              .\ARM_GCC_541\Debug\main.o (LED_Red_Write)
.\ARM_GCC_541\Debug\GLCD_Test1.a(LED_Blue.o)
                              .\ARM_GCC_541\Debug\main.o (LED_Blue_Write)
.\ARM_GCC_541\Debug\GLCD_Test1.a(LED_Green.o)
                              .\ARM_GCC_541\Debug\main.o (LED_Green_Write)
.\ARM_GCC_541\Debug\GLCD_Test1.a(CyBootAsmGnu.o)
                              .\ARM_GCC_541\Debug\GLCD_Test1.a(CyLib.o) (CyDelayCycles)
c:/program files (x86)/cypress/psoc creator/4.2/psoc creator/import/gnu/arm/5.4.1/bin/../lib/gcc/arm-none-eabi/5.4.1/../../../../arm-none-eabi/lib/armv6-m\libm.a(lib_a-s_cos.o)
                              .\ARM_GCC_541\Debug\main.o (cos)
c:/program files (x86)/cypress/psoc creator/4.2/psoc creator/import/gnu/arm/5.4.1/bin/../lib/gcc/arm-none-eabi/5.4.1/../../../../arm-none-eabi/lib/armv6-m\libm.a(lib_a-s_sin.o)
                              .\ARM_GCC_541\Debug\main.o (sin)
c:/program files (x86)/cypress/psoc creator/4.2/psoc creator/import/gnu/arm/5.4.1/bin/../lib/gcc/arm-none-eabi/5.4.1/../../../../arm-none-eabi/lib/armv6-m\libm.a(lib_a-e_rem_pio2.o)
                              c:/program files (x86)/cypress/psoc creator/4.2/psoc creator/import/gnu/arm/5.4.1/bin/../lib/gcc/arm-none-eabi/5.4.1/../../../../arm-none-eabi/lib/armv6-m\libm.a(lib_a-s_cos.o) (__ieee754_rem_pio2)
c:/program files (x86)/cypress/psoc creator/4.2/psoc creator/import/gnu/arm/5.4.1/bin/../lib/gcc/arm-none-eabi/5.4.1/../../../../arm-none-eabi/lib/armv6-m\libm.a(lib_a-k_cos.o)
                              c:/program files (x86)/cypress/psoc creator/4.2/psoc creator/import/gnu/arm/5.4.1/bin/../lib/gcc/arm-none-eabi/5.4.1/../../../../arm-none-eabi/lib/armv6-m\libm.a(lib_a-s_cos.o) (__kernel_cos)
c:/program files (x86)/cypress/psoc creator/4.2/psoc creator/import/gnu/arm/5.4.1/bin/../lib/gcc/arm-none-eabi/5.4.1/../../../../arm-none-eabi/lib/armv6-m\libm.a(lib_a-k_rem_pio2.o)
                              c:/program files (x86)/cypress/psoc creator/4.2/psoc creator/import/gnu/arm/5.4.1/bin/../lib/gcc/arm-none-eabi/5.4.1/../../../../arm-none-eabi/lib/armv6-m\libm.a(lib_a-e_rem_pio2.o) (__kernel_rem_pio2)
c:/program files (x86)/cypress/psoc creator/4.2/psoc creator/import/gnu/arm/5.4.1/bin/../lib/gcc/arm-none-eabi/5.4.1/../../../../arm-none-eabi/lib/armv6-m\libm.a(lib_a-k_sin.o)
                              c:/program files (x86)/cypress/psoc creator/4.2/psoc creator/import/gnu/arm/5.4.1/bin/../lib/gcc/arm-none-eabi/5.4.1/../../../../arm-none-eabi/lib/armv6-m\libm.a(lib_a-s_cos.o) (__kernel_sin)
c:/program files (x86)/cypress/psoc creator/4.2/psoc creator/import/gnu/arm/5.4.1/bin/../lib/gcc/arm-none-eabi/5.4.1/../../../../arm-none-eabi/lib/armv6-m\libm.a(lib_a-s_fabs.o)
                              c:/program files (x86)/cypress/psoc creator/4.2/psoc creator/import/gnu/arm/5.4.1/bin/../lib/gcc/arm-none-eabi/5.4.1/../../../../arm-none-eabi/lib/armv6-m\libm.a(lib_a-e_rem_pio2.o) (fabs)
c:/program files (x86)/cypress/psoc creator/4.2/psoc creator/import/gnu/arm/5.4.1/bin/../lib/gcc/arm-none-eabi/5.4.1/../../../../arm-none-eabi/lib/armv6-m\libm.a(lib_a-s_floor.o)
                              c:/program files (x86)/cypress/psoc creator/4.2/psoc creator/import/gnu/arm/5.4.1/bin/../lib/gcc/arm-none-eabi/5.4.1/../../../../arm-none-eabi/lib/armv6-m\libm.a(lib_a-k_rem_pio2.o) (floor)
c:/program files (x86)/cypress/psoc creator/4.2/psoc creator/import/gnu/arm/5.4.1/bin/../lib/gcc/arm-none-eabi/5.4.1/../../../../arm-none-eabi/lib/armv6-m\libm.a(lib_a-s_scalbn.o)
                              c:/program files (x86)/cypress/psoc creator/4.2/psoc creator/import/gnu/arm/5.4.1/bin/../lib/gcc/arm-none-eabi/5.4.1/../../../../arm-none-eabi/lib/armv6-m\libm.a(lib_a-k_rem_pio2.o) (scalbn)
c:/program files (x86)/cypress/psoc creator/4.2/psoc creator/import/gnu/arm/5.4.1/bin/../lib/gcc/arm-none-eabi/5.4.1/../../../../arm-none-eabi/lib/armv6-m\libm.a(lib_a-s_copysign.o)
[...]
Memory Configuration

Name             Origin             Length             Attributes
rom              0x00000000         0x00008000         xr
ram              0x20000000         0x00001000         xrw
*default*        0x00000000         0xffffffff

Linker script and memory map

LOAD c:/program files (x86)/cypress/psoc creator/4.2/psoc creator/import/gnu/arm/5.4.1/bin/../lib/gcc/arm-none-eabi/5.4.1/armv6-m/crti.o
LOAD c:/program files (x86)/cypress/psoc creator/4.2/psoc creator/import/gnu/arm/5.4.1/bin/../lib/gcc/arm-none-eabi/5.4.1/armv6-m/crtbegin.o
LOAD c:/program files (x86)/cypress/psoc creator/4.2/psoc creator/import/gnu/arm/5.4.1/bin/../lib/gcc/arm-none-eabi/5.4.1/../../../../arm-none-eabi/lib/armv6-m/crt0.o
START GROUP
LOAD .\ARM_GCC_541\Debug\main.o
LOAD .\ARM_GCC_541\Debug\cyfitter_cfg.o
LOAD .\ARM_GCC_541\Debug\cymetadata.o
LOAD .\ARM_GCC_541\Debug\Cm0Start.o
LOAD .\ARM_GCC_541\Debug\GLCD_Test1.a
LOAD c:/program files (x86)/cypress/psoc creator/4.2/psoc creator/import/gnu/arm/5.4.1/bin/../lib/gcc/arm-none-eabi/5.4.1/../../../../arm-none-eabi/lib/armv6-m\libm.a
END GROUP
START GROUP
LOAD c:/program files (x86)/cypress/psoc creator/4.2/psoc creator/import/gnu/arm/5.4.1/bin/../lib/gcc/arm-none-eabi/5.4.1/armv6-m\libgcc.a
LOAD c:/program files (x86)/cypress/psoc creator/4.2/psoc creator/import/gnu/arm/5.4.1/bin/../lib/gcc/arm-none-eabi/5.4.1/../../../../arm-none-eabi/lib/armv6-m\libg_nano.a
LOAD c:/program files (x86)/cypress/psoc creator/4.2/psoc creator/import/gnu/arm/5.4.1/bin/../lib/gcc/arm-none-eabi/5.4.1/../../../../arm-none-eabi/lib/armv6-m\libc_nano.a
END GROUP
START GROUP
LOAD c:/program files (x86)/cypress/psoc creator/4.2/psoc creator/import/gnu/arm/5.4.1/bin/../lib/gcc/arm-none-eabi/5.4.1/armv6-m\libgcc.a
LOAD c:/program files (x86)/cypress/psoc creator/4.2/psoc creator/import/gnu/arm/5.4.1/bin/../lib/gcc/arm-none-eabi/5.4.1/../../../../arm-none-eabi/lib/armv6-m\libc_nano.a
END GROUP
LOAD c:/program files (x86)/cypress/psoc creator/4.2/psoc creator/import/gnu/arm/5.4.1/bin/../lib/gcc/arm-none-eabi/5.4.1/armv6-m/crtend.o
LOAD c:/program files (x86)/cypress/psoc creator/4.2/psoc creator/import/gnu/arm/5.4.1/bin/../lib/gcc/arm-none-eabi/5.4.1/armv6-m/crtn.o
START GROUP
LOAD c:/program files (x86)/cypress/psoc creator/4.2/psoc creator/import/gnu/arm/5.4.1/bin/../lib/gcc/arm-none-eabi/5.4.1/armv6-m\libgcc.a
LOAD c:/program files (x86)/cypress/psoc creator/4.2/psoc creator/import/gnu/arm/5.4.1/bin/../lib/gcc/arm-none-eabi/5.4.1/../../../../arm-none-eabi/lib/armv6-m\libc.a
LOAD c:/program files (x86)/cypress/psoc creator/4.2/psoc creator/import/gnu/arm/5.4.1/bin/../lib/gcc/arm-none-eabi/5.4.1/../../../../arm-none-eabi/lib/armv6-m\libnosys.a
END GROUP
                0x00000000                CY_APPL_ORIGIN = 0x0
                0x00000080                CY_FLASH_ROW_SIZE = 0x80
                0x00000001                CY_APPL_NUM = 0x1
                0x00000001                CY_APPL_MAX = 0x1
                0x00000040                CY_METADATA_SIZE = 0x40
                0x00000000                CY_APPL_LOADABLE = 0x0
                0x00000000                CY_CHECKSUM_EXCLUDE_SIZE = ALIGN (0x0, CY_FLASH_ROW_SIZE)
                0x00000000                CY_APP_FOR_STACK_AND_COPIER = 0x0
                [!provide]                PROVIDE (__cy_heap_start, _end)
                0x00000001                PROVIDE (__cy_region_num, ((__cy_regions_end - __cy_regions) / 0x10))
                0x20001000                PROVIDE (__cy_stack, (ORIGIN (ram) + LENGTH (ram)))
                [!provide]                PROVIDE (__cy_heap_end, (__cy_stack - 0x400))

.cybootloader   0x00000000        0x0
 *(.cybootloader)
                0x00000000                appl1_start = CY_APPL_ORIGIN?CY_APPL_ORIGIN:ALIGN (CY_FLASH_ROW_SIZE)
                0x00003f80                appl2_start = (appl1_start + ALIGN ((((LENGTH (rom) - appl1_start) - (0x2 * CY_FLASH_ROW_SIZE)) / 0x2), CY_FLASH_ROW_SIZE))
                0x00000000                appl_start = (CY_APPL_NUM == 0x1)?appl1_start:appl2_start
                0x00000001                cy_project_type_bootloader = (appl_start == 0x0)?0x1:0x0
                0x00000000                cy_project_type_app_for_stack_and_copier = (CY_APP_FOR_STACK_AND_COPIER == 0x1)?0x1:0x0

.text           0x00000000     0x4326
 CREATE_OBJECT_SYMBOLS
                0x00000000                PROVIDE (__cy_interrupt_vector, RomVectors)
 *(.romvectors)
 .romvectors    0x00000000       0x10 .\ARM_GCC_541\Debug\Cm0Start.o
                0x00000000                RomVectors
                0x00000001                ASSERT ((. != __cy_interrupt_vector), No interrupt vector)
                0x00000001                ASSERT (CY_APPL_ORIGIN?(SIZEOF (.cybootloader) <= CY_APPL_ORIGIN):0x1, Wrong image location)
                0x00000010                PROVIDE (__cy_reset, Reset)
 *(.text.Reset)
 .text.Reset    0x00000010        0x8 .\ARM_GCC_541\Debug\Cm0Start.o
                0x00000010                Reset
                0x00000001                ASSERT ((. != __cy_reset), No reset code)
 *(.psocinit)
 .psocinit      0x00000018      0x26c .\ARM_GCC_541\Debug\cyfitter_cfg.o
                0x0000008c                cyfitter_cfg
                0x00000284                . = MAX (., 0x100)
 *(.text .text.* .gnu.linkonce.t.*)
 .text          0x00000284       0x60 c:/program files (x86)/cypress/psoc creator/4.2/psoc creator/import/gnu/arm/5.4.1/bin/../lib/gcc/arm-none-eabi/5.4.1/armv6-m/crtbegin.o
 .text.GLCD_Draw_Line_Polar
                0x000002e4      0x104 .\ARM_GCC_541\Debug\main.o
                0x000002e4                GLCD_Draw_Line_Polar
 .text.PACMAN   0x000003e8      0x110 .\ARM_GCC_541\Debug\main.o
                0x000003e8                PACMAN
 .text.main     0x000004f8       0x44 .\ARM_GCC_541\Debug\main.o
                0x000004f8                main
 .text.CYMEMZERO
                0x0000053c       0x20 .\ARM_GCC_541\Debug\cyfitter_cfg.o
 .text.CYCONFIGCPYCODE
                0x0000055c       0x20 .\ARM_GCC_541\Debug\cyfitter_cfg.o
 .text.cfg_write_bytes32
                0x0000057c       0x84 .\ARM_GCC_541\Debug\cyfitter_cfg.o
 .text.AnalogSetDefault
                0x00000600        0xc .\ARM_GCC_541\Debug\cyfitter_cfg.o
 .text.IntDefaultHandler
                0x0000060c       0x14 .\ARM_GCC_541\Debug\Cm0Start.o
                0x0000060c                IntDefaultHandler
 .text.Start_c  0x00000620       0x98 .\ARM_GCC_541\Debug\Cm0Start.o
                0x00000620                Start_c
 .text.initialize_psoc
                0x000006b8       0x64 .\ARM_GCC_541\Debug\Cm0Start.o
                0x000006b8                initialize_psoc
 .text.GLCD_Command
                0x0000071c       0x2c .\ARM_GCC_541\Debug\GLCD_Test1.a(GLCD.o)
                0x0000071c                GLCD_Command
 .text.GLCD_Data
                0x00000748       0x40 .\ARM_GCC_541\Debug\GLCD_Test1.a(GLCD.o)
                0x00000748                GLCD_Data
 .text.GLCD_Start
                0x00000788       0x70 .\ARM_GCC_541\Debug\GLCD_Test1.a(GLCD.o)
                0x00000788                GLCD_Start
 .text.GLCD_Clear
                0x000007f8       0x98 .\ARM_GCC_541\Debug\GLCD_Test1.a(GLCD.o)
                0x000007f8                GLCD_Clear
 .text.GLCD_Contrast
                0x00000890       0x28 .\ARM_GCC_541\Debug\GLCD_Test1.a(GLCD.o)
                0x00000890                GLCD_Contrast
 .text.GLCD_Pixel
                0x000008b8       0x88 .\ARM_GCC_541\Debug\GLCD_Test1.a(GLCD.o)
                0x000008b8                GLCD_Pixel
 .text.GLCD_DrawLine
                0x00000940      0x104 .\ARM_GCC_541\Debug\GLCD_Test1.a(GLCD.o)
                0x00000940                GLCD_DrawLine
 .text.Backlight_Write
                0x00000a44       0x4c .\ARM_GCC_541\Debug\GLCD_Test1.a(Backlight.o)
                0x00000a44                Backlight_Write
 .text.GLCD_Reset_Write
                0x00000a90       0x50 .\ARM_GCC_541\Debug\GLCD_Test1.a(GLCD_Reset.o)
                0x00000a90                GLCD_Reset_Write
 .text.GLCD_SPIM_UDB_Init
                0x00000ae0       0x34 .\ARM_GCC_541\Debug\GLCD_Test1.a(GLCD_SPIM_UDB.o)
                0x00000ae0                GLCD_SPIM_UDB_Init
 .text.GLCD_SPIM_UDB_Enable
                0x00000b14       0x6c .\ARM_GCC_541\Debug\GLCD_Test1.a(GLCD_SPIM_UDB.o)
                0x00000b14                GLCD_SPIM_UDB_Enable
 .text.GLCD_SPIM_UDB_Start
                0x00000b80       0x24 .\ARM_GCC_541\Debug\GLCD_Test1.a(GLCD_SPIM_UDB.o)
                0x00000b80                GLCD_SPIM_UDB_Start
 .text.GLCD_SPIM_UDB_EnableTxInt
                0x00000ba4        0xc .\ARM_GCC_541\Debug\GLCD_Test1.a(GLCD_SPIM_UDB.o)
                0x00000ba4                GLCD_SPIM_UDB_EnableTxInt
 .text.GLCD_SPIM_UDB_EnableRxInt
                0x00000bb0        0xc .\ARM_GCC_541\Debug\GLCD_Test1.a(GLCD_SPIM_UDB.o)
                0x00000bb0                GLCD_SPIM_UDB_EnableRxInt
 .text.GLCD_SPIM_UDB_ReadTxStatus
                0x00000bbc       0x20 .\ARM_GCC_541\Debug\GLCD_Test1.a(GLCD_SPIM_UDB.o)
                0x00000bbc                GLCD_SPIM_UDB_ReadTxStatus
 .text.GLCD_SPIM_UDB_ReadRxStatus
                0x00000bdc       0x20 .\ARM_GCC_541\Debug\GLCD_Test1.a(GLCD_SPIM_UDB.o)
                0x00000bdc                GLCD_SPIM_UDB_ReadRxStatus
 .text.GLCD_SPIM_UDB_WriteTxData
                0x00000bfc       0x34 .\ARM_GCC_541\Debug\GLCD_Test1.a(GLCD_SPIM_UDB.o)
                0x00000bfc                GLCD_SPIM_UDB_WriteTxData
 .text.GLCD_SPIM_UDB_ClearFIFO
                0x00000c30       0x88 .\ARM_GCC_541\Debug\GLCD_Test1.a(GLCD_SPIM_UDB.o)
                0x00000c30                GLCD_SPIM_UDB_ClearFIFO
 .text.GLCD_SPIM_UDB_IntClock_Start
                0x00000cb8       0x1c .\ARM_GCC_541\Debug\GLCD_Test1.a(GLCD_SPIM_UDB_IntClock.o)
                0x00000cb8                GLCD_SPIM_UDB_IntClock_Start
 .text.CySysClkWriteImoFreq
                0x00000cd4      0x1ec .\ARM_GCC_541\Debug\GLCD_Test1.a(CyLib.o)
                0x00000cd4                CySysClkWriteImoFreq
 .text.CyHalt   0x00000ec0       0x18 .\ARM_GCC_541\Debug\GLCD_Test1.a(CyLib.o)
                0x00000ec0                CyHalt
 .text.CyDelay  0x00000ed8       0x4c .\ARM_GCC_541\Debug\GLCD_Test1.a(CyLib.o)
                0x00000ed8                CyDelay
 .text.CyDelayUs
                0x00000f24       0x28 .\ARM_GCC_541\Debug\GLCD_Test1.a(CyLib.o)
                0x00000f24                CyDelayUs
 .text.LED_Red_Write
                0x00000f4c       0x50 .\ARM_GCC_541\Debug\GLCD_Test1.a(LED_Red.o)
                0x00000f4c                LED_Red_Write
 .text.LED_Blue_Write
                0x00000f9c       0x50 .\ARM_GCC_541\Debug\GLCD_Test1.a(LED_Blue.o)
                0x00000f9c                LED_Blue_Write
 .text.LED_Green_Write
                0x00000fec       0x50 .\ARM_GCC_541\Debug\GLCD_Test1.a(LED_Green.o)
                0x00000fec                LED_Green_Write
 *fill*         0x0000103c        0x4 
 .text          0x00001040       0x24 .\ARM_GCC_541\Debug\GLCD_Test1.a(CyBootAsmGnu.o)
                0x00001040                CyDelayCycles
                0x00001054                CyEnterCriticalSection
                0x0000105c                CyExitCriticalSection
 .text.cos      0x00001064       0x8c c:/program files (x86)/cypress/psoc creator/4.2/psoc creator/import/gnu/arm/5.4.1/bin/../lib/gcc/arm-none-eabi/5.4.1/../../../../arm-none-eabi/lib/armv6-m\libm.a(lib_a-s_cos.o)
                0x00001064                cos
 .text.sin      0x000010f0       0x90 c:/program files (x86)/cypress/psoc creator/4.2/psoc creator/import/gnu/arm/5.4.1/bin/../lib/gcc/arm-none-eabi/5.4.1/../../../../arm-none-eabi/lib/armv6-m\libm.a(lib_a-s_sin.o)
                0x000010f0                sin
 .text.__ieee754_rem_pio2
                0x00001180      0x40c c:/program files (x86)/cypress/psoc creator/4.2/psoc creator/import/gnu/arm/5.4.1/bin/../lib/gcc/arm-none-eabi/5.4.1/../../../../arm-none-eabi/lib/armv6-m\libm.a(lib_a-e_rem_pio2.o)
                0x00001180                __ieee754_rem_pio2
 .text.__kernel_cos
                0x0000158c      0x234 c:/program files (x86)/cypress/psoc creator/4.2/psoc creator/import/gnu/arm/5.4.1/bin/../lib/gcc/arm-none-eabi/5.4.1/../../../../arm-none-eabi/lib/armv6-m\libm.a(lib_a-k_cos.o)
                0x0000158c                __kernel_cos
 .text.__kernel_rem_pio2
                0x000017c0      0x8a4 c:/program files (x86)/cypress/psoc creator/4.2/psoc creator/import/gnu/arm/5.4.1/bin/../lib/gcc/arm-none-eabi/5.4.1/../../../../arm-none-eabi/lib/armv6-m\libm.a(lib_a-k_rem_pio2.o)
                0x000017c0                __kernel_rem_pio2
 .text.__kernel_sin
                0x00002064      0x160 c:/program files (x86)/cypress/psoc creator/4.2/psoc creator/import/gnu/arm/5.4.1/bin/../lib/gcc/arm-none-eabi/5.4.1/../../../../arm-none-eabi/lib/armv6-m\libm.a(lib_a-k_sin.o)
                0x00002064                __kernel_sin
 .text.fabs     0x000021c4        0x8 c:/program files (x86)/cypress/psoc creator/4.2/psoc creator/import/gnu/arm/5.4.1/bin/../lib/gcc/arm-none-eabi/5.4.1/../../../../arm-none-eabi/lib/armv6-m\libm.a(lib_a-s_fabs.o)
                0x000021c4                fabs
 .text.floor    0x000021cc      0x130 c:/program files (x86)/cypress/psoc creator/4.2/psoc creator/import/gnu/arm/5.4.1/bin/../lib/gcc/arm-none-eabi/5.4.1/../../../../arm-none-eabi/lib/armv6-m\libm.a(lib_a-s_floor.o)
                0x000021cc                floor
 .text.scalbn   0x000022fc       0xd0 c:/program files (x86)/cypress/psoc creator/4.2/psoc creator/import/gnu/arm/5.4.1/bin/../lib/gcc/arm-none-eabi/5.4.1/../../../../arm-none-eabi/lib/armv6-m\libm.a(lib_a-s_scalbn.o)
                0x000022fc                scalbn
 .text.copysign
                0x000023cc       0x10 c:/program files (x86)/cypress/psoc creator/4.2/psoc creator/import/gnu/arm/5.4.1/bin/../lib/gcc/arm-none-eabi/5.4.1/../../../../arm-none-eabi/lib/armv6-m\libm.a(lib_a-s_copysign.o)
                0x000023cc                copysign
 .text          0x000023dc      0x114 c:/program files (x86)/cypress/psoc creator/4.2/psoc creator/import/gnu/arm/5.4.1/bin/../lib/gcc/arm-none-eabi/5.4.1/armv6-m\libgcc.a(_udivsi3.o)
                0x000023dc                __aeabi_uidiv
                0x000023dc                __udivsi3
                0x000024e8                __aeabi_uidivmod
 .text          0x000024f0      0x1d4 c:/program files (x86)/cypress/psoc creator/4.2/psoc creator/import/gnu/arm/5.4.1/bin/../lib/gcc/arm-none-eabi/5.4.1/armv6-m\libgcc.a(_divsi3.o)
                0x000024f0                __divsi3
                0x000024f0                __aeabi_idiv
                0x000026bc                __aeabi_idivmod
 .text          0x000026c4        0x4 c:/program files (x86)/cypress/psoc creator/4.2/psoc creator/import/gnu/arm/5.4.1/bin/../lib/gcc/arm-none-eabi/5.4.1/armv6-m\libgcc.a(_dvmd_tls.o)
                0x000026c4                __aeabi_idiv0
                0x000026c4                __aeabi_ldiv0
 .text          0x000026c8       0x7c c:/program files (x86)/cypress/psoc creator/4.2/psoc creator/import/gnu/arm/5.4.1/bin/../lib/gcc/arm-none-eabi/5.4.1/armv6-m\libgcc.a(_arm_cmpdf2.o)
                0x000026c8                __aeabi_cdrcmple
                0x000026d8                __aeabi_cdcmple
                0x000026d8                __aeabi_cdcmpeq
                0x000026e8                __aeabi_dcmpeq
                0x000026f4                __aeabi_dcmplt
                0x00002708                __aeabi_dcmple
                0x0000271c                __aeabi_dcmpgt
                0x00002730                __aeabi_dcmpge
 .text          0x00002744      0x658 c:/program files (x86)/cypress/psoc creator/4.2/psoc creator/import/gnu/arm/5.4.1/bin/../lib/gcc/arm-none-eabi/5.4.1/armv6-m\libgcc.a(adddf3.o)
                0x00002744                __aeabi_dadd
 .text          0x00002d9c      0x62c c:/program files (x86)/cypress/psoc creator/4.2/psoc creator/import/gnu/arm/5.4.1/bin/../lib/gcc/arm-none-eabi/5.4.1/armv6-m\libgcc.a(divdf3.o)
                0x00002d9c                __aeabi_ddiv
 .text          0x000033c8       0x80 c:/program files (x86)/cypress/psoc creator/4.2/psoc creator/import/gnu/arm/5.4.1/bin/../lib/gcc/arm-none-eabi/5.4.1/armv6-m\libgcc.a(eqdf2.o)
                0x000033c8                __nedf2
                0x000033c8                __eqdf2
 .text          0x00003448       0xc8 c:/program files (x86)/cypress/psoc creator/4.2/psoc creator/import/gnu/arm/5.4.1/bin/../lib/gcc/arm-none-eabi/5.4.1/armv6-m\libgcc.a(gedf2.o)
                0x00003448                __gedf2
                0x00003448                __gtdf2
 .text          0x00003510       0xd4 c:/program files (x86)/cypress/psoc creator/4.2/psoc creator/import/gnu/arm/5.4.1/bin/../lib/gcc/arm-none-eabi/5.4.1/armv6-m\libgcc.a(ledf2.o)
                0x00003510                __ledf2
                0x00003510                __ltdf2
 .text          0x000035e4      0x4f4 c:/program files (x86)/cypress/psoc creator/4.2/psoc creator/import/gnu/arm/5.4.1/bin/../lib/gcc/arm-none-eabi/5.4.1/armv6-m\libgcc.a(muldf3.o)
                0x000035e4                __aeabi_dmul
 .text          0x00003ad8      0x6a8 c:/program files (x86)/cypress/psoc creator/4.2/psoc creator/import/gnu/arm/5.4.1/bin/../lib/gcc/arm-none-eabi/5.4.1/armv6-m\libgcc.a(subdf3.o)
                0x00003ad8                __aeabi_dsub
 .text          0x00004180       0x6c c:/program files (x86)/cypress/psoc creator/4.2/psoc creator/import/gnu/arm/5.4.1/bin/../lib/gcc/arm-none-eabi/5.4.1/armv6-m\libgcc.a(fixdfsi.o)
                0x00004180                __aeabi_d2iz
 .text          0x000041ec       0x84 c:/program files (x86)/cypress/psoc creator/4.2/psoc creator/import/gnu/arm/5.4.1/bin/../lib/gcc/arm-none-eabi/5.4.1/armv6-m\libgcc.a(floatsidf.o)
                0x000041ec                __aeabi_i2d
 .text          0x00004270       0x3c c:/program files (x86)/cypress/psoc creator/4.2/psoc creator/import/gnu/arm/5.4.1/bin/../lib/gcc/arm-none-eabi/5.4.1/armv6-m\libgcc.a(_clzsi2.o)
                0x00004270                __clzsi2
 .text.__errno  0x000042ac        0xc c:/program files (x86)/cypress/psoc creator/4.2/psoc creator/import/gnu/arm/5.4.1/bin/../lib/gcc/arm-none-eabi/5.4.1/../../../../arm-none-eabi/lib/armv6-m\libg_nano.a(lib_a-errno.o)
                0x000042ac                __errno
 .text.__libc_init_array
                0x000042b8       0x4c c:/program files (x86)/cypress/psoc creator/4.2/psoc creator/import/gnu/arm/5.4.1/bin/../lib/gcc/arm-none-eabi/5.4.1/../../../../arm-none-eabi/lib/armv6-m\libg_nano.a(lib_a-init.o)
                0x000042b8                __libc_init_array
 .text.memcpy   0x00004304       0x12 c:/program files (x86)/cypress/psoc creator/4.2/psoc creator/import/gnu/arm/5.4.1/bin/../lib/gcc/arm-none-eabi/5.4.1/../../../../arm-none-eabi/lib/armv6-m\libg_nano.a(lib_a-memcpy-stub.o)
                0x00004304                memcpy
 .text.memset   0x00004316       0x10 c:/program files (x86)/cypress/psoc creator/4.2/psoc creator/import/gnu/arm/5.4.1/bin/../lib/gcc/arm-none-eabi/5.4.1/../../../../arm-none-eabi/lib/armv6-m\libg_nano.a(lib_a-memset.o)
                0x00004316                memset
 *(.plt)
 *(.gnu.warning)
 *(.glue_7t)
 .glue_7t       0x00004326        0x0 linker stubs
 *(.glue_7)
 .glue_7        0x00004326        0x0 linker stubs
 *(.vfp11_veneer)
 .vfp11_veneer  0x00004326        0x0 linker stubs
 *(.bootloader)
 *(.ARM.extab* .gnu.linkonce.armextab.*)
 *(.gcc_except_table)

.v4_bx          0x00004328        0x0
 .v4_bx         0x00004328        0x0 linker stubs

.iplt           0x00004328        0x0
 .iplt          0x00004328        0x0 c:/program files (x86)/cypress/psoc creator/4.2/psoc creator/import/gnu/arm/5.4.1/bin/../lib/gcc/arm-none-eabi/5.4.1/armv6-m/crtbegin.o

.eh_frame_hdr
 *(.eh_frame_hdr)

.eh_frame       0x00004328        0x4
 *(.eh_frame)
 .eh_frame      0x00004328        0x0 c:/program files (x86)/cypress/psoc creator/4.2/psoc creator/import/gnu/arm/5.4.1/bin/../lib/gcc/arm-none-eabi/5.4.1/armv6-m/crtbegin.o
 .eh_frame      0x00004328        0x4 c:/program files (x86)/cypress/psoc creator/4.2/psoc creator/import/gnu/arm/5.4.1/bin/../lib/gcc/arm-none-eabi/5.4.1/armv6-m/crtend.o
                [!provide]                PROVIDE (__exidx_start, .)

.ARM.exidx
 *(.ARM.exidx* .gnu.linkonce.armexidx.*)
                0x0000432c                __exidx_end = .

.rodata         0x00004330      0x518
 *(.rodata .rodata.* .gnu.linkonce.r.*)
 .rodata        0x00004330      0x258 .\ARM_GCC_541\Debug\cyfitter_cfg.o
 .rodata        0x00004588       0x2e .\ARM_GCC_541\Debug\GLCD_Test1.a(CyLib.o)
                0x00004588                cyImoFreqMhz2Reg
 *fill*         0x000045b6        0x2 
 .rodata.npio2_hw
                0x000045b8       0x80 c:/program files (x86)/cypress/psoc creator/4.2/psoc creator/import/gnu/arm/5.4.1/bin/../lib/gcc/arm-none-eabi/5.4.1/../../../../arm-none-eabi/lib/armv6-m\libm.a(lib_a-e_rem_pio2.o)
 .rodata.two_over_pi
                0x00004638      0x108 c:/program files (x86)/cypress/psoc creator/4.2/psoc creator/import/gnu/arm/5.4.1/bin/../lib/gcc/arm-none-eabi/5.4.1/../../../../arm-none-eabi/lib/armv6-m\libm.a(lib_a-e_rem_pio2.o)
 .rodata.init_jk
                0x00004740       0x10 c:/program files (x86)/cypress/psoc creator/4.2/psoc creator/import/gnu/arm/5.4.1/bin/../lib/gcc/arm-none-eabi/5.4.1/../../../../arm-none-eabi/lib/armv6-m\libm.a(lib_a-k_rem_pio2.o)
 .rodata.PIo2   0x00004750       0x40 c:/program files (x86)/cypress/psoc creator/4.2/psoc creator/import/gnu/arm/5.4.1/bin/../lib/gcc/arm-none-eabi/5.4.1/../../../../arm-none-eabi/lib/armv6-m\libm.a(lib_a-k_rem_pio2.o)
 .rodata        0x00004790       0x40 c:/program files (x86)/cypress/psoc creator/4.2/psoc creator/import/gnu/arm/5.4.1/bin/../lib/gcc/arm-none-eabi/5.4.1/armv6-m\libgcc.a(divdf3.o)
 .rodata        0x000047d0       0x40 c:/program files (x86)/cypress/psoc creator/4.2/psoc creator/import/gnu/arm/5.4.1/bin/../lib/gcc/arm-none-eabi/5.4.1/armv6-m\libgcc.a(muldf3.o)
 .rodata.str1.1
                0x00004810        0x2 c:/program files (x86)/cypress/psoc creator/4.2/psoc creator/import/gnu/arm/5.4.1/bin/../lib/gcc/arm-none-eabi/5.4.1/../../../../arm-none-eabi/lib/armv6-m\libg_nano.a(lib_a-impure.o)
                0x00004814                . = ALIGN (0x4)
 *fill*         0x00004812        0x2 
 *(.init)
 .init          0x00004814        0x4 c:/program files (x86)/cypress/psoc creator/4.2/psoc creator/import/gnu/arm/5.4.1/bin/../lib/gcc/arm-none-eabi/5.4.1/armv6-m/crti.o
                0x00004814                _init
 .init          0x00004818        0x8 c:/program files (x86)/cypress/psoc creator/4.2/psoc creator/import/gnu/arm/5.4.1/bin/../lib/gcc/arm-none-eabi/5.4.1/armv6-m/crtn.o
                0x00004820                . = ALIGN (0x4)
                0x00004820                __preinit_array_start = .
 *(.preinit_array)
                0x00004820                __preinit_array_end = .
                0x00004820                . = ALIGN (0x4)
                0x00004820                __init_array_start = .
 *(SORT(.init_array.*))
 *(.init_array)
 .init_array    0x00004820        0x4 c:/program files (x86)/cypress/psoc creator/4.2/psoc creator/import/gnu/arm/5.4.1/bin/../lib/gcc/arm-none-eabi/5.4.1/armv6-m/crtbegin.o
 .init_array    0x00004824        0x4 .\ARM_GCC_541\Debug\Cm0Start.o
                0x00004828                __init_array_end = .
                0x00004828                . = ALIGN (0x4)
 *(.fini)
 .fini          0x00004828        0x4 c:/program files (x86)/cypress/psoc creator/4.2/psoc creator/import/gnu/arm/5.4.1/bin/../lib/gcc/arm-none-eabi/5.4.1/armv6-m/crti.o
                0x00004828                _fini
 .fini          0x0000482c        0x8 c:/program files (x86)/cypress/psoc creator/4.2/psoc creator/import/gnu/arm/5.4.1/bin/../lib/gcc/arm-none-eabi/5.4.1/armv6-m/crtn.o
                0x00004834                . = ALIGN (0x4)
                0x00004834                __fini_array_start = .
 *(.fini_array)
 .fini_array    0x00004834        0x4 c:/program files (x86)/cypress/psoc creator/4.2/psoc creator/import/gnu/arm/5.4.1/bin/../lib/gcc/arm-none-eabi/5.4.1/armv6-m/crtbegin.o
 *(SORT(.fini_array.*))
                0x00004838                __fini_array_end = .
                0x00004838                . = ALIGN (0x4)
 *crtbegin.o(.ctors)
 *(EXCLUDE_FILE(*crtend.o) .ctors)
 *(SORT(.ctors.*))
 *crtend.o(.ctors)
                0x00004838                . = ALIGN (0x4)
 *crtbegin.o(.dtors)
 *(EXCLUDE_FILE(*crtend.o) .dtors)
 *(SORT(.dtors.*))
 *crtend.o(.dtors)
                0x00004838                . = ALIGN (0x4)
                0x00004838                __cy_regions = .
                0x00004838        0x4 LONG 0x4848 __cy_region_init_ram
                0x0000483c        0x4 LONG 0x200000c8 __cy_region_start_data
                0x00004840        0x4 LONG 0x80 __cy_region_init_size_ram
                0x00004844        0x4 LONG 0x28 __cy_region_zero_size_ram
                0x00004848                __cy_regions_end = .
                0x00004848                . = ALIGN (0x8)
                0x00004848                _etext = .

.cy_checksum_exclude
                0x00004848        0x0
 *(.cy_checksum_exclude)

.ramvectors     0x20000000       0xc0
                0x20000000                __cy_region_start_ram = .
 *(.ramvectors)
 .ramvectors    0x20000000       0xc0 .\ARM_GCC_541\Debug\Cm0Start.o
                0x20000000                CyRamVectors

.noinit         0x200000c0        0x4
 *(.noinit)
 .noinit        0x200000c0        0x4 .\ARM_GCC_541\Debug\Cm0Start.o

.data           0x200000c8       0x80 load address 0x00004848
                0x200000c8                __cy_region_start_data = .
 *(.jcr)
 .jcr           0x200000c8        0x0 c:/program files (x86)/cypress/psoc creator/4.2/psoc creator/import/gnu/arm/5.4.1/bin/../lib/gcc/arm-none-eabi/5.4.1/armv6-m/crtbegin.o
 .jcr           0x200000c8        0x4 c:/program files (x86)/cypress/psoc creator/4.2/psoc creator/import/gnu/arm/5.4.1/bin/../lib/gcc/arm-none-eabi/5.4.1/armv6-m/crtend.o
 *(.got.plt)
 *(.got)
 *(.shdata)
 *(.data .data.* .gnu.linkonce.d.*)
 .data          0x200000cc       0x14 .\ARM_GCC_541\Debug\GLCD_Test1.a(CyLib.o)
                0x200000cc                cydelayFreqHz
                0x200000d0                cydelayFreqKhz
                0x200000d4                cydelayFreqMhz
                0x200000d8                cydelay32kMs
                0x200000dc                CySysClkPumpConfig
 .data.impure_data
                0x200000e0       0x60 c:/program files (x86)/cypress/psoc creator/4.2/psoc creator/import/gnu/arm/5.4.1/bin/../lib/gcc/arm-none-eabi/5.4.1/../../../../arm-none-eabi/lib/armv6-m\libg_nano.a(lib_a-impure.o)
 .data._impure_ptr
                0x20000140        0x4 c:/program files (x86)/cypress/psoc creator/4.2/psoc creator/import/gnu/arm/5.4.1/bin/../lib/gcc/arm-none-eabi/5.4.1/../../../../arm-none-eabi/lib/armv6-m\libg_nano.a(lib_a-impure.o)
                0x20000140                _impure_ptr
                0x20000148                . = ALIGN (0x8)
 *fill*         0x20000144        0x4 
 *(.ram)
                0x20000148                _edata = .

.igot.plt       0x20000148        0x0 load address 0x000048c8
 .igot.plt      0x20000148        0x0 c:/program files (x86)/cypress/psoc creator/4.2/psoc creator/import/gnu/arm/5.4.1/bin/../lib/gcc/arm-none-eabi/5.4.1/armv6-m/crtbegin.o

.bss            0x20000148       0x28 load address 0x000048c8
                0x20000148                PROVIDE (__bss_start__, .)
 *(.shbss)
 *(.bss .bss.* .gnu.linkonce.b.*)
 .bss           0x20000148       0x1c c:/program files (x86)/cypress/psoc creator/4.2/psoc creator/import/gnu/arm/5.4.1/bin/../lib/gcc/arm-none-eabi/5.4.1/armv6-m/crtbegin.o
 .bss           0x20000164        0x8 .\ARM_GCC_541\Debug\GLCD_Test1.a(GLCD.o)
 .bss           0x2000016c        0x1 .\ARM_GCC_541\Debug\GLCD_Test1.a(GLCD_SPIM_UDB.o)
                0x2000016c                GLCD_SPIM_UDB_initVar
 *(COMMON)
                0x20000170                . = ALIGN (0x8)
 *fill*         0x2000016d        0x3 
 *(.ram.b)
                0x20000170                _end = .
                0x20000170                __end = .
                0x20000170                PROVIDE (end, .)
                0x20000170                PROVIDE (__bss_end__, .)
                0x00004848                __cy_region_init_ram = LOADADDR (.data)
                0x00000080                __cy_region_init_size_ram = (_edata - ADDR (.data))
                0x00000028                __cy_region_zero_size_ram = (_end - _edata)

.heap           0x20000170      0x100 load address 0x000048c8
                0x20000170                . = _end
                0x20000270                . = (. + 0x100)
 *fill*         0x20000170      0x100 
                0x20000270                __cy_heap_limit = .

.stack          0x20000c00      0x400
                0x20000c00                __cy_stack_limit = .
                0x20001000                . = (. + 0x400)
 *fill*         0x20000c00      0x400 
                0x00000001                ASSERT ((__cy_stack_limit >= __cy_heap_limit), region RAM overflowed with stack)
                0x00000000                cy_checksum_exclude_size = (CY_APPL_LOADABLE == 0x1)?SIZEOF (.cy_checksum_exclude):0x0
                0x00000001                ASSERT ((cy_checksum_exclude_size <= CY_CHECKSUM_EXCLUDE_SIZE), CY_BOOT: Section .cy_checksum_exclude size exceedes specified limit.)
                0x00007fc0                cyloadermeta_start = (cy_project_type_bootloader || cy_project_type_app_for_stack_and_copier)?(LENGTH (rom) - CY_METADATA_SIZE):0xf0000000

.cyloadermeta
 *(.cyloadermeta)
                0x00007fc0                cyloadablemeta_start = cy_project_type_app_for_stack_and_copier?((LENGTH (rom) - CY_FLASH_ROW_SIZE) - CY_METADATA_SIZE):((LENGTH (rom) - (CY_FLASH_ROW_SIZE * (CY_APPL_NUM - 0x1))) - CY_METADATA_SIZE)

.cyloadablemeta
 *(.cyloadablemeta)

.cyflashprotect
                0x90400000       0x20
 *(.cyflashprotect)
 .cyflashprotect
                0x90400000       0x20 .\ARM_GCC_541\Debug\cymetadata.o
                0x90400000                cy_meta_flashprotect

.cymeta         0x90500000        0xc
 *(.cymeta)
 .cymeta        0x90500000        0xc .\ARM_GCC_541\Debug\cymetadata.o
                0x90500000                cy_metadata

.cychipprotect  0x90600000        0x1
 *(.cychipprotect)
 .cychipprotect
                0x90600000        0x1 .\ARM_GCC_541\Debug\cymetadata.o
                0x90600000                cy_meta_chipprotect

.rel.dyn        0x000048c8        0x0 load address 0x90600004
 .rel.iplt      0x000048c8        0x0 c:/program files (x86)/cypress/psoc creator/4.2/psoc creator/import/gnu/arm/5.4.1/bin/../lib/gcc/arm-none-eabi/5.4.1/armv6-m/crtbegin.o

.stab
 *(.stab)

.stabstr
 *(.stabstr)

.debug
 *(.debug)

.line
 *(.line)

.debug_srcinfo
 *(.debug_srcinfo)

.debug_sfnames
 *(.debug_sfnames)

.debug_aranges  0x00000000      0x5a0
 *(.debug_aranges)
 .debug_aranges
                0x00000000       0x30 .\ARM_GCC_541\Debug\main.o
 .debug_aranges
                0x00000030       0x50 .\ARM_GCC_541\Debug\cyfitter_cfg.o
 .debug_aranges
                0x00000080       0x18 .\ARM_GCC_541\Debug\cymetadata.o
 .debug_aranges
                0x00000098       0x48 .\ARM_GCC_541\Debug\Cm0Start.o
 .debug_aranges
                0x000000e0       0x90 .\ARM_GCC_541\Debug\GLCD_Test1.a(GLCD.o)
 .debug_aranges
                0x00000170       0x18 .\ARM_GCC_541\Debug\GLCD_Test1.a(GLCD_Font.o)
 .debug_aranges
                0x00000188       0x48 .\ARM_GCC_541\Debug\GLCD_Test1.a(Backlight.o)
 .debug_aranges
                0x000001d0       0x40 .\ARM_GCC_541\Debug\GLCD_Test1.a(GLCD_Reset.o)
 .debug_aranges
                0x00000210       0xd8 .\ARM_GCC_541\Debug\GLCD_Test1.a(GLCD_SPIM_UDB.o)
 .debug_aranges
                0x000002e8       0x40 .\ARM_GCC_541\Debug\GLCD_Test1.a(GLCD_SPIM_UDB_IntClock.o)
 .debug_aranges
                0x00000328      0x180 .\ARM_GCC_541\Debug\GLCD_Test1.a(CyLib.o)
 .debug_aranges
                0x000004a8       0x48 .\ARM_GCC_541\Debug\GLCD_Test1.a(LED_Red.o)
 .debug_aranges
                0x000004f0       0x48 .\ARM_GCC_541\Debug\GLCD_Test1.a(LED_Blue.o)
 .debug_aranges
                0x00000538       0x48 .\ARM_GCC_541\Debug\GLCD_Test1.a(LED_Green.o)
 .debug_aranges
                0x00000580       0x20 .\ARM_GCC_541\Debug\GLCD_Test1.a(CyBootAsmGnu.o)

.debug_pubnames
 *(.debug_pubnames)

.debug_info     0x00000000     0x272c
 *(.debug_info .gnu.linkonce.wi.*)
 .debug_info    0x00000000      0x1bd .\ARM_GCC_541\Debug\main.o
 .debug_info    0x000001bd      0x442 .\ARM_GCC_541\Debug\cyfitter_cfg.o
 .debug_info    0x000005ff       0xf8 .\ARM_GCC_541\Debug\cymetadata.o
 .debug_info    0x000006f7      0x30c .\ARM_GCC_541\Debug\Cm0Start.o
 .debug_info    0x00000a03      0x5d6 .\ARM_GCC_541\Debug\GLCD_Test1.a(GLCD.o)
 .debug_info    0x00000fd9       0xbd .\ARM_GCC_541\Debug\GLCD_Test1.a(GLCD_Font.o)
 .debug_info    0x00001096      0x19a .\ARM_GCC_541\Debug\GLCD_Test1.a(Backlight.o)
 .debug_info    0x00001230      0x14e .\ARM_GCC_541\Debug\GLCD_Test1.a(GLCD_Reset.o)
 .debug_info    0x0000137e      0x411 .\ARM_GCC_541\Debug\GLCD_Test1.a(GLCD_SPIM_UDB.o)
 .debug_info    0x0000178f      0x150 .\ARM_GCC_541\Debug\GLCD_Test1.a(GLCD_SPIM_UDB_IntClock.o)
 .debug_info    0x000018df      0x8ef .\ARM_GCC_541\Debug\GLCD_Test1.a(CyLib.o)
 .debug_info    0x000021ce      0x19a .\ARM_GCC_541\Debug\GLCD_Test1.a(LED_Red.o)
 .debug_info    0x00002368      0x19a .\ARM_GCC_541\Debug\GLCD_Test1.a(LED_Blue.o)
 .debug_info    0x00002502      0x19a .\ARM_GCC_541\Debug\GLCD_Test1.a(LED_Green.o)
 .debug_info    0x0000269c       0x90 .\ARM_GCC_541\Debug\GLCD_Test1.a(CyBootAsmGnu.o)

.debug_abbrev   0x00000000      0xd67
 *(.debug_abbrev)
 .debug_abbrev  0x00000000       0xcf .\ARM_GCC_541\Debug\main.o
 .debug_abbrev  0x000000cf      0x1a4 .\ARM_GCC_541\Debug\cyfitter_cfg.o
 .debug_abbrev  0x00000273       0x5d .\ARM_GCC_541\Debug\cymetadata.o
 .debug_abbrev  0x000002d0      0x1c8 .\ARM_GCC_541\Debug\Cm0Start.o
 .debug_abbrev  0x00000498      0x167 .\ARM_GCC_541\Debug\GLCD_Test1.a(GLCD.o)
 .debug_abbrev  0x000005ff       0x5d .\ARM_GCC_541\Debug\GLCD_Test1.a(GLCD_Font.o)
 .debug_abbrev  0x0000065c       0xaa .\ARM_GCC_541\Debug\GLCD_Test1.a(Backlight.o)
 .debug_abbrev  0x00000706       0xaa .\ARM_GCC_541\Debug\GLCD_Test1.a(GLCD_Reset.o)
 .debug_abbrev  0x000007b0      0x156 .\ARM_GCC_541\Debug\GLCD_Test1.a(GLCD_SPIM_UDB.o)
 .debug_abbrev  0x00000906       0xa8 .\ARM_GCC_541\Debug\GLCD_Test1.a(GLCD_SPIM_UDB_IntClock.o)
 .debug_abbrev  0x000009ae      0x1a7 .\ARM_GCC_541\Debug\GLCD_Test1.a(CyLib.o)
 .debug_abbrev  0x00000b55       0xaa .\ARM_GCC_541\Debug\GLCD_Test1.a(LED_Red.o)
 .debug_abbrev  0x00000bff       0xaa .\ARM_GCC_541\Debug\GLCD_Test1.a(LED_Blue.o)
 .debug_abbrev  0x00000ca9       0xaa .\ARM_GCC_541\Debug\GLCD_Test1.a(LED_Green.o)
 .debug_abbrev  0x00000d53       0x14 .\ARM_GCC_541\Debug\GLCD_Test1.a(CyBootAsmGnu.o)

.debug_line     0x00000000     0x1421
 *(.debug_line)
 .debug_line    0x00000000       0xd1 .\ARM_GCC_541\Debug\main.o
 .debug_line    0x000000d1      0x1be .\ARM_GCC_541\Debug\cyfitter_cfg.o
 .debug_line    0x0000028f      0x141 .\ARM_GCC_541\Debug\cymetadata.o
 .debug_line    0x000003d0      0x1cf .\ARM_GCC_541\Debug\Cm0Start.o
 .debug_line    0x0000059f      0x273 .\ARM_GCC_541\Debug\GLCD_Test1.a(GLCD.o)
 .debug_line    0x00000812       0x50 .\ARM_GCC_541\Debug\GLCD_Test1.a(GLCD_Font.o)
 .debug_line    0x00000862       0xc1 .\ARM_GCC_541\Debug\GLCD_Test1.a(Backlight.o)
 .debug_line    0x00000923       0xae .\ARM_GCC_541\Debug\GLCD_Test1.a(GLCD_Reset.o)
 .debug_line    0x000009d1      0x26f .\ARM_GCC_541\Debug\GLCD_Test1.a(GLCD_SPIM_UDB.o)
 .debug_line    0x00000c40       0xbd .\ARM_GCC_541\Debug\GLCD_Test1.a(GLCD_SPIM_UDB_IntClock.o)
 .debug_line    0x00000cfd      0x47b .\ARM_GCC_541\Debug\GLCD_Test1.a(CyLib.o)
 .debug_line    0x00001178       0xbf .\ARM_GCC_541\Debug\GLCD_Test1.a(LED_Red.o)
 .debug_line    0x00001237       0xc0 .\ARM_GCC_541\Debug\GLCD_Test1.a(LED_Blue.o)
 .debug_line    0x000012f7       0xc1 .\ARM_GCC_541\Debug\GLCD_Test1.a(LED_Green.o)
 .debug_line    0x000013b8       0x69 .\ARM_GCC_541\Debug\GLCD_Test1.a(CyBootAsmGnu.o)

.debug_frame    0x00000000     0x15dc
 *(.debug_frame)
 .debug_frame   0x00000000       0x7c .\ARM_GCC_541\Debug\main.o
 .debug_frame   0x0000007c       0xe8 .\ARM_GCC_541\Debug\cyfitter_cfg.o
 .debug_frame   0x00000164       0xc8 .\ARM_GCC_541\Debug\Cm0Start.o
 .debug_frame   0x0000022c      0x1e8 .\ARM_GCC_541\Debug\GLCD_Test1.a(GLCD.o)
 .debug_frame   0x00000414       0xc8 .\ARM_GCC_541\Debug\GLCD_Test1.a(Backlight.o)
 .debug_frame   0x000004dc       0xa8 .\ARM_GCC_541\Debug\GLCD_Test1.a(GLCD_Reset.o)
 .debug_frame   0x00000584      0x2fc .\ARM_GCC_541\Debug\GLCD_Test1.a(GLCD_SPIM_UDB.o)
 .debug_frame   0x00000880       0xa0 .\ARM_GCC_541\Debug\GLCD_Test1.a(GLCD_SPIM_UDB_IntClock.o)
 .debug_frame   0x00000920      0x588 .\ARM_GCC_541\Debug\GLCD_Test1.a(CyLib.o)
 .debug_frame   0x00000ea8       0xc8 .\ARM_GCC_541\Debug\GLCD_Test1.a(LED_Red.o)
 .debug_frame   0x00000f70       0xc8 .\ARM_GCC_541\Debug\GLCD_Test1.a(LED_Blue.o)
 .debug_frame   0x00001038       0xc8 .\ARM_GCC_541\Debug\GLCD_Test1.a(LED_Green.o)
 .debug_frame   0x00001100       0x2c c:/program files (x86)/cypress/psoc creator/4.2/psoc creator/import/gnu/arm/5.4.1/bin/../lib/gcc/arm-none-eabi/5.4.1/../../../../arm-none-eabi/lib/armv6-m\libm.a(lib_a-s_cos.o)
 .debug_frame   0x0000112c       0x2c c:/program files (x86)/cypress/psoc creator/4.2/psoc creator/import/gnu/arm/5.4.1/bin/../lib/gcc/arm-none-eabi/5.4.1/../../../../arm-none-eabi/lib/armv6-m\libm.a(lib_a-s_sin.o)
 .debug_frame   0x00001158       0x3c c:/program files (x86)/cypress/psoc creator/4.2/psoc creator/import/gnu/arm/5.4.1/bin/../lib/gcc/arm-none-eabi/5.4.1/../../../../arm-none-eabi/lib/armv6-m\libm.a(lib_a-e_rem_pio2.o)
 .debug_frame   0x00001194       0x38 c:/program files (x86)/cypress/psoc creator/4.2/psoc creator/import/gnu/arm/5.4.1/bin/../lib/gcc/arm-none-eabi/5.4.1/../../../../arm-none-eabi/lib/armv6-m\libm.a(lib_a-k_cos.o)
 .debug_frame   0x000011cc       0x3c c:/program files (x86)/cypress/psoc creator/4.2/psoc creator/import/gnu/arm/5.4.1/bin/../lib/gcc/arm-none-eabi/5.4.1/../../../../arm-none-eabi/lib/armv6-m\libm.a(lib_a-k_rem_pio2.o)
 .debug_frame   0x00001208       0x38 c:/program files (x86)/cypress/psoc creator/4.2/psoc creator/import/gnu/arm/5.4.1/bin/../lib/gcc/arm-none-eabi/5.4.1/../../../../arm-none-eabi/lib/armv6-m\libm.a(lib_a-k_sin.o)
 .debug_frame   0x00001240       0x20 c:/program files (x86)/cypress/psoc creator/4.2/psoc creator/import/gnu/arm/5.4.1/bin/../lib/gcc/arm-none-eabi/5.4.1/../../../../arm-none-eabi/lib/armv6-m\libm.a(lib_a-s_fabs.o)
 .debug_frame   0x00001260       0x3c c:/program files (x86)/cypress/psoc creator/4.2/psoc creator/import/gnu/arm/5.4.1/bin/../lib/gcc/arm-none-eabi/5.4.1/../../../../arm-none-eabi/lib/armv6-m\libm.a(lib_a-s_floor.o)
 .debug_frame   0x0000129c       0x2c c:/program files (x86)/cypress/psoc creator/4.2/psoc creator/import/gnu/arm/5.4.1/bin/../lib/gcc/arm-none-eabi/5.4.1/../../../../arm-none-eabi/lib/armv6-m\libm.a(lib_a-s_scalbn.o)
 .debug_frame   0x000012c8       0x2c c:/program files (x86)/cypress/psoc creator/4.2/psoc creator/import/gnu/arm/5.4.1/bin/../lib/gcc/arm-none-eabi/5.4.1/../../../../arm-none-eabi/lib/armv6-m\libm.a(lib_a-s_copysign.o)
 .debug_frame   0x000012f4       0x20 c:/program files (x86)/cypress/psoc creator/4.2/psoc creator/import/gnu/arm/5.4.1/bin/../lib/gcc/arm-none-eabi/5.4.1/armv6-m\libgcc.a(_udivsi3.o)
 .debug_frame   0x00001314       0x20 c:/program files (x86)/cypress/psoc creator/4.2/psoc creator/import/gnu/arm/5.4.1/bin/../lib/gcc/arm-none-eabi/5.4.1/armv6-m\libgcc.a(_divsi3.o)
 .debug_frame   0x00001334       0x3c c:/program files (x86)/cypress/psoc creator/4.2/psoc creator/import/gnu/arm/5.4.1/bin/../lib/gcc/arm-none-eabi/5.4.1/armv6-m\libgcc.a(adddf3.o)
 .debug_frame   0x00001370       0x3c c:/program files (x86)/cypress/psoc creator/4.2/psoc creator/import/gnu/arm/5.4.1/bin/../lib/gcc/arm-none-eabi/5.4.1/armv6-m\libgcc.a(divdf3.o)
 .debug_frame   0x000013ac       0x38 c:/program files (x86)/cypress/psoc creator/4.2/psoc creator/import/gnu/arm/5.4.1/bin/../lib/gcc/arm-none-eabi/5.4.1/armv6-m\libgcc.a(eqdf2.o)
 .debug_frame   0x000013e4       0x38 c:/program files (x86)/cypress/psoc creator/4.2/psoc creator/import/gnu/arm/5.4.1/bin/../lib/gcc/arm-none-eabi/5.4.1/armv6-m\libgcc.a(gedf2.o)
 .debug_frame   0x0000141c       0x38 c:/program files (x86)/cypress/psoc creator/4.2/psoc creator/import/gnu/arm/5.4.1/bin/../lib/gcc/arm-none-eabi/5.4.1/armv6-m\libgcc.a(ledf2.o)
 .debug_frame   0x00001454       0x3c c:/program files (x86)/cypress/psoc creator/4.2/psoc creator/import/gnu/arm/5.4.1/bin/../lib/gcc/arm-none-eabi/5.4.1/armv6-m\libgcc.a(muldf3.o)
 .debug_frame   0x00001490       0x38 c:/program files (x86)/cypress/psoc creator/4.2/psoc creator/import/gnu/arm/5.4.1/bin/../lib/gcc/arm-none-eabi/5.4.1/armv6-m\libgcc.a(subdf3.o)
 .debug_frame   0x000014c8       0x2c c:/program files (x86)/cypress/psoc creator/4.2/psoc creator/import/gnu/arm/5.4.1/bin/../lib/gcc/arm-none-eabi/5.4.1/armv6-m\libgcc.a(fixdfsi.o)
 .debug_frame   0x000014f4       0x2c c:/program files (x86)/cypress/psoc creator/4.2/psoc creator/import/gnu/arm/5.4.1/bin/../lib/gcc/arm-none-eabi/5.4.1/armv6-m\libgcc.a(floatsidf.o)
 .debug_frame   0x00001520       0x20 c:/program files (x86)/cypress/psoc creator/4.2/psoc creator/import/gnu/arm/5.4.1/bin/../lib/gcc/arm-none-eabi/5.4.1/../../../../arm-none-eabi/lib/armv6-m\libg_nano.a(lib_a-errno.o)
 .debug_frame   0x00001540       0x28 c:/program files (x86)/cypress/psoc creator/4.2/psoc creator/import/gnu/arm/5.4.1/bin/../lib/gcc/arm-none-eabi/5.4.1/../../../../arm-none-eabi/lib/armv6-m\libg_nano.a(lib_a-exit.o)
 .debug_frame   0x00001568       0x2c c:/program files (x86)/cypress/psoc creator/4.2/psoc creator/import/gnu/arm/5.4.1/bin/../lib/gcc/arm-none-eabi/5.4.1/../../../../arm-none-eabi/lib/armv6-m\libg_nano.a(lib_a-init.o)
 .debug_frame   0x00001594       0x28 c:/program files (x86)/cypress/psoc creator/4.2/psoc creator/import/gnu/arm/5.4.1/bin/../lib/gcc/arm-none-eabi/5.4.1/../../../../arm-none-eabi/lib/armv6-m\libg_nano.a(lib_a-memcpy-stub.o)
 .debug_frame   0x000015bc       0x20 c:/program files (x86)/cypress/psoc creator/4.2/psoc creator/import/gnu/arm/5.4.1/bin/../lib/gcc/arm-none-eabi/5.4.1/../../../../arm-none-eabi/lib/armv6-m\libg_nano.a(lib_a-memset.o)

.debug_str      0x00000000     0x1311
 *(.debug_str)
 .debug_str     0x00000000      0x1c5 .\ARM_GCC_541\Debug\main.o
                                0x20b (size before relaxing)
 .debug_str     0x000001c5      0x1a4 .\ARM_GCC_541\Debug\cyfitter_cfg.o
                                0x30d (size before relaxing)
 .debug_str     0x00000369       0x63 .\ARM_GCC_541\Debug\cymetadata.o
                                0x1c8 (size before relaxing)
 .debug_str     0x000003cc      0x120 .\ARM_GCC_541\Debug\Cm0Start.o
                                0x2ce (size before relaxing)
 .debug_str     0x000004ec      0x1ae .\ARM_GCC_541\Debug\GLCD_Test1.a(GLCD.o)
                                0x357 (size before relaxing)
 .debug_str     0x0000069a       0x23 .\ARM_GCC_541\Debug\GLCD_Test1.a(GLCD_Font.o)
                                0x1a6 (size before relaxing)
 .debug_str     0x000006bd       0xcc .\ARM_GCC_541\Debug\GLCD_Test1.a(Backlight.o)
                                0x252 (size before relaxing)
 .debug_str     0x00000789       0x8e .\ARM_GCC_541\Debug\GLCD_Test1.a(GLCD_Reset.o)
                                0x225 (size before relaxing)
 .debug_str     0x00000817      0x32f .\ARM_GCC_541\Debug\GLCD_Test1.a(GLCD_SPIM_UDB.o)
                                0x4c1 (size before relaxing)
 .debug_str     0x00000b46      0x123 .\ARM_GCC_541\Debug\GLCD_Test1.a(GLCD_SPIM_UDB_IntClock.o)
                                0x2a3 (size before relaxing)
 .debug_str     0x00000c69      0x4d4 .\ARM_GCC_541\Debug\GLCD_Test1.a(CyLib.o)
                                0x689 (size before relaxing)
 .debug_str     0x0000113d       0x95 .\ARM_GCC_541\Debug\GLCD_Test1.a(LED_Red.o)
                                0x244 (size before relaxing)
 .debug_str     0x000011d2       0x9c .\ARM_GCC_541\Debug\GLCD_Test1.a(LED_Blue.o)
                                0x24b (size before relaxing)
 .debug_str     0x0000126e       0xa3 .\ARM_GCC_541\Debug\GLCD_Test1.a(LED_Green.o)
                                0x252 (size before relaxing)

.debug_loc
 *(.debug_loc)

.debug_macinfo
 *(.debug_macinfo)

.debug_ranges   0x00000000      0x490
 *(.debug_ranges)
 .debug_ranges  0x00000000       0x20 .\ARM_GCC_541\Debug\main.o
 .debug_ranges  0x00000020       0x40 .\ARM_GCC_541\Debug\cyfitter_cfg.o
 .debug_ranges  0x00000060       0x38 .\ARM_GCC_541\Debug\Cm0Start.o
 .debug_ranges  0x00000098       0x80 .\ARM_GCC_541\Debug\GLCD_Test1.a(GLCD.o)
 .debug_ranges  0x00000118       0x38 .\ARM_GCC_541\Debug\GLCD_Test1.a(Backlight.o)
 .debug_ranges  0x00000150       0x30 .\ARM_GCC_541\Debug\GLCD_Test1.a(GLCD_Reset.o)
 .debug_ranges  0x00000180       0xc8 .\ARM_GCC_541\Debug\GLCD_Test1.a(GLCD_SPIM_UDB.o)
 .debug_ranges  0x00000248       0x30 .\ARM_GCC_541\Debug\GLCD_Test1.a(GLCD_SPIM_UDB_IntClock.o)
 .debug_ranges  0x00000278      0x170 .\ARM_GCC_541\Debug\GLCD_Test1.a(CyLib.o)
 .debug_ranges  0x000003e8       0x38 .\ARM_GCC_541\Debug\GLCD_Test1.a(LED_Red.o)
 .debug_ranges  0x00000420       0x38 .\ARM_GCC_541\Debug\GLCD_Test1.a(LED_Blue.o)
 .debug_ranges  0x00000458       0x38 .\ARM_GCC_541\Debug\GLCD_Test1.a(LED_Green.o)

.comment        0x00000000       0x6e
 .comment       0x00000000       0x6e .\ARM_GCC_541\Debug\main.o
                                 0x6f (size before relaxing)
 .comment       0x0000006e       0x6f .\ARM_GCC_541\Debug\cyfitter_cfg.o
 .comment       0x0000006e       0x6f .\ARM_GCC_541\Debug\cymetadata.o
 .comment       0x0000006e       0x6f .\ARM_GCC_541\Debug\Cm0Start.o
 .comment       0x0000006e       0x6f .\ARM_GCC_541\Debug\GLCD_Test1.a(GLCD.o)
 .comment       0x0000006e       0x6f .\ARM_GCC_541\Debug\GLCD_Test1.a(GLCD_Font.o)
 .comment       0x0000006e       0x6f .\ARM_GCC_541\Debug\GLCD_Test1.a(Backlight.o)
 .comment       0x0000006e       0x6f .\ARM_GCC_541\Debug\GLCD_Test1.a(GLCD_Reset.o)
 .comment       0x0000006e       0x6f .\ARM_GCC_541\Debug\GLCD_Test1.a(GLCD_SPIM_UDB.o)
 .comment       0x0000006e       0x6f .\ARM_GCC_541\Debug\GLCD_Test1.a(GLCD_SPIM_UDB_IntClock.o)
 .comment       0x0000006e       0x6f .\ARM_GCC_541\Debug\GLCD_Test1.a(CyLib.o)
 .comment       0x0000006e       0x6f .\ARM_GCC_541\Debug\GLCD_Test1.a(LED_Red.o)
 .comment       0x0000006e       0x6f .\ARM_GCC_541\Debug\GLCD_Test1.a(LED_Blue.o)
 .comment       0x0000006e       0x6f .\ARM_GCC_541\Debug\GLCD_Test1.a(LED_Green.o)

.debug_weaknames
 *(.debug_weaknames)

.debug_funcnames
 *(.debug_funcnames)

.debug_typenames
 *(.debug_typenames)

.debug_varnames
 *(.debug_varnames)

.note.gnu.arm.ident
 *(.note.gnu.arm.ident)

.ARM.attributes
                0x00000000       0x28
 *(.ARM.attributes)
 .ARM.attributes
                0x00000000       0x1e c:/program files (x86)/cypress/psoc creator/4.2/psoc creator/import/gnu/arm/5.4.1/bin/../lib/gcc/arm-none-eabi/5.4.1/armv6-m/crti.o
 .ARM.attributes
                0x0000001e       0x2c c:/program files (x86)/cypress/psoc creator/4.2/psoc creator/import/gnu/arm/5.4.1/bin/../lib/gcc/arm-none-eabi/5.4.1/armv6-m/crtbegin.o
 .ARM.attributes
                0x0000004a       0x1b c:/program files (x86)/cypress/psoc creator/4.2/psoc creator/import/gnu/arm/5.4.1/bin/../lib/gcc/arm-none-eabi/5.4.1/../../../../arm-none-eabi/lib/armv6-m/crt0.o
 .ARM.attributes
                0x00000065       0x31 .\ARM_GCC_541\Debug\main.o
 .ARM.attributes
                0x00000096       0x31 .\ARM_GCC_541\Debug\cyfitter_cfg.o
 .ARM.attributes
                0x000000c7       0x31 .\ARM_GCC_541\Debug\cymetadata.o
 .ARM.attributes
                0x000000f8       0x31 .\ARM_GCC_541\Debug\Cm0Start.o
 .ARM.attributes
                0x00000129       0x31 .\ARM_GCC_541\Debug\GLCD_Test1.a(GLCD.o)
 .ARM.attributes
                0x0000015a       0x31 .\ARM_GCC_541\Debug\GLCD_Test1.a(GLCD_Font.o)
 .ARM.attributes
                0x0000018b       0x31 .\ARM_GCC_541\Debug\GLCD_Test1.a(Backlight.o)
 .ARM.attributes
                0x000001bc       0x31 .\ARM_GCC_541\Debug\GLCD_Test1.a(GLCD_Reset.o)
 .ARM.attributes
                0x000001ed       0x31 .\ARM_GCC_541\Debug\GLCD_Test1.a(GLCD_SPIM_UDB.o)
 .ARM.attributes
                0x0000021e       0x31 .\ARM_GCC_541\Debug\GLCD_Test1.a(GLCD_SPIM_UDB_IntClock.o)
 .ARM.attributes
                0x0000024f       0x31 .\ARM_GCC_541\Debug\GLCD_Test1.a(CyLib.o)
 .ARM.attributes
                0x00000280       0x31 .\ARM_GCC_541\Debug\GLCD_Test1.a(LED_Red.o)
 .ARM.attributes
                0x000002b1       0x31 .\ARM_GCC_541\Debug\GLCD_Test1.a(LED_Blue.o)
 .ARM.attributes
                0x000002e2       0x31 .\ARM_GCC_541\Debug\GLCD_Test1.a(LED_Green.o)
 .ARM.attributes
                0x00000313       0x21 .\ARM_GCC_541\Debug\GLCD_Test1.a(CyBootAsmGnu.o)
 .ARM.attributes
                0x00000334       0x2c c:/program files (x86)/cypress/psoc creator/4.2/psoc creator/import/gnu/arm/5.4.1/bin/../lib/gcc/arm-none-eabi/5.4.1/../../../../arm-none-eabi/lib/armv6-m\libm.a(lib_a-s_cos.o)
 .ARM.attributes
                0x00000360       0x2c c:/program files (x86)/cypress/psoc creator/4.2/psoc creator/import/gnu/arm/5.4.1/bin/../lib/gcc/arm-none-eabi/5.4.1/../../../../arm-none-eabi/lib/armv6-m\libm.a(lib_a-s_sin.o)
 .ARM.attributes
                0x0000038c       0x2c c:/program files (x86)/cypress/psoc creator/4.2/psoc creator/import/gnu/arm/5.4.1/bin/../lib/gcc/arm-none-eabi/5.4.1/../../../../arm-none-eabi/lib/armv6-m\libm.a(lib_a-e_rem_pio2.o)
 .ARM.attributes
                0x000003b8       0x2c c:/program files (x86)/cypress/psoc creator/4.2/psoc creator/import/gnu/arm/5.4.1/bin/../lib/gcc/arm-none-eabi/5.4.1/../../../../arm-none-eabi/lib/armv6-m\libm.a(lib_a-k_cos.o)
 .ARM.attributes
                0x000003e4       0x2c c:/program files (x86)/cypress/psoc creator/4.2/psoc creator/import/gnu/arm/5.4.1/bin/../lib/gcc/arm-none-eabi/5.4.1/../../../../arm-none-eabi/lib/armv6-m\libm.a(lib_a-k_rem_pio2.o)
 .ARM.attributes
                0x00000410       0x2c c:/program files (x86)/cypress/psoc creator/4.2/psoc creator/import/gnu/arm/5.4.1/bin/../lib/gcc/arm-none-eabi/5.4.1/../../../../arm-none-eabi/lib/armv6-m\libm.a(lib_a-k_sin.o)
 .ARM.attributes
                0x0000043c       0x2c c:/program files (x86)/cypress/psoc creator/4.2/psoc creator/import/gnu/arm/5.4.1/bin/../lib/gcc/arm-none-eabi/5.4.1/../../../../arm-none-eabi/lib/armv6-m\libm.a(lib_a-s_fabs.o)
 .ARM.attributes
                0x00000468       0x2c c:/program files (x86)/cypress/psoc creator/4.2/psoc creator/import/gnu/arm/5.4.1/bin/../lib/gcc/arm-none-eabi/5.4.1/../../../../arm-none-eabi/lib/armv6-m\libm.a(lib_a-s_floor.o)
 .ARM.attributes
                0x00000494       0x2c c:/program files (x86)/cypress/psoc creator/4.2/psoc creator/import/gnu/arm/5.4.1/bin/../lib/gcc/arm-none-eabi/5.4.1/../../../../arm-none-eabi/lib/armv6-m\libm.a(lib_a-s_scalbn.o)
 .ARM.attributes
                0x000004c0       0x2c c:/program files (x86)/cypress/psoc creator/4.2/psoc creator/import/gnu/arm/5.4.1/bin/../lib/gcc/arm-none-eabi/5.4.1/../../../../arm-none-eabi/lib/armv6-m\libm.a(lib_a-s_copysign.o)
 .ARM.attributes
                0x000004ec       0x1e c:/program files (x86)/cypress/psoc creator/4.2/psoc creator/import/gnu/arm/5.4.1/bin/../lib/gcc/arm-none-eabi/5.4.1/armv6-m\libgcc.a(_udivsi3.o)
 .ARM.attributes
                0x0000050a       0x1e c:/program files (x86)/cypress/psoc creator/4.2/psoc creator/import/gnu/arm/5.4.1/bin/../lib/gcc/arm-none-eabi/5.4.1/armv6-m\libgcc.a(_divsi3.o)
 .ARM.attributes
                0x00000528       0x1e c:/program files (x86)/cypress/psoc creator/4.2/psoc creator/import/gnu/arm/5.4.1/bin/../lib/gcc/arm-none-eabi/5.4.1/armv6-m\libgcc.a(_dvmd_tls.o)
 .ARM.attributes
                0x00000546       0x1e c:/program files (x86)/cypress/psoc creator/4.2/psoc creator/import/gnu/arm/5.4.1/bin/../lib/gcc/arm-none-eabi/5.4.1/armv6-m\libgcc.a(_arm_cmpdf2.o)
 .ARM.attributes
                0x00000564       0x2c c:/program files (x86)/cypress/psoc creator/4.2/psoc creator/import/gnu/arm/5.4.1/bin/../lib/gcc/arm-none-eabi/5.4.1/armv6-m\libgcc.a(adddf3.o)
 .ARM.attributes
                0x00000590       0x2c c:/program files (x86)/cypress/psoc creator/4.2/psoc creator/import/gnu/arm/5.4.1/bin/../lib/gcc/arm-none-eabi/5.4.1/armv6-m\libgcc.a(divdf3.o)
 .ARM.attributes
                0x000005bc       0x2c c:/program files (x86)/cypress/psoc creator/4.2/psoc creator/import/gnu/arm/5.4.1/bin/../lib/gcc/arm-none-eabi/5.4.1/armv6-m\libgcc.a(eqdf2.o)
 .ARM.attributes
                0x000005e8       0x2c c:/program files (x86)/cypress/psoc creator/4.2/psoc creator/import/gnu/arm/5.4.1/bin/../lib/gcc/arm-none-eabi/5.4.1/armv6-m\libgcc.a(gedf2.o)
 .ARM.attributes
                0x00000614       0x2c c:/program files (x86)/cypress/psoc creator/4.2/psoc creator/import/gnu/arm/5.4.1/bin/../lib/gcc/arm-none-eabi/5.4.1/armv6-m\libgcc.a(ledf2.o)
 .ARM.attributes
                0x00000640       0x2c c:/program files (x86)/cypress/psoc creator/4.2/psoc creator/import/gnu/arm/5.4.1/bin/../lib/gcc/arm-none-eabi/5.4.1/armv6-m\libgcc.a(muldf3.o)
 .ARM.attributes
                0x0000066c       0x2c c:/program files (x86)/cypress/psoc creator/4.2/psoc creator/import/gnu/arm/5.4.1/bin/../lib/gcc/arm-none-eabi/5.4.1/armv6-m\libgcc.a(subdf3.o)
 .ARM.attributes
                0x00000698       0x2c c:/program files (x86)/cypress/psoc creator/4.2/psoc creator/import/gnu/arm/5.4.1/bin/../lib/gcc/arm-none-eabi/5.4.1/armv6-m\libgcc.a(fixdfsi.o)
 .ARM.attributes
                0x000006c4       0x2c c:/program files (x86)/cypress/psoc creator/4.2/psoc creator/import/gnu/arm/5.4.1/bin/../lib/gcc/arm-none-eabi/5.4.1/armv6-m\libgcc.a(floatsidf.o)
 .ARM.attributes
                0x000006f0       0x1e c:/program files (x86)/cypress/psoc creator/4.2/psoc creator/import/gnu/arm/5.4.1/bin/../lib/gcc/arm-none-eabi/5.4.1/armv6-m\libgcc.a(_clzsi2.o)
 .ARM.attributes
                0x0000070e       0x2c c:/program files (x86)/cypress/psoc creator/4.2/psoc creator/import/gnu/arm/5.4.1/bin/../lib/gcc/arm-none-eabi/5.4.1/../../../../arm-none-eabi/lib/armv6-m\libg_nano.a(lib_a-errno.o)
 .ARM.attributes
                0x0000073a       0x2c c:/program files (x86)/cypress/psoc creator/4.2/psoc creator/import/gnu/arm/5.4.1/bin/../lib/gcc/arm-none-eabi/5.4.1/../../../../arm-none-eabi/lib/armv6-m\libg_nano.a(lib_a-exit.o)
 .ARM.attributes
                0x00000766       0x2c c:/program files (x86)/cypress/psoc creator/4.2/psoc creator/import/gnu/arm/5.4.1/bin/../lib/gcc/arm-none-eabi/5.4.1/../../../../arm-none-eabi/lib/armv6-m\libg_nano.a(lib_a-impure.o)
 .ARM.attributes
                0x00000792       0x2c c:/program files (x86)/cypress/psoc creator/4.2/psoc creator/import/gnu/arm/5.4.1/bin/../lib/gcc/arm-none-eabi/5.4.1/../../../../arm-none-eabi/lib/armv6-m\libg_nano.a(lib_a-init.o)
 .ARM.attributes
                0x000007be       0x2c c:/program files (x86)/cypress/psoc creator/4.2/psoc creator/import/gnu/arm/5.4.1/bin/../lib/gcc/arm-none-eabi/5.4.1/../../../../arm-none-eabi/lib/armv6-m\libg_nano.a(lib_a-memcpy-stub.o)
 .ARM.attributes
                0x000007ea       0x2c c:/program files (x86)/cypress/psoc creator/4.2/psoc creator/import/gnu/arm/5.4.1/bin/../lib/gcc/arm-none-eabi/5.4.1/../../../../arm-none-eabi/lib/armv6-m\libg_nano.a(lib_a-memset.o)
 .ARM.attributes
                0x00000816       0x2c c:/program files (x86)/cypress/psoc creator/4.2/psoc creator/import/gnu/arm/5.4.1/bin/../lib/gcc/arm-none-eabi/5.4.1/armv6-m/crtend.o
 .ARM.attributes
                0x00000842       0x1e c:/program files (x86)/cypress/psoc creator/4.2/psoc creator/import/gnu/arm/5.4.1/bin/../lib/gcc/arm-none-eabi/5.4.1/armv6-m/crtn.o

/DISCARD/
 *(.note.GNU-stack)
OUTPUT(D:\GIT\Microcontroller System Design Projects\HW 1- Pacman\GLCD_Test1.cydsn\ARM_GCC_541\Debug\GLCD_Test1.elf elf32-littlearm)
