Archive member included to satisfy reference by file (symbol)

.\CortexM0\ARM_GCC_541\Debug\CountZilla Final.a(GLCD.o)
                              .\CortexM0\ARM_GCC_541\Debug\main.o (GLCD_Start)
.\CortexM0\ARM_GCC_541\Debug\CountZilla Final.a(GLCD_Font.o)
                              .\CortexM0\ARM_GCC_541\Debug\main.o (GLCD_FONT8x16)
.\CortexM0\ARM_GCC_541\Debug\CountZilla Final.a(Backlight.o)
                              .\CortexM0\ARM_GCC_541\Debug\main.o (Backlight_Write)
.\CortexM0\ARM_GCC_541\Debug\CountZilla Final.a(A_Interrupt.o)
                              .\CortexM0\ARM_GCC_541\Debug\main.o (A_Interrupt_Start)
.\CortexM0\ARM_GCC_541\Debug\CountZilla Final.a(B_Interrupt.o)
                              .\CortexM0\ARM_GCC_541\Debug\main.o (B_Interrupt_Start)
.\CortexM0\ARM_GCC_541\Debug\CountZilla Final.a(C_Interrupt.o)
                              .\CortexM0\ARM_GCC_541\Debug\main.o (C_Interrupt_Start)
.\CortexM0\ARM_GCC_541\Debug\CountZilla Final.a(D_Interrupt.o)
                              .\CortexM0\ARM_GCC_541\Debug\main.o (D_Interrupt_Start)
.\CortexM0\ARM_GCC_541\Debug\CountZilla Final.a(StickButton_Interrupt.o)
                              .\CortexM0\ARM_GCC_541\Debug\main.o (StickButton_Interrupt_Start)
.\CortexM0\ARM_GCC_541\Debug\CountZilla Final.a(GLCD_Reset.o)
                              .\CortexM0\ARM_GCC_541\Debug\CountZilla Final.a(GLCD.o) (GLCD_Reset_Write)
.\CortexM0\ARM_GCC_541\Debug\CountZilla Final.a(GLCD_SPIM_UDB.o)
                              .\CortexM0\ARM_GCC_541\Debug\CountZilla Final.a(GLCD.o) (GLCD_SPIM_UDB_ReadTxStatus)
.\CortexM0\ARM_GCC_541\Debug\CountZilla Final.a(GLCD_SPIM_UDB_IntClock.o)
                              .\CortexM0\ARM_GCC_541\Debug\CountZilla Final.a(GLCD_SPIM_UDB.o) (GLCD_SPIM_UDB_IntClock_Start)
.\CortexM0\ARM_GCC_541\Debug\CountZilla Final.a(CyLib.o)
                              .\CortexM0\ARM_GCC_541\Debug\cyfitter_cfg.o (CyIntEnable)
.\CortexM0\ARM_GCC_541\Debug\CountZilla Final.a(CyLFClk.o)
                              .\CortexM0\ARM_GCC_541\Debug\cyfitter_cfg.o (CySysWdtIsr)
.\CortexM0\ARM_GCC_541\Debug\CountZilla Final.a(CyBootAsmGnu.o)
                              .\CortexM0\ARM_GCC_541\Debug\CountZilla Final.a(CyLib.o) (CyDelayCycles)
.\CortexM0\ARM_GCC_541\Debug\CountZilla Final.a(A_Button.o)
                              .\CortexM0\ARM_GCC_541\Debug\CountZilla Final.a(A_Interrupt.o) (A_Button_Read)
.\CortexM0\ARM_GCC_541\Debug\CountZilla Final.a(B_Button.o)
                              .\CortexM0\ARM_GCC_541\Debug\CountZilla Final.a(B_Interrupt.o) (B_Button_Read)
.\CortexM0\ARM_GCC_541\Debug\CountZilla Final.a(C_Button.o)
                              .\CortexM0\ARM_GCC_541\Debug\CountZilla Final.a(C_Interrupt.o) (C_Button_Read)
.\CortexM0\ARM_GCC_541\Debug\CountZilla Final.a(D_Button.o)
                              .\CortexM0\ARM_GCC_541\Debug\CountZilla Final.a(D_Interrupt.o) (D_Button_Read)
.\CortexM0\ARM_GCC_541\Debug\CountZilla Final.a(StickButton.o)
                              .\CortexM0\ARM_GCC_541\Debug\CountZilla Final.a(StickButton_Interrupt.o) (StickButton_Read)
c:/program files (x86)/cypress/psoc creator/4.2/psoc creator/import/gnu/arm/5.4.1/bin/../lib/gcc/arm-none-eabi/5.4.1/armv6-m\libgcc.a(_udivsi3.o)
                              .\CortexM0\ARM_GCC_541\Debug\CountZilla Final.a(CyLib.o) (__aeabi_uidiv)
c:/program files (x86)/cypress/psoc creator/4.2/psoc creator/import/gnu/arm/5.4.1/bin/../lib/gcc/arm-none-eabi/5.4.1/armv6-m\libgcc.a(_dvmd_tls.o)
                              c:/program files (x86)/cypress/psoc creator/4.2/psoc creator/import/gnu/arm/5.4.1/bin/../lib/gcc/arm-none-eabi/5.4.1/armv6-m\libgcc.a(_udivsi3.o) (__aeabi_idiv0)
c:/program files (x86)/cypress/psoc creator/4.2/psoc creator/import/gnu/arm/5.4.1/bin/../lib/gcc/arm-none-eabi/5.4.1/../../../../arm-none-eabi/lib/armv6-m\libg_nano.a(lib_a-errno.o)
                              .\CortexM0\ARM_GCC_541\Debug\Cm0Start.o (__errno)
c:/program files (x86)/cypress/psoc creator/4.2/psoc creator/import/gnu/arm/5.4.1/bin/../lib/gcc/arm-none-eabi/5.4.1/../../../../arm-none-eabi/lib/armv6-m\libg_nano.a(lib_a-exit.o)
                              c:/program files (x86)/cypress/psoc creator/4.2/psoc creator/import/gnu/arm/5.4.1/bin/../lib/gcc/arm-none-eabi/5.4.1/../../../../arm-none-eabi/lib/armv6-m/crt0.o (exit)
c:/program files (x86)/cypress/psoc creator/4.2/psoc creator/import/gnu/arm/5.4.1/bin/../lib/gcc/arm-none-eabi/5.4.1/../../../../arm-none-eabi/lib/armv6-m\libg_nano.a(lib_a-impure.o)
                              c:/program files (x86)/cypress/psoc creator/4.2/psoc creator/import/gnu/arm/5.4.1/bin/../lib/gcc/arm-none-eabi/5.4.1/../../../../arm-none-eabi/lib/armv6-m\libg_nano.a(lib_a-exit.o) (_global_impure_ptr)
c:/program files (x86)/cypress/psoc creator/4.2/psoc creator/import/gnu/arm/5.4.1/bin/../lib/gcc/arm-none-eabi/5.4.1/../../../../arm-none-eabi/lib/armv6-m\libg_nano.a(lib_a-init.o)
[...]
Memory Configuration

Name             Origin             Length             Attributes
rom              0x00000000         0x00008000         xr
ram              0x20000000         0x00001000         xrw
*default*        0x00000000         0xffffffff

Linker script and memory map

LOAD c:/program files (x86)/cypress/psoc creator/4.2/psoc creator/import/gnu/arm/5.4.1/bin/../lib/gcc/arm-none-eabi/5.4.1/armv6-m/crti.o
LOAD c:/program files (x86)/cypress/psoc creator/4.2/psoc creator/import/gnu/arm/5.4.1/bin/../lib/gcc/arm-none-eabi/5.4.1/armv6-m/crtbegin.o
LOAD c:/program files (x86)/cypress/psoc creator/4.2/psoc creator/import/gnu/arm/5.4.1/bin/../lib/gcc/arm-none-eabi/5.4.1/../../../../arm-none-eabi/lib/armv6-m/crt0.o
START GROUP
LOAD .\CortexM0\ARM_GCC_541\Debug\main.o
LOAD .\CortexM0\ARM_GCC_541\Debug\cyfitter_cfg.o
LOAD .\CortexM0\ARM_GCC_541\Debug\cymetadata.o
LOAD .\CortexM0\ARM_GCC_541\Debug\Cm0Start.o
LOAD .\CortexM0\ARM_GCC_541\Debug\CountZilla Final.a
END GROUP
START GROUP
LOAD c:/program files (x86)/cypress/psoc creator/4.2/psoc creator/import/gnu/arm/5.4.1/bin/../lib/gcc/arm-none-eabi/5.4.1/armv6-m\libgcc.a
LOAD c:/program files (x86)/cypress/psoc creator/4.2/psoc creator/import/gnu/arm/5.4.1/bin/../lib/gcc/arm-none-eabi/5.4.1/../../../../arm-none-eabi/lib/armv6-m\libg_nano.a
LOAD c:/program files (x86)/cypress/psoc creator/4.2/psoc creator/import/gnu/arm/5.4.1/bin/../lib/gcc/arm-none-eabi/5.4.1/../../../../arm-none-eabi/lib/armv6-m\libc_nano.a
END GROUP
START GROUP
LOAD c:/program files (x86)/cypress/psoc creator/4.2/psoc creator/import/gnu/arm/5.4.1/bin/../lib/gcc/arm-none-eabi/5.4.1/armv6-m\libgcc.a
LOAD c:/program files (x86)/cypress/psoc creator/4.2/psoc creator/import/gnu/arm/5.4.1/bin/../lib/gcc/arm-none-eabi/5.4.1/../../../../arm-none-eabi/lib/armv6-m\libc_nano.a
END GROUP
LOAD c:/program files (x86)/cypress/psoc creator/4.2/psoc creator/import/gnu/arm/5.4.1/bin/../lib/gcc/arm-none-eabi/5.4.1/armv6-m/crtend.o
LOAD c:/program files (x86)/cypress/psoc creator/4.2/psoc creator/import/gnu/arm/5.4.1/bin/../lib/gcc/arm-none-eabi/5.4.1/armv6-m/crtn.o
START GROUP
LOAD c:/program files (x86)/cypress/psoc creator/4.2/psoc creator/import/gnu/arm/5.4.1/bin/../lib/gcc/arm-none-eabi/5.4.1/armv6-m\libgcc.a
LOAD c:/program files (x86)/cypress/psoc creator/4.2/psoc creator/import/gnu/arm/5.4.1/bin/../lib/gcc/arm-none-eabi/5.4.1/../../../../arm-none-eabi/lib/armv6-m\libc.a
LOAD c:/program files (x86)/cypress/psoc creator/4.2/psoc creator/import/gnu/arm/5.4.1/bin/../lib/gcc/arm-none-eabi/5.4.1/../../../../arm-none-eabi/lib/armv6-m\libnosys.a
END GROUP
                0x00000000                CY_APPL_ORIGIN = 0x0
                0x00000080                CY_FLASH_ROW_SIZE = 0x80
                0x00000001                CY_APPL_NUM = 0x1
                0x00000001                CY_APPL_MAX = 0x1
                0x00000040                CY_METADATA_SIZE = 0x40
                0x00000000                CY_APPL_LOADABLE = 0x0
                0x00000000                CY_CHECKSUM_EXCLUDE_SIZE = ALIGN (0x0, CY_FLASH_ROW_SIZE)
                0x00000000                CY_APP_FOR_STACK_AND_COPIER = 0x0
                [!provide]                PROVIDE (__cy_heap_start, _end)
                0x00000001                PROVIDE (__cy_region_num, ((__cy_regions_end - __cy_regions) / 0x10))
                0x20001000                PROVIDE (__cy_stack, (ORIGIN (ram) + LENGTH (ram)))
                [!provide]                PROVIDE (__cy_heap_end, (__cy_stack - 0x400))

.cybootloader   0x00000000        0x0
 *(.cybootloader)
                0x00000000                appl1_start = CY_APPL_ORIGIN?CY_APPL_ORIGIN:ALIGN (CY_FLASH_ROW_SIZE)
                0x00003f80                appl2_start = (appl1_start + ALIGN ((((LENGTH (rom) - appl1_start) - (0x2 * CY_FLASH_ROW_SIZE)) / 0x2), CY_FLASH_ROW_SIZE))
                0x00000000                appl_start = (CY_APPL_NUM == 0x1)?appl1_start:appl2_start
                0x00000001                cy_project_type_bootloader = (appl_start == 0x0)?0x1:0x0
                0x00000000                cy_project_type_app_for_stack_and_copier = (CY_APP_FOR_STACK_AND_COPIER == 0x1)?0x1:0x0

.text           0x00000000     0x17b6
 CREATE_OBJECT_SYMBOLS
                0x00000000                PROVIDE (__cy_interrupt_vector, RomVectors)
 *(.romvectors)
 .romvectors    0x00000000       0x10 .\CortexM0\ARM_GCC_541\Debug\Cm0Start.o
                0x00000000                RomVectors
                0x00000001                ASSERT ((. != __cy_interrupt_vector), No interrupt vector)
                0x00000001                ASSERT (CY_APPL_ORIGIN?(SIZEOF (.cybootloader) <= CY_APPL_ORIGIN):0x1, Wrong image location)
                0x00000010                PROVIDE (__cy_reset, Reset)
 *(.text.Reset)
 .text.Reset    0x00000010        0x8 .\CortexM0\ARM_GCC_541\Debug\Cm0Start.o
                0x00000010                Reset
                0x00000001                ASSERT ((. != __cy_reset), No reset code)
 *(.psocinit)
 .psocinit      0x00000018      0x194 .\CortexM0\ARM_GCC_541\Debug\cyfitter_cfg.o
                0x00000090                cyfitter_cfg
                0x000001ac                . = MAX (., 0x100)
 *(.text .text.* .gnu.linkonce.t.*)
 .text          0x000001ac       0x60 c:/program files (x86)/cypress/psoc creator/4.2/psoc creator/import/gnu/arm/5.4.1/bin/../lib/gcc/arm-none-eabi/5.4.1/armv6-m/crtbegin.o
 .text.main     0x0000020c       0x38 .\CortexM0\ARM_GCC_541\Debug\main.o
                0x0000020c                main
 .text.cfg_write_bytes32
                0x00000244       0x34 .\CortexM0\ARM_GCC_541\Debug\cyfitter_cfg.o
 .text.CYMEMZERO
                0x00000278        0xc .\CortexM0\ARM_GCC_541\Debug\cyfitter_cfg.o
 .text.IntDefaultHandler
                0x00000284       0x10 .\CortexM0\ARM_GCC_541\Debug\Cm0Start.o
                0x00000284                IntDefaultHandler
 .text._sbrk    0x00000294       0x30 .\CortexM0\ARM_GCC_541\Debug\Cm0Start.o
                0x00000294                _sbrk
 .text.Start_c  0x000002c4       0x48 .\CortexM0\ARM_GCC_541\Debug\Cm0Start.o
                0x000002c4                Start_c
 .text.initialize_psoc
                0x0000030c       0x40 .\CortexM0\ARM_GCC_541\Debug\Cm0Start.o
                0x0000030c                initialize_psoc
 .text.GLCD_Command
                0x0000034c       0x18 .\CortexM0\ARM_GCC_541\Debug\CountZilla Final.a(GLCD.o)
                0x0000034c                GLCD_Command
 .text.GLCD_Data
                0x00000364       0x1c .\CortexM0\ARM_GCC_541\Debug\CountZilla Final.a(GLCD.o)
                0x00000364                GLCD_Data
 .text.GLCD_Clear
                0x00000380       0x60 .\CortexM0\ARM_GCC_541\Debug\CountZilla Final.a(GLCD.o)
                0x00000380                GLCD_Clear
 .text.GLCD_Contrast
                0x000003e0       0x14 .\CortexM0\ARM_GCC_541\Debug\CountZilla Final.a(GLCD.o)
                0x000003e0                GLCD_Contrast
 .text.GLCD_Start
                0x000003f4       0x68 .\CortexM0\ARM_GCC_541\Debug\CountZilla Final.a(GLCD.o)
                0x000003f4                GLCD_Start
 .text.GLCD_PrintChar
                0x0000045c       0xf8 .\CortexM0\ARM_GCC_541\Debug\CountZilla Final.a(GLCD.o)
                0x0000045c                GLCD_PrintChar
 .text.GLCD_PrintString
                0x00000554       0x3c .\CortexM0\ARM_GCC_541\Debug\CountZilla Final.a(GLCD.o)
                0x00000554                GLCD_PrintString
 .text.Backlight_Write
                0x00000590       0x18 .\CortexM0\ARM_GCC_541\Debug\CountZilla Final.a(Backlight.o)
                0x00000590                Backlight_Write
 .text.A_Interrupt_SetVector
                0x000005a8        0xc .\CortexM0\ARM_GCC_541\Debug\CountZilla Final.a(A_Interrupt.o)
                0x000005a8                A_Interrupt_SetVector
 .text.A_Interrupt_SetPriority
                0x000005b4       0x20 .\CortexM0\ARM_GCC_541\Debug\CountZilla Final.a(A_Interrupt.o)
                0x000005b4                A_Interrupt_SetPriority
 .text.A_Interrupt_Enable
                0x000005d4        0xc .\CortexM0\ARM_GCC_541\Debug\CountZilla Final.a(A_Interrupt.o)
                0x000005d4                A_Interrupt_Enable
 .text.A_Interrupt_Disable
                0x000005e0        0xc .\CortexM0\ARM_GCC_541\Debug\CountZilla Final.a(A_Interrupt.o)
                0x000005e0                A_Interrupt_Disable
 .text.A_Interrupt_Start
                0x000005ec       0x1c .\CortexM0\ARM_GCC_541\Debug\CountZilla Final.a(A_Interrupt.o)
                0x000005ec                A_Interrupt_Start
 .text.A_Interrupt_ClearPending
                0x00000608        0xc .\CortexM0\ARM_GCC_541\Debug\CountZilla Final.a(A_Interrupt.o)
                0x00000608                A_Interrupt_ClearPending
 .text.A_Interrupt_Interrupt
                0x00000614       0x54 .\CortexM0\ARM_GCC_541\Debug\CountZilla Final.a(A_Interrupt.o)
                0x00000614                A_Interrupt_Interrupt
 .text.B_Interrupt_SetVector
                0x00000668        0xc .\CortexM0\ARM_GCC_541\Debug\CountZilla Final.a(B_Interrupt.o)
                0x00000668                B_Interrupt_SetVector
 .text.B_Interrupt_SetPriority
                0x00000674       0x24 .\CortexM0\ARM_GCC_541\Debug\CountZilla Final.a(B_Interrupt.o)
                0x00000674                B_Interrupt_SetPriority
 .text.B_Interrupt_Enable
                0x00000698        0xc .\CortexM0\ARM_GCC_541\Debug\CountZilla Final.a(B_Interrupt.o)
                0x00000698                B_Interrupt_Enable
 .text.B_Interrupt_Disable
                0x000006a4        0xc .\CortexM0\ARM_GCC_541\Debug\CountZilla Final.a(B_Interrupt.o)
                0x000006a4                B_Interrupt_Disable
 .text.B_Interrupt_Start
                0x000006b0       0x1c .\CortexM0\ARM_GCC_541\Debug\CountZilla Final.a(B_Interrupt.o)
                0x000006b0                B_Interrupt_Start
 .text.B_Interrupt_ClearPending
                0x000006cc        0xc .\CortexM0\ARM_GCC_541\Debug\CountZilla Final.a(B_Interrupt.o)
                0x000006cc                B_Interrupt_ClearPending
 .text.B_Interrupt_Interrupt
                0x000006d8       0x58 .\CortexM0\ARM_GCC_541\Debug\CountZilla Final.a(B_Interrupt.o)
                0x000006d8                B_Interrupt_Interrupt
 .text.C_Interrupt_SetVector
                0x00000730        0xc .\CortexM0\ARM_GCC_541\Debug\CountZilla Final.a(C_Interrupt.o)
                0x00000730                C_Interrupt_SetVector
 .text.C_Interrupt_SetPriority
                0x0000073c       0x20 .\CortexM0\ARM_GCC_541\Debug\CountZilla Final.a(C_Interrupt.o)
                0x0000073c                C_Interrupt_SetPriority
 .text.C_Interrupt_Enable
                0x0000075c        0xc .\CortexM0\ARM_GCC_541\Debug\CountZilla Final.a(C_Interrupt.o)
                0x0000075c                C_Interrupt_Enable
 .text.C_Interrupt_Disable
                0x00000768        0xc .\CortexM0\ARM_GCC_541\Debug\CountZilla Final.a(C_Interrupt.o)
                0x00000768                C_Interrupt_Disable
 .text.C_Interrupt_Start
                0x00000774       0x1c .\CortexM0\ARM_GCC_541\Debug\CountZilla Final.a(C_Interrupt.o)
                0x00000774                C_Interrupt_Start
 .text.C_Interrupt_ClearPending
                0x00000790        0xc .\CortexM0\ARM_GCC_541\Debug\CountZilla Final.a(C_Interrupt.o)
                0x00000790                C_Interrupt_ClearPending
 .text.C_Interrupt_Interrupt
                0x0000079c       0x2c .\CortexM0\ARM_GCC_541\Debug\CountZilla Final.a(C_Interrupt.o)
                0x0000079c                C_Interrupt_Interrupt
 .text.D_Interrupt_SetVector
                0x000007c8        0xc .\CortexM0\ARM_GCC_541\Debug\CountZilla Final.a(D_Interrupt.o)
                0x000007c8                D_Interrupt_SetVector
 .text.D_Interrupt_SetPriority
                0x000007d4       0x20 .\CortexM0\ARM_GCC_541\Debug\CountZilla Final.a(D_Interrupt.o)
                0x000007d4                D_Interrupt_SetPriority
 .text.D_Interrupt_Enable
                0x000007f4        0xc .\CortexM0\ARM_GCC_541\Debug\CountZilla Final.a(D_Interrupt.o)
                0x000007f4                D_Interrupt_Enable
 .text.D_Interrupt_Disable
                0x00000800        0xc .\CortexM0\ARM_GCC_541\Debug\CountZilla Final.a(D_Interrupt.o)
                0x00000800                D_Interrupt_Disable
 .text.D_Interrupt_Start
                0x0000080c       0x1c .\CortexM0\ARM_GCC_541\Debug\CountZilla Final.a(D_Interrupt.o)
                0x0000080c                D_Interrupt_Start
 .text.D_Interrupt_ClearPending
                0x00000828        0xc .\CortexM0\ARM_GCC_541\Debug\CountZilla Final.a(D_Interrupt.o)
                0x00000828                D_Interrupt_ClearPending
 .text.D_Interrupt_Interrupt
                0x00000834       0x2c .\CortexM0\ARM_GCC_541\Debug\CountZilla Final.a(D_Interrupt.o)
                0x00000834                D_Interrupt_Interrupt
 .text.StickButton_Interrupt_SetVector
                0x00000860        0xc .\CortexM0\ARM_GCC_541\Debug\CountZilla Final.a(StickButton_Interrupt.o)
                0x00000860                StickButton_Interrupt_SetVector
 .text.StickButton_Interrupt_SetPriority
                0x0000086c       0x24 .\CortexM0\ARM_GCC_541\Debug\CountZilla Final.a(StickButton_Interrupt.o)
                0x0000086c                StickButton_Interrupt_SetPriority
 .text.StickButton_Interrupt_Enable
                0x00000890        0xc .\CortexM0\ARM_GCC_541\Debug\CountZilla Final.a(StickButton_Interrupt.o)
                0x00000890                StickButton_Interrupt_Enable
 .text.StickButton_Interrupt_Disable
                0x0000089c        0xc .\CortexM0\ARM_GCC_541\Debug\CountZilla Final.a(StickButton_Interrupt.o)
                0x0000089c                StickButton_Interrupt_Disable
 .text.StickButton_Interrupt_Start
                0x000008a8       0x1c .\CortexM0\ARM_GCC_541\Debug\CountZilla Final.a(StickButton_Interrupt.o)
                0x000008a8                StickButton_Interrupt_Start
 .text.StickButton_Interrupt_ClearPending
                0x000008c4        0xc .\CortexM0\ARM_GCC_541\Debug\CountZilla Final.a(StickButton_Interrupt.o)
                0x000008c4                StickButton_Interrupt_ClearPending
 .text.StickButton_Interrupt_Interrupt
                0x000008d0       0x28 .\CortexM0\ARM_GCC_541\Debug\CountZilla Final.a(StickButton_Interrupt.o)
                0x000008d0                StickButton_Interrupt_Interrupt
 .text.GLCD_Reset_Write
                0x000008f8       0x18 .\CortexM0\ARM_GCC_541\Debug\CountZilla Final.a(GLCD_Reset.o)
                0x000008f8                GLCD_Reset_Write
 .text.GLCD_SPIM_UDB_Enable
                0x00000910       0x40 .\CortexM0\ARM_GCC_541\Debug\CountZilla Final.a(GLCD_SPIM_UDB.o)
                0x00000910                GLCD_SPIM_UDB_Enable
 .text.GLCD_SPIM_UDB_ReadTxStatus
                0x00000950        0xc .\CortexM0\ARM_GCC_541\Debug\CountZilla Final.a(GLCD_SPIM_UDB.o)
                0x00000950                GLCD_SPIM_UDB_ReadTxStatus
 .text.GLCD_SPIM_UDB_ReadRxStatus
                0x0000095c        0xc .\CortexM0\ARM_GCC_541\Debug\CountZilla Final.a(GLCD_SPIM_UDB.o)
                0x0000095c                GLCD_SPIM_UDB_ReadRxStatus
 .text.GLCD_SPIM_UDB_WriteTxData
                0x00000968       0x18 .\CortexM0\ARM_GCC_541\Debug\CountZilla Final.a(GLCD_SPIM_UDB.o)
                0x00000968                GLCD_SPIM_UDB_WriteTxData
 .text.GLCD_SPIM_UDB_ClearFIFO
                0x00000980       0x50 .\CortexM0\ARM_GCC_541\Debug\CountZilla Final.a(GLCD_SPIM_UDB.o)
                0x00000980                GLCD_SPIM_UDB_ClearFIFO
 .text.GLCD_SPIM_UDB_Init
                0x000009d0       0x2c .\CortexM0\ARM_GCC_541\Debug\CountZilla Final.a(GLCD_SPIM_UDB.o)
                0x000009d0                GLCD_SPIM_UDB_Init
 .text.GLCD_SPIM_UDB_Start
                0x000009fc       0x20 .\CortexM0\ARM_GCC_541\Debug\CountZilla Final.a(GLCD_SPIM_UDB.o)
                0x000009fc                GLCD_SPIM_UDB_Start
 .text.GLCD_SPIM_UDB_IntClock_Start
                0x00000a1c       0x14 .\CortexM0\ARM_GCC_541\Debug\CountZilla Final.a(GLCD_SPIM_UDB_IntClock.o)
                0x00000a1c                GLCD_SPIM_UDB_IntClock_Start
 .text.CyIntEnable
                0x00000a30       0x14 .\CortexM0\ARM_GCC_541\Debug\CountZilla Final.a(CyLib.o)
                0x00000a30                CyIntEnable
 .text.CyHalt   0x00000a44        0x4 .\CortexM0\ARM_GCC_541\Debug\CountZilla Final.a(CyLib.o)
                0x00000a44                CyHalt
 .text.CyIntSetVector
                0x00000a48       0x24 .\CortexM0\ARM_GCC_541\Debug\CountZilla Final.a(CyLib.o)
                0x00000a48                CyIntSetVector
 .text.CyDelay  0x00000a6c       0x30 .\CortexM0\ARM_GCC_541\Debug\CountZilla Final.a(CyLib.o)
                0x00000a6c                CyDelay
 .text.CyDelayUs
                0x00000a9c       0x14 .\CortexM0\ARM_GCC_541\Debug\CountZilla Final.a(CyLib.o)
                0x00000a9c                CyDelayUs
 .text.CySysClkWriteImoFreq
                0x00000ab0      0x164 .\CortexM0\ARM_GCC_541\Debug\CountZilla Final.a(CyLib.o)
                0x00000ab0                CySysClkWriteImoFreq
 .text.CySysWdtLocked
                0x00000c14       0x14 .\CortexM0\ARM_GCC_541\Debug\CountZilla Final.a(CyLFClk.o)
 .text.CySysWdtLock
                0x00000c28       0x1c .\CortexM0\ARM_GCC_541\Debug\CountZilla Final.a(CyLFClk.o)
                0x00000c28                CySysWdtLock
 .text.CySysWdtUnlock
                0x00000c44       0x30 .\CortexM0\ARM_GCC_541\Debug\CountZilla Final.a(CyLFClk.o)
                0x00000c44                CySysWdtUnlock
 .text.CySysWdtClearInterrupt
                0x00000c74       0x4c .\CortexM0\ARM_GCC_541\Debug\CountZilla Final.a(CyLFClk.o)
                0x00000c74                CySysWdtClearInterrupt
 .text.CySysWdtIsr
                0x00000cc0       0xa4 .\CortexM0\ARM_GCC_541\Debug\CountZilla Final.a(CyLFClk.o)
                0x00000cc0                CySysWdtIsr
 *fill*         0x00000d64        0x4 
 .text          0x00000d68       0x24 .\CortexM0\ARM_GCC_541\Debug\CountZilla Final.a(CyBootAsmGnu.o)
                0x00000d68                CyDelayCycles
                0x00000d7c                CyEnterCriticalSection
                0x00000d84                CyExitCriticalSection
 .text.A_Button_Read
                0x00000d8c       0x10 .\CortexM0\ARM_GCC_541\Debug\CountZilla Final.a(A_Button.o)
                0x00000d8c                A_Button_Read
 .text.B_Button_Read
                0x00000d9c       0x10 .\CortexM0\ARM_GCC_541\Debug\CountZilla Final.a(B_Button.o)
                0x00000d9c                B_Button_Read
 .text.C_Button_Read
                0x00000dac       0x10 .\CortexM0\ARM_GCC_541\Debug\CountZilla Final.a(C_Button.o)
                0x00000dac                C_Button_Read
 .text.D_Button_Read
                0x00000dbc       0x10 .\CortexM0\ARM_GCC_541\Debug\CountZilla Final.a(D_Button.o)
                0x00000dbc                D_Button_Read
 .text.StickButton_Read
                0x00000dcc       0x10 .\CortexM0\ARM_GCC_541\Debug\CountZilla Final.a(StickButton.o)
                0x00000dcc                StickButton_Read
 .text          0x00000ddc      0x114 c:/program files (x86)/cypress/psoc creator/4.2/psoc creator/import/gnu/arm/5.4.1/bin/../lib/gcc/arm-none-eabi/5.4.1/armv6-m\libgcc.a(_udivsi3.o)
                0x00000ddc                __aeabi_uidiv
                0x00000ddc                __udivsi3
                0x00000ee8                __aeabi_uidivmod
 .text          0x00000ef0        0x4 c:/program files (x86)/cypress/psoc creator/4.2/psoc creator/import/gnu/arm/5.4.1/bin/../lib/gcc/arm-none-eabi/5.4.1/armv6-m\libgcc.a(_dvmd_tls.o)
                0x00000ef0                __aeabi_idiv0
                0x00000ef0                __aeabi_ldiv0
 .text.__errno  0x00000ef4        0xc c:/program files (x86)/cypress/psoc creator/4.2/psoc creator/import/gnu/arm/5.4.1/bin/../lib/gcc/arm-none-eabi/5.4.1/../../../../arm-none-eabi/lib/armv6-m\libg_nano.a(lib_a-errno.o)
                0x00000ef4                __errno
 .text.__libc_init_array
                0x00000f00       0x4c c:/program files (x86)/cypress/psoc creator/4.2/psoc creator/import/gnu/arm/5.4.1/bin/../lib/gcc/arm-none-eabi/5.4.1/../../../../arm-none-eabi/lib/armv6-m\libg_nano.a(lib_a-init.o)
                0x00000f00                __libc_init_array
 .text.memset   0x00000f4c       0x10 c:/program files (x86)/cypress/psoc creator/4.2/psoc creator/import/gnu/arm/5.4.1/bin/../lib/gcc/arm-none-eabi/5.4.1/../../../../arm-none-eabi/lib/armv6-m\libg_nano.a(lib_a-memset.o)
                0x00000f4c                memset
 .text.sprintf  0x00000f5c       0x44 c:/program files (x86)/cypress/psoc creator/4.2/psoc creator/import/gnu/arm/5.4.1/bin/../lib/gcc/arm-none-eabi/5.4.1/../../../../arm-none-eabi/lib/armv6-m\libg_nano.a(lib_a-sprintf.o)
                0x00000f5c                siprintf
                0x00000f5c                sprintf
 .text.__ssputs_r
                0x00000fa0       0xc4 c:/program files (x86)/cypress/psoc creator/4.2/psoc creator/import/gnu/arm/5.4.1/bin/../lib/gcc/arm-none-eabi/5.4.1/../../../../arm-none-eabi/lib/armv6-m\libg_nano.a(lib_a-nano-svfprintf.o)
                0x00000fa0                __ssputs_r
 .text._svfprintf_r
                0x00001064      0x1fc c:/program files (x86)/cypress/psoc creator/4.2/psoc creator/import/gnu/arm/5.4.1/bin/../lib/gcc/arm-none-eabi/5.4.1/../../../../arm-none-eabi/lib/armv6-m\libg_nano.a(lib_a-nano-svfprintf.o)
                0x00001064                _svfiprintf_r
                0x00001064                _svfprintf_r
 .text._printf_common
                0x00001260       0xdc c:/program files (x86)/cypress/psoc creator/4.2/psoc creator/import/gnu/arm/5.4.1/bin/../lib/gcc/arm-none-eabi/5.4.1/../../../../arm-none-eabi/lib/armv6-m\libg_nano.a(lib_a-nano-vfprintf_i.o)
                0x00001260                _printf_common
 .text._printf_i
                0x0000133c      0x244 c:/program files (x86)/cypress/psoc creator/4.2/psoc creator/import/gnu/arm/5.4.1/bin/../lib/gcc/arm-none-eabi/5.4.1/../../../../arm-none-eabi/lib/armv6-m\libg_nano.a(lib_a-nano-vfprintf_i.o)
                0x0000133c                _printf_i
 .text.memchr   0x00001580       0x16 c:/program files (x86)/cypress/psoc creator/4.2/psoc creator/import/gnu/arm/5.4.1/bin/../lib/gcc/arm-none-eabi/5.4.1/../../../../arm-none-eabi/lib/armv6-m\libg_nano.a(lib_a-memchr-stub.o)
                0x00001580                memchr
 .text.memcpy   0x00001596       0x12 c:/program files (x86)/cypress/psoc creator/4.2/psoc creator/import/gnu/arm/5.4.1/bin/../lib/gcc/arm-none-eabi/5.4.1/../../../../arm-none-eabi/lib/armv6-m\libg_nano.a(lib_a-memcpy-stub.o)
                0x00001596                memcpy
 .text.memmove  0x000015a8       0x2a c:/program files (x86)/cypress/psoc creator/4.2/psoc creator/import/gnu/arm/5.4.1/bin/../lib/gcc/arm-none-eabi/5.4.1/../../../../arm-none-eabi/lib/armv6-m\libg_nano.a(lib_a-memmove.o)
                0x000015a8                memmove
 *fill*         0x000015d2        0x2 
 .text._free_r  0x000015d4       0x98 c:/program files (x86)/cypress/psoc creator/4.2/psoc creator/import/gnu/arm/5.4.1/bin/../lib/gcc/arm-none-eabi/5.4.1/../../../../arm-none-eabi/lib/armv6-m\libg_nano.a(lib_a-nano-freer.o)
                0x000015d4                _free_r
 .text._malloc_r
                0x0000166c       0xc0 c:/program files (x86)/cypress/psoc creator/4.2/psoc creator/import/gnu/arm/5.4.1/bin/../lib/gcc/arm-none-eabi/5.4.1/../../../../arm-none-eabi/lib/armv6-m\libg_nano.a(lib_a-nano-mallocr.o)
                0x0000166c                _malloc_r
 .text._realloc_r
                0x0000172c       0x4c c:/program files (x86)/cypress/psoc creator/4.2/psoc creator/import/gnu/arm/5.4.1/bin/../lib/gcc/arm-none-eabi/5.4.1/../../../../arm-none-eabi/lib/armv6-m\libg_nano.a(lib_a-nano-reallocr.o)
                0x0000172c                _realloc_r
 .text._sbrk_r  0x00001778       0x24 c:/program files (x86)/cypress/psoc creator/4.2/psoc creator/import/gnu/arm/5.4.1/bin/../lib/gcc/arm-none-eabi/5.4.1/../../../../arm-none-eabi/lib/armv6-m\libg_nano.a(lib_a-sbrkr.o)
                0x00001778                _sbrk_r
 .text.__malloc_lock
                0x0000179c        0x2 c:/program files (x86)/cypress/psoc creator/4.2/psoc creator/import/gnu/arm/5.4.1/bin/../lib/gcc/arm-none-eabi/5.4.1/../../../../arm-none-eabi/lib/armv6-m\libg_nano.a(lib_a-mlock.o)
                0x0000179c                __malloc_lock
 .text.__malloc_unlock
                0x0000179e        0x2 c:/program files (x86)/cypress/psoc creator/4.2/psoc creator/import/gnu/arm/5.4.1/bin/../lib/gcc/arm-none-eabi/5.4.1/../../../../arm-none-eabi/lib/armv6-m\libg_nano.a(lib_a-mlock.o)
                0x0000179e                __malloc_unlock
 .text._malloc_usable_size_r
                0x000017a0       0x16 c:/program files (x86)/cypress/psoc creator/4.2/psoc creator/import/gnu/arm/5.4.1/bin/../lib/gcc/arm-none-eabi/5.4.1/../../../../arm-none-eabi/lib/armv6-m\libg_nano.a(lib_a-nano-msizer.o)
                0x000017a0                _malloc_usable_size_r
 *(.plt)
 *(.gnu.warning)
 *(.glue_7t)
 .glue_7t       0x000017b6        0x0 linker stubs
 *(.glue_7)
 .glue_7        0x000017b6        0x0 linker stubs
 *(.vfp11_veneer)
 .vfp11_veneer  0x000017b6        0x0 linker stubs
 *(.bootloader)
 *(.ARM.extab* .gnu.linkonce.armextab.*)
 *(.gcc_except_table)

.v4_bx          0x000017b8        0x0
 .v4_bx         0x000017b8        0x0 linker stubs

.iplt           0x000017b8        0x0
 .iplt          0x000017b8        0x0 c:/program files (x86)/cypress/psoc creator/4.2/psoc creator/import/gnu/arm/5.4.1/bin/../lib/gcc/arm-none-eabi/5.4.1/armv6-m/crtbegin.o

.eh_frame_hdr
 *(.eh_frame_hdr)

.eh_frame       0x000017b8        0x4
 *(.eh_frame)
 .eh_frame      0x000017b8        0x0 c:/program files (x86)/cypress/psoc creator/4.2/psoc creator/import/gnu/arm/5.4.1/bin/../lib/gcc/arm-none-eabi/5.4.1/armv6-m/crtbegin.o
 .eh_frame      0x000017b8        0x4 c:/program files (x86)/cypress/psoc creator/4.2/psoc creator/import/gnu/arm/5.4.1/bin/../lib/gcc/arm-none-eabi/5.4.1/armv6-m/crtend.o
                [!provide]                PROVIDE (__exidx_start, .)

.ARM.exidx
 *(.ARM.exidx* .gnu.linkonce.armexidx.*)
                0x000017bc                __exidx_end = .

.rodata         0x000017bc      0x9b4
 *(.rodata .rodata.* .gnu.linkonce.r.*)
 .rodata        0x000017bc      0x308 .\CortexM0\ARM_GCC_541\Debug\cyfitter_cfg.o
 .rodata        0x00001ac4      0x610 .\CortexM0\ARM_GCC_541\Debug\CountZilla Final.a(GLCD_Font.o)
                0x00001ac4                GLCD_FONT8x16
 .rodata.str1.4
                0x000020d4        0x4 .\CortexM0\ARM_GCC_541\Debug\CountZilla Final.a(A_Interrupt.o)
 .rodata.str1.4
                0x000020d8        0x4 .\CortexM0\ARM_GCC_541\Debug\CountZilla Final.a(B_Interrupt.o)
 .rodata        0x000020d8       0x2e .\CortexM0\ARM_GCC_541\Debug\CountZilla Final.a(CyLib.o)
                0x000020d8                cyImoFreqMhz2Reg
 .rodata.str1.1
                0x00002106        0x2 c:/program files (x86)/cypress/psoc creator/4.2/psoc creator/import/gnu/arm/5.4.1/bin/../lib/gcc/arm-none-eabi/5.4.1/../../../../arm-none-eabi/lib/armv6-m\libg_nano.a(lib_a-impure.o)
 .rodata.str1.1
                0x00002108       0x11 c:/program files (x86)/cypress/psoc creator/4.2/psoc creator/import/gnu/arm/5.4.1/bin/../lib/gcc/arm-none-eabi/5.4.1/../../../../arm-none-eabi/lib/armv6-m\libg_nano.a(lib_a-nano-svfprintf.o)
 .rodata.str1.1
                0x00002119       0x22 c:/program files (x86)/cypress/psoc creator/4.2/psoc creator/import/gnu/arm/5.4.1/bin/../lib/gcc/arm-none-eabi/5.4.1/../../../../arm-none-eabi/lib/armv6-m\libg_nano.a(lib_a-nano-vfprintf_i.o)
                0x0000213c                . = ALIGN (0x4)
 *fill*         0x0000213b        0x1 
 *(.init)
 .init          0x0000213c        0x4 c:/program files (x86)/cypress/psoc creator/4.2/psoc creator/import/gnu/arm/5.4.1/bin/../lib/gcc/arm-none-eabi/5.4.1/armv6-m/crti.o
                0x0000213c                _init
 .init          0x00002140        0x8 c:/program files (x86)/cypress/psoc creator/4.2/psoc creator/import/gnu/arm/5.4.1/bin/../lib/gcc/arm-none-eabi/5.4.1/armv6-m/crtn.o
                0x00002148                . = ALIGN (0x4)
                0x00002148                __preinit_array_start = .
 *(.preinit_array)
                0x00002148                __preinit_array_end = .
                0x00002148                . = ALIGN (0x4)
                0x00002148                __init_array_start = .
 *(SORT(.init_array.*))
 *(.init_array)
 .init_array    0x00002148        0x4 c:/program files (x86)/cypress/psoc creator/4.2/psoc creator/import/gnu/arm/5.4.1/bin/../lib/gcc/arm-none-eabi/5.4.1/armv6-m/crtbegin.o
 .init_array    0x0000214c        0x4 .\CortexM0\ARM_GCC_541\Debug\Cm0Start.o
                0x00002150                __init_array_end = .
                0x00002150                . = ALIGN (0x4)
 *(.fini)
 .fini          0x00002150        0x4 c:/program files (x86)/cypress/psoc creator/4.2/psoc creator/import/gnu/arm/5.4.1/bin/../lib/gcc/arm-none-eabi/5.4.1/armv6-m/crti.o
                0x00002150                _fini
 .fini          0x00002154        0x8 c:/program files (x86)/cypress/psoc creator/4.2/psoc creator/import/gnu/arm/5.4.1/bin/../lib/gcc/arm-none-eabi/5.4.1/armv6-m/crtn.o
                0x0000215c                . = ALIGN (0x4)
                0x0000215c                __fini_array_start = .
 *(.fini_array)
 .fini_array    0x0000215c        0x4 c:/program files (x86)/cypress/psoc creator/4.2/psoc creator/import/gnu/arm/5.4.1/bin/../lib/gcc/arm-none-eabi/5.4.1/armv6-m/crtbegin.o
 *(SORT(.fini_array.*))
                0x00002160                __fini_array_end = .
                0x00002160                . = ALIGN (0x4)
 *crtbegin.o(.ctors)
 *(EXCLUDE_FILE(*crtend.o) .ctors)
 *(SORT(.ctors.*))
 *crtend.o(.ctors)
                0x00002160                . = ALIGN (0x4)
 *crtbegin.o(.dtors)
 *(EXCLUDE_FILE(*crtend.o) .dtors)
 *(SORT(.dtors.*))
 *crtend.o(.dtors)
                0x00002160                . = ALIGN (0x4)
                0x00002160                __cy_regions = .
                0x00002160        0x4 LONG 0x2170 __cy_region_init_ram
                0x00002164        0x4 LONG 0x200000c0 __cy_region_start_data
                0x00002168        0x4 LONG 0x88 __cy_region_init_size_ram
                0x0000216c        0x4 LONG 0x68 __cy_region_zero_size_ram
                0x00002170                __cy_regions_end = .
                0x00002170                . = ALIGN (0x8)
                0x00002170                _etext = .

.cy_checksum_exclude
                0x00002170        0x0
 *(.cy_checksum_exclude)

.ramvectors     0x20000000       0xc0
                0x20000000                __cy_region_start_ram = .
 *(.ramvectors)
 .ramvectors    0x20000000       0xc0 .\CortexM0\ARM_GCC_541\Debug\Cm0Start.o
                0x20000000                CyRamVectors

.noinit
 *(.noinit)

.data           0x200000c0       0x88 load address 0x00002170
                0x200000c0                __cy_region_start_data = .
 *(.jcr)
 .jcr           0x200000c0        0x0 c:/program files (x86)/cypress/psoc creator/4.2/psoc creator/import/gnu/arm/5.4.1/bin/../lib/gcc/arm-none-eabi/5.4.1/armv6-m/crtbegin.o
 .jcr           0x200000c0        0x4 c:/program files (x86)/cypress/psoc creator/4.2/psoc creator/import/gnu/arm/5.4.1/bin/../lib/gcc/arm-none-eabi/5.4.1/armv6-m/crtend.o
 *(.got.plt)
 *(.got)
 *(.shdata)
 *(.data .data.* .gnu.linkonce.d.*)
 .data          0x200000c4        0x4 .\CortexM0\ARM_GCC_541\Debug\Cm0Start.o
 .data          0x200000c8       0x14 .\CortexM0\ARM_GCC_541\Debug\CountZilla Final.a(CyLib.o)
                0x200000c8                CySysClkPumpConfig
                0x200000cc                cydelay32kMs
                0x200000d0                cydelayFreqKhz
                0x200000d4                cydelayFreqMhz
                0x200000d8                cydelayFreqHz
 .data          0x200000dc        0x4 .\CortexM0\ARM_GCC_541\Debug\CountZilla Final.a(CyLFClk.o)
 .data.impure_data
                0x200000e0       0x60 c:/program files (x86)/cypress/psoc creator/4.2/psoc creator/import/gnu/arm/5.4.1/bin/../lib/gcc/arm-none-eabi/5.4.1/../../../../arm-none-eabi/lib/armv6-m\libg_nano.a(lib_a-impure.o)
 .data._impure_ptr
                0x20000140        0x4 c:/program files (x86)/cypress/psoc creator/4.2/psoc creator/import/gnu/arm/5.4.1/bin/../lib/gcc/arm-none-eabi/5.4.1/../../../../arm-none-eabi/lib/armv6-m\libg_nano.a(lib_a-impure.o)
                0x20000140                _impure_ptr
                0x20000148                . = ALIGN (0x8)
 *fill*         0x20000144        0x4 
 *(.ram)
                0x20000148                _edata = .

.igot.plt       0x20000148        0x0 load address 0x000021f8
 .igot.plt      0x20000148        0x0 c:/program files (x86)/cypress/psoc creator/4.2/psoc creator/import/gnu/arm/5.4.1/bin/../lib/gcc/arm-none-eabi/5.4.1/armv6-m/crtbegin.o

.bss            0x20000148       0x68 load address 0x000021f8
                0x20000148                PROVIDE (__bss_start__, .)
 *(.shbss)
 *(.bss .bss.* .gnu.linkonce.b.*)
 .bss           0x20000148       0x1c c:/program files (x86)/cypress/psoc creator/4.2/psoc creator/import/gnu/arm/5.4.1/bin/../lib/gcc/arm-none-eabi/5.4.1/armv6-m/crtbegin.o
 .bss           0x20000164        0x8 .\CortexM0\ARM_GCC_541\Debug\main.o
                0x20000164                Acount
                0x20000168                count
 .bss           0x2000016c        0x1 .\CortexM0\ARM_GCC_541\Debug\CountZilla Final.a(GLCD_SPIM_UDB.o)
                0x2000016c                GLCD_SPIM_UDB_initVar
 *fill*         0x2000016d        0x3 
 .bss           0x20000170       0x20 .\CortexM0\ARM_GCC_541\Debug\CountZilla Final.a(CyLFClk.o)
 .bss.__malloc_sbrk_start
                0x20000190        0x4 c:/program files (x86)/cypress/psoc creator/4.2/psoc creator/import/gnu/arm/5.4.1/bin/../lib/gcc/arm-none-eabi/5.4.1/../../../../arm-none-eabi/lib/armv6-m\libg_nano.a(lib_a-nano-mallocr.o)
                0x20000190                __malloc_sbrk_start
 .bss.__malloc_free_list
                0x20000194        0x4 c:/program files (x86)/cypress/psoc creator/4.2/psoc creator/import/gnu/arm/5.4.1/bin/../lib/gcc/arm-none-eabi/5.4.1/../../../../arm-none-eabi/lib/armv6-m\libg_nano.a(lib_a-nano-mallocr.o)
                0x20000194                __malloc_free_list
 *(COMMON)
 COMMON         0x20000198       0x14 .\CortexM0\ARM_GCC_541\Debug\main.o
                0x20000198                mystring
 COMMON         0x200001ac        0x4 c:/program files (x86)/cypress/psoc creator/4.2/psoc creator/import/gnu/arm/5.4.1/bin/../lib/gcc/arm-none-eabi/5.4.1/../../../../arm-none-eabi/lib/armv6-m\libg_nano.a(lib_a-reent.o)
                0x200001ac                errno
                0x200001b0                . = ALIGN (0x8)
 *(.ram.b)
                0x200001b0                _end = .
                0x200001b0                __end = .
                0x200001b0                PROVIDE (end, .)
                0x200001b0                PROVIDE (__bss_end__, .)
                0x00002170                __cy_region_init_ram = LOADADDR (.data)
                0x00000088                __cy_region_init_size_ram = (_edata - ADDR (.data))
                0x00000068                __cy_region_zero_size_ram = (_end - _edata)

.heap           0x200001b0       0x80 load address 0x000021f8
                0x200001b0                . = _end
                0x20000230                . = (. + 0x80)
 *fill*         0x200001b0       0x80 
                0x20000230                __cy_heap_limit = .

.stack          0x20000c00      0x400
                0x20000c00                __cy_stack_limit = .
                0x20001000                . = (. + 0x400)
 *fill*         0x20000c00      0x400 
                0x00000001                ASSERT ((__cy_stack_limit >= __cy_heap_limit), region RAM overflowed with stack)
                0x00000000                cy_checksum_exclude_size = (CY_APPL_LOADABLE == 0x1)?SIZEOF (.cy_checksum_exclude):0x0
                0x00000001                ASSERT ((cy_checksum_exclude_size <= CY_CHECKSUM_EXCLUDE_SIZE), CY_BOOT: Section .cy_checksum_exclude size exceedes specified limit.)
                0x00007fc0                cyloadermeta_start = (cy_project_type_bootloader || cy_project_type_app_for_stack_and_copier)?(LENGTH (rom) - CY_METADATA_SIZE):0xf0000000

.cyloadermeta
 *(.cyloadermeta)
                0x00007fc0                cyloadablemeta_start = cy_project_type_app_for_stack_and_copier?((LENGTH (rom) - CY_FLASH_ROW_SIZE) - CY_METADATA_SIZE):((LENGTH (rom) - (CY_FLASH_ROW_SIZE * (CY_APPL_NUM - 0x1))) - CY_METADATA_SIZE)

.cyloadablemeta
 *(.cyloadablemeta)

.cyflashprotect
                0x90400000       0x20
 *(.cyflashprotect)
 .cyflashprotect
                0x90400000       0x20 .\CortexM0\ARM_GCC_541\Debug\cymetadata.o
                0x90400000                cy_meta_flashprotect

.cymeta         0x90500000        0xc
 *(.cymeta)
 .cymeta        0x90500000        0xc .\CortexM0\ARM_GCC_541\Debug\cymetadata.o
                0x90500000                cy_metadata

.cychipprotect  0x90600000        0x1
 *(.cychipprotect)
 .cychipprotect
                0x90600000        0x1 .\CortexM0\ARM_GCC_541\Debug\cymetadata.o
                0x90600000                cy_meta_chipprotect

.rel.dyn        0x000021f8        0x0 load address 0x90600004
 .rel.iplt      0x000021f8        0x0 c:/program files (x86)/cypress/psoc creator/4.2/psoc creator/import/gnu/arm/5.4.1/bin/../lib/gcc/arm-none-eabi/5.4.1/armv6-m/crtbegin.o

.stab
 *(.stab)

.stabstr
 *(.stabstr)

.debug
 *(.debug)

.line
 *(.line)

.debug_srcinfo
 *(.debug_srcinfo)

.debug_sfnames
 *(.debug_sfnames)

.debug_aranges  0x00000000      0x9c0
 *(.debug_aranges)
 .debug_aranges
                0x00000000       0x20 .\CortexM0\ARM_GCC_541\Debug\main.o
 .debug_aranges
                0x00000020       0x38 .\CortexM0\ARM_GCC_541\Debug\cyfitter_cfg.o
 .debug_aranges
                0x00000058       0x18 .\CortexM0\ARM_GCC_541\Debug\cymetadata.o
 .debug_aranges
                0x00000070       0x48 .\CortexM0\ARM_GCC_541\Debug\Cm0Start.o
 .debug_aranges
                0x000000b8       0x90 .\CortexM0\ARM_GCC_541\Debug\CountZilla Final.a(GLCD.o)
 .debug_aranges
                0x00000148       0x18 .\CortexM0\ARM_GCC_541\Debug\CountZilla Final.a(GLCD_Font.o)
 .debug_aranges
                0x00000160       0x48 .\CortexM0\ARM_GCC_541\Debug\CountZilla Final.a(Backlight.o)
 .debug_aranges
                0x000001a8       0x80 .\CortexM0\ARM_GCC_541\Debug\CountZilla Final.a(A_Interrupt.o)
 .debug_aranges
                0x00000228       0x80 .\CortexM0\ARM_GCC_541\Debug\CountZilla Final.a(B_Interrupt.o)
 .debug_aranges
                0x000002a8       0x80 .\CortexM0\ARM_GCC_541\Debug\CountZilla Final.a(C_Interrupt.o)
 .debug_aranges
                0x00000328       0x80 .\CortexM0\ARM_GCC_541\Debug\CountZilla Final.a(D_Interrupt.o)
 .debug_aranges
                0x000003a8       0x80 .\CortexM0\ARM_GCC_541\Debug\CountZilla Final.a(StickButton_Interrupt.o)
 .debug_aranges
                0x00000428       0x40 .\CortexM0\ARM_GCC_541\Debug\CountZilla Final.a(GLCD_Reset.o)
 .debug_aranges
                0x00000468       0xd8 .\CortexM0\ARM_GCC_541\Debug\CountZilla Final.a(GLCD_SPIM_UDB.o)
 .debug_aranges
                0x00000540       0x40 .\CortexM0\ARM_GCC_541\Debug\CountZilla Final.a(GLCD_SPIM_UDB_IntClock.o)
 .debug_aranges
                0x00000580      0x180 .\CortexM0\ARM_GCC_541\Debug\CountZilla Final.a(CyLib.o)
 .debug_aranges
                0x00000700      0x138 .\CortexM0\ARM_GCC_541\Debug\CountZilla Final.a(CyLFClk.o)
 .debug_aranges
                0x00000838       0x20 .\CortexM0\ARM_GCC_541\Debug\CountZilla Final.a(CyBootAsmGnu.o)
 .debug_aranges
                0x00000858       0x48 .\CortexM0\ARM_GCC_541\Debug\CountZilla Final.a(A_Button.o)
 .debug_aranges
                0x000008a0       0x48 .\CortexM0\ARM_GCC_541\Debug\CountZilla Final.a(B_Button.o)
 .debug_aranges
                0x000008e8       0x48 .\CortexM0\ARM_GCC_541\Debug\CountZilla Final.a(C_Button.o)
 .debug_aranges
                0x00000930       0x48 .\CortexM0\ARM_GCC_541\Debug\CountZilla Final.a(D_Button.o)
 .debug_aranges
                0x00000978       0x48 .\CortexM0\ARM_GCC_541\Debug\CountZilla Final.a(StickButton.o)

.debug_pubnames
 *(.debug_pubnames)

.debug_info     0x00000000     0x551c
 *(.debug_info .gnu.linkonce.wi.*)
 .debug_info    0x00000000      0x21f .\CortexM0\ARM_GCC_541\Debug\main.o
 .debug_info    0x0000021f      0x3a1 .\CortexM0\ARM_GCC_541\Debug\cyfitter_cfg.o
 .debug_info    0x000005c0       0xf8 .\CortexM0\ARM_GCC_541\Debug\cymetadata.o
 .debug_info    0x000006b8      0x3a2 .\CortexM0\ARM_GCC_541\Debug\Cm0Start.o
 .debug_info    0x00000a5a      0xd87 .\CortexM0\ARM_GCC_541\Debug\CountZilla Final.a(GLCD.o)
 .debug_info    0x000017e1       0xbd .\CortexM0\ARM_GCC_541\Debug\CountZilla Final.a(GLCD_Font.o)
 .debug_info    0x0000189e      0x19b .\CortexM0\ARM_GCC_541\Debug\CountZilla Final.a(Backlight.o)
 .debug_info    0x00001a39      0x407 .\CortexM0\ARM_GCC_541\Debug\CountZilla Final.a(A_Interrupt.o)
 .debug_info    0x00001e40      0x407 .\CortexM0\ARM_GCC_541\Debug\CountZilla Final.a(B_Interrupt.o)
 .debug_info    0x00002247      0x38e .\CortexM0\ARM_GCC_541\Debug\CountZilla Final.a(C_Interrupt.o)
 .debug_info    0x000025d5      0x38e .\CortexM0\ARM_GCC_541\Debug\CountZilla Final.a(D_Interrupt.o)
 .debug_info    0x00002963      0x38e .\CortexM0\ARM_GCC_541\Debug\CountZilla Final.a(StickButton_Interrupt.o)
 .debug_info    0x00002cf1      0x152 .\CortexM0\ARM_GCC_541\Debug\CountZilla Final.a(GLCD_Reset.o)
 .debug_info    0x00002e43      0x4d8 .\CortexM0\ARM_GCC_541\Debug\CountZilla Final.a(GLCD_SPIM_UDB.o)
 .debug_info    0x0000331b      0x14e .\CortexM0\ARM_GCC_541\Debug\CountZilla Final.a(GLCD_SPIM_UDB_IntClock.o)
 .debug_info    0x00003469      0xaec .\CortexM0\ARM_GCC_541\Debug\CountZilla Final.a(CyLib.o)
 .debug_info    0x00003f55      0xcfe .\CortexM0\ARM_GCC_541\Debug\CountZilla Final.a(CyLFClk.o)
 .debug_info    0x00004c53       0xba .\CortexM0\ARM_GCC_541\Debug\CountZilla Final.a(CyBootAsmGnu.o)
 .debug_info    0x00004d0d      0x19d .\CortexM0\ARM_GCC_541\Debug\CountZilla Final.a(A_Button.o)
 .debug_info    0x00004eaa      0x19d .\CortexM0\ARM_GCC_541\Debug\CountZilla Final.a(B_Button.o)
 .debug_info    0x00005047      0x19b .\CortexM0\ARM_GCC_541\Debug\CountZilla Final.a(C_Button.o)
 .debug_info    0x000051e2      0x19d .\CortexM0\ARM_GCC_541\Debug\CountZilla Final.a(D_Button.o)
 .debug_info    0x0000537f      0x19d .\CortexM0\ARM_GCC_541\Debug\CountZilla Final.a(StickButton.o)

.debug_abbrev   0x00000000     0x1a13
 *(.debug_abbrev)
 .debug_abbrev  0x00000000       0xb3 .\CortexM0\ARM_GCC_541\Debug\main.o
 .debug_abbrev  0x000000b3      0x1a2 .\CortexM0\ARM_GCC_541\Debug\cyfitter_cfg.o
 .debug_abbrev  0x00000255       0x5d .\CortexM0\ARM_GCC_541\Debug\cymetadata.o
 .debug_abbrev  0x000002b2      0x1d7 .\CortexM0\ARM_GCC_541\Debug\Cm0Start.o
 .debug_abbrev  0x00000489      0x199 .\CortexM0\ARM_GCC_541\Debug\CountZilla Final.a(GLCD.o)
 .debug_abbrev  0x00000622       0x5d .\CortexM0\ARM_GCC_541\Debug\CountZilla Final.a(GLCD_Font.o)
 .debug_abbrev  0x0000067f       0xc8 .\CortexM0\ARM_GCC_541\Debug\CountZilla Final.a(Backlight.o)
 .debug_abbrev  0x00000747      0x1a5 .\CortexM0\ARM_GCC_541\Debug\CountZilla Final.a(A_Interrupt.o)
 .debug_abbrev  0x000008ec      0x1a5 .\CortexM0\ARM_GCC_541\Debug\CountZilla Final.a(B_Interrupt.o)
 .debug_abbrev  0x00000a91      0x1a5 .\CortexM0\ARM_GCC_541\Debug\CountZilla Final.a(C_Interrupt.o)
 .debug_abbrev  0x00000c36      0x1a5 .\CortexM0\ARM_GCC_541\Debug\CountZilla Final.a(D_Interrupt.o)
 .debug_abbrev  0x00000ddb      0x1a5 .\CortexM0\ARM_GCC_541\Debug\CountZilla Final.a(StickButton_Interrupt.o)
 .debug_abbrev  0x00000f80       0xaa .\CortexM0\ARM_GCC_541\Debug\CountZilla Final.a(GLCD_Reset.o)
 .debug_abbrev  0x0000102a      0x146 .\CortexM0\ARM_GCC_541\Debug\CountZilla Final.a(GLCD_SPIM_UDB.o)
 .debug_abbrev  0x00001170       0xb7 .\CortexM0\ARM_GCC_541\Debug\CountZilla Final.a(GLCD_SPIM_UDB_IntClock.o)
 .debug_abbrev  0x00001227      0x1e0 .\CortexM0\ARM_GCC_541\Debug\CountZilla Final.a(CyLib.o)
 .debug_abbrev  0x00001407      0x210 .\CortexM0\ARM_GCC_541\Debug\CountZilla Final.a(CyLFClk.o)
 .debug_abbrev  0x00001617       0x14 .\CortexM0\ARM_GCC_541\Debug\CountZilla Final.a(CyBootAsmGnu.o)
 .debug_abbrev  0x0000162b       0xc8 .\CortexM0\ARM_GCC_541\Debug\CountZilla Final.a(A_Button.o)
 .debug_abbrev  0x000016f3       0xc8 .\CortexM0\ARM_GCC_541\Debug\CountZilla Final.a(B_Button.o)
 .debug_abbrev  0x000017bb       0xc8 .\CortexM0\ARM_GCC_541\Debug\CountZilla Final.a(C_Button.o)
 .debug_abbrev  0x00001883       0xc8 .\CortexM0\ARM_GCC_541\Debug\CountZilla Final.a(D_Button.o)
 .debug_abbrev  0x0000194b       0xc8 .\CortexM0\ARM_GCC_541\Debug\CountZilla Final.a(StickButton.o)

.debug_line     0x00000000     0x227e
 *(.debug_line)
 .debug_line    0x00000000       0xdf .\CortexM0\ARM_GCC_541\Debug\main.o
 .debug_line    0x000000df      0x166 .\CortexM0\ARM_GCC_541\Debug\cyfitter_cfg.o
 .debug_line    0x00000245      0x141 .\CortexM0\ARM_GCC_541\Debug\cymetadata.o
 .debug_line    0x00000386      0x235 .\CortexM0\ARM_GCC_541\Debug\Cm0Start.o
 .debug_line    0x000005bb      0x29b .\CortexM0\ARM_GCC_541\Debug\CountZilla Final.a(GLCD.o)
 .debug_line    0x00000856       0x50 .\CortexM0\ARM_GCC_541\Debug\CountZilla Final.a(GLCD_Font.o)
 .debug_line    0x000008a6       0xc0 .\CortexM0\ARM_GCC_541\Debug\CountZilla Final.a(Backlight.o)
 .debug_line    0x00000966      0x1eb .\CortexM0\ARM_GCC_541\Debug\CountZilla Final.a(A_Interrupt.o)
 .debug_line    0x00000b51      0x1eb .\CortexM0\ARM_GCC_541\Debug\CountZilla Final.a(B_Interrupt.o)
 .debug_line    0x00000d3c      0x17a .\CortexM0\ARM_GCC_541\Debug\CountZilla Final.a(C_Interrupt.o)
 .debug_line    0x00000eb6      0x176 .\CortexM0\ARM_GCC_541\Debug\CountZilla Final.a(D_Interrupt.o)
 .debug_line    0x0000102c      0x187 .\CortexM0\ARM_GCC_541\Debug\CountZilla Final.a(StickButton_Interrupt.o)
 .debug_line    0x000011b3       0xae .\CortexM0\ARM_GCC_541\Debug\CountZilla Final.a(GLCD_Reset.o)
 .debug_line    0x00001261      0x270 .\CortexM0\ARM_GCC_541\Debug\CountZilla Final.a(GLCD_SPIM_UDB.o)
 .debug_line    0x000014d1       0xbc .\CortexM0\ARM_GCC_541\Debug\CountZilla Final.a(GLCD_SPIM_UDB_IntClock.o)
 .debug_line    0x0000158d      0x460 .\CortexM0\ARM_GCC_541\Debug\CountZilla Final.a(CyLib.o)
 .debug_line    0x000019ed      0x466 .\CortexM0\ARM_GCC_541\Debug\CountZilla Final.a(CyLFClk.o)
 .debug_line    0x00001e53       0x69 .\CortexM0\ARM_GCC_541\Debug\CountZilla Final.a(CyBootAsmGnu.o)
 .debug_line    0x00001ebc       0xc0 .\CortexM0\ARM_GCC_541\Debug\CountZilla Final.a(A_Button.o)
 .debug_line    0x00001f7c       0xc0 .\CortexM0\ARM_GCC_541\Debug\CountZilla Final.a(B_Button.o)
 .debug_line    0x0000203c       0xbf .\CortexM0\ARM_GCC_541\Debug\CountZilla Final.a(C_Button.o)
 .debug_line    0x000020fb       0xc0 .\CortexM0\ARM_GCC_541\Debug\CountZilla Final.a(D_Button.o)
 .debug_line    0x000021bb       0xc3 .\CortexM0\ARM_GCC_541\Debug\CountZilla Final.a(StickButton.o)

.debug_frame    0x00000000     0x1970
 *(.debug_frame)
 .debug_frame   0x00000000       0x2c .\CortexM0\ARM_GCC_541\Debug\main.o
 .debug_frame   0x0000002c       0x8c .\CortexM0\ARM_GCC_541\Debug\cyfitter_cfg.o
 .debug_frame   0x000000b8       0xbc .\CortexM0\ARM_GCC_541\Debug\Cm0Start.o
 .debug_frame   0x00000174      0x218 .\CortexM0\ARM_GCC_541\Debug\CountZilla Final.a(GLCD.o)
 .debug_frame   0x0000038c       0x70 .\CortexM0\ARM_GCC_541\Debug\CountZilla Final.a(Backlight.o)
 .debug_frame   0x000003fc      0x11c .\CortexM0\ARM_GCC_541\Debug\CountZilla Final.a(A_Interrupt.o)
 .debug_frame   0x00000518      0x11c .\CortexM0\ARM_GCC_541\Debug\CountZilla Final.a(B_Interrupt.o)
 .debug_frame   0x00000634      0x11c .\CortexM0\ARM_GCC_541\Debug\CountZilla Final.a(C_Interrupt.o)
 .debug_frame   0x00000750      0x11c .\CortexM0\ARM_GCC_541\Debug\CountZilla Final.a(D_Interrupt.o)
 .debug_frame   0x0000086c      0x11c .\CortexM0\ARM_GCC_541\Debug\CountZilla Final.a(StickButton_Interrupt.o)
 .debug_frame   0x00000988       0x60 .\CortexM0\ARM_GCC_541\Debug\CountZilla Final.a(GLCD_Reset.o)
 .debug_frame   0x000009e8      0x1e8 .\CortexM0\ARM_GCC_541\Debug\CountZilla Final.a(GLCD_SPIM_UDB.o)
 .debug_frame   0x00000bd0       0x60 .\CortexM0\ARM_GCC_541\Debug\CountZilla Final.a(GLCD_SPIM_UDB_IntClock.o)
 .debug_frame   0x00000c30      0x3e0 .\CortexM0\ARM_GCC_541\Debug\CountZilla Final.a(CyLib.o)
 .debug_frame   0x00001010      0x3a8 .\CortexM0\ARM_GCC_541\Debug\CountZilla Final.a(CyLFClk.o)
 .debug_frame   0x000013b8       0x70 .\CortexM0\ARM_GCC_541\Debug\CountZilla Final.a(A_Button.o)
 .debug_frame   0x00001428       0x70 .\CortexM0\ARM_GCC_541\Debug\CountZilla Final.a(B_Button.o)
 .debug_frame   0x00001498       0x70 .\CortexM0\ARM_GCC_541\Debug\CountZilla Final.a(C_Button.o)
 .debug_frame   0x00001508       0x70 .\CortexM0\ARM_GCC_541\Debug\CountZilla Final.a(D_Button.o)
 .debug_frame   0x00001578       0x70 .\CortexM0\ARM_GCC_541\Debug\CountZilla Final.a(StickButton.o)
 .debug_frame   0x000015e8       0x20 c:/program files (x86)/cypress/psoc creator/4.2/psoc creator/import/gnu/arm/5.4.1/bin/../lib/gcc/arm-none-eabi/5.4.1/armv6-m\libgcc.a(_udivsi3.o)
 .debug_frame   0x00001608       0x20 c:/program files (x86)/cypress/psoc creator/4.2/psoc creator/import/gnu/arm/5.4.1/bin/../lib/gcc/arm-none-eabi/5.4.1/../../../../arm-none-eabi/lib/armv6-m\libg_nano.a(lib_a-errno.o)
 .debug_frame   0x00001628       0x28 c:/program files (x86)/cypress/psoc creator/4.2/psoc creator/import/gnu/arm/5.4.1/bin/../lib/gcc/arm-none-eabi/5.4.1/../../../../arm-none-eabi/lib/armv6-m\libg_nano.a(lib_a-exit.o)
 .debug_frame   0x00001650       0x2c c:/program files (x86)/cypress/psoc creator/4.2/psoc creator/import/gnu/arm/5.4.1/bin/../lib/gcc/arm-none-eabi/5.4.1/../../../../arm-none-eabi/lib/armv6-m\libg_nano.a(lib_a-init.o)
 .debug_frame   0x0000167c       0x20 c:/program files (x86)/cypress/psoc creator/4.2/psoc creator/import/gnu/arm/5.4.1/bin/../lib/gcc/arm-none-eabi/5.4.1/../../../../arm-none-eabi/lib/armv6-m\libg_nano.a(lib_a-memset.o)
 .debug_frame   0x0000169c       0x50 c:/program files (x86)/cypress/psoc creator/4.2/psoc creator/import/gnu/arm/5.4.1/bin/../lib/gcc/arm-none-eabi/5.4.1/../../../../arm-none-eabi/lib/armv6-m\libg_nano.a(lib_a-sprintf.o)
 .debug_frame   0x000016ec       0x74 c:/program files (x86)/cypress/psoc creator/4.2/psoc creator/import/gnu/arm/5.4.1/bin/../lib/gcc/arm-none-eabi/5.4.1/../../../../arm-none-eabi/lib/armv6-m\libg_nano.a(lib_a-nano-svfprintf.o)
 .debug_frame   0x00001760       0x54 c:/program files (x86)/cypress/psoc creator/4.2/psoc creator/import/gnu/arm/5.4.1/bin/../lib/gcc/arm-none-eabi/5.4.1/../../../../arm-none-eabi/lib/armv6-m\libg_nano.a(lib_a-nano-vfprintf_i.o)
 .debug_frame   0x000017b4       0x20 c:/program files (x86)/cypress/psoc creator/4.2/psoc creator/import/gnu/arm/5.4.1/bin/../lib/gcc/arm-none-eabi/5.4.1/../../../../arm-none-eabi/lib/armv6-m\libg_nano.a(lib_a-memchr-stub.o)
 .debug_frame   0x000017d4       0x28 c:/program files (x86)/cypress/psoc creator/4.2/psoc creator/import/gnu/arm/5.4.1/bin/../lib/gcc/arm-none-eabi/5.4.1/../../../../arm-none-eabi/lib/armv6-m\libg_nano.a(lib_a-memcpy-stub.o)
 .debug_frame   0x000017fc       0x28 c:/program files (x86)/cypress/psoc creator/4.2/psoc creator/import/gnu/arm/5.4.1/bin/../lib/gcc/arm-none-eabi/5.4.1/../../../../arm-none-eabi/lib/armv6-m\libg_nano.a(lib_a-memmove.o)
 .debug_frame   0x00001824       0x2c c:/program files (x86)/cypress/psoc creator/4.2/psoc creator/import/gnu/arm/5.4.1/bin/../lib/gcc/arm-none-eabi/5.4.1/../../../../arm-none-eabi/lib/armv6-m\libg_nano.a(lib_a-nano-freer.o)
 .debug_frame   0x00001850       0x2c c:/program files (x86)/cypress/psoc creator/4.2/psoc creator/import/gnu/arm/5.4.1/bin/../lib/gcc/arm-none-eabi/5.4.1/../../../../arm-none-eabi/lib/armv6-m\libg_nano.a(lib_a-nano-mallocr.o)
 .debug_frame   0x0000187c       0x30 c:/program files (x86)/cypress/psoc creator/4.2/psoc creator/import/gnu/arm/5.4.1/bin/../lib/gcc/arm-none-eabi/5.4.1/../../../../arm-none-eabi/lib/armv6-m\libg_nano.a(lib_a-nano-reallocr.o)
 .debug_frame   0x000018ac       0x2c c:/program files (x86)/cypress/psoc creator/4.2/psoc creator/import/gnu/arm/5.4.1/bin/../lib/gcc/arm-none-eabi/5.4.1/../../../../arm-none-eabi/lib/armv6-m\libg_nano.a(lib_a-sbrkr.o)
 .debug_frame   0x000018d8       0x30 c:/program files (x86)/cypress/psoc creator/4.2/psoc creator/import/gnu/arm/5.4.1/bin/../lib/gcc/arm-none-eabi/5.4.1/../../../../arm-none-eabi/lib/armv6-m\libg_nano.a(lib_a-mlock.o)
 .debug_frame   0x00001908       0x20 c:/program files (x86)/cypress/psoc creator/4.2/psoc creator/import/gnu/arm/5.4.1/bin/../lib/gcc/arm-none-eabi/5.4.1/../../../../arm-none-eabi/lib/armv6-m\libg_nano.a(lib_a-nano-msizer.o)
 .debug_frame   0x00001928       0x48 c:/program files (x86)/cypress/psoc creator/4.2/psoc creator/import/gnu/arm/5.4.1/bin/../lib/gcc/arm-none-eabi/5.4.1/../../../../arm-none-eabi/lib/armv6-m\libg_nano.a(lib_a-reent.o)

.debug_str      0x00000000     0x1f9f
 *(.debug_str)
 .debug_str     0x00000000      0x29b .\CortexM0\ARM_GCC_541\Debug\main.o
                                0x2e1 (size before relaxing)
 .debug_str     0x0000029b      0x114 .\CortexM0\ARM_GCC_541\Debug\cyfitter_cfg.o
                                0x2ef (size before relaxing)
 .debug_str     0x000003af       0x63 .\CortexM0\ARM_GCC_541\Debug\cymetadata.o
                                0x1f2 (size before relaxing)
 .debug_str     0x00000412      0x13a .\CortexM0\ARM_GCC_541\Debug\Cm0Start.o
                                0x32b (size before relaxing)
 .debug_str     0x0000054c      0x210 .\CortexM0\ARM_GCC_541\Debug\CountZilla Final.a(GLCD.o)
                                0x3ed (size before relaxing)
 .debug_str     0x0000075c       0x23 .\CortexM0\ARM_GCC_541\Debug\CountZilla Final.a(GLCD_Font.o)
                                0x1d0 (size before relaxing)
 .debug_str     0x0000077f       0xbc .\CortexM0\ARM_GCC_541\Debug\CountZilla Final.a(Backlight.o)
                                0x27c (size before relaxing)
 .debug_str     0x0000083b      0x179 .\CortexM0\ARM_GCC_541\Debug\CountZilla Final.a(A_Interrupt.o)
                                0x3b4 (size before relaxing)
 .debug_str     0x000009b4      0x11d .\CortexM0\ARM_GCC_541\Debug\CountZilla Final.a(B_Interrupt.o)
                                0x3b4 (size before relaxing)
 .debug_str     0x00000ad1      0x11d .\CortexM0\ARM_GCC_541\Debug\CountZilla Final.a(C_Interrupt.o)
                                0x392 (size before relaxing)
 .debug_str     0x00000bee      0x11d .\CortexM0\ARM_GCC_541\Debug\CountZilla Final.a(D_Interrupt.o)
                                0x392 (size before relaxing)
 .debug_str     0x00000d0b      0x198 .\CortexM0\ARM_GCC_541\Debug\CountZilla Final.a(StickButton_Interrupt.o)
                                0x421 (size before relaxing)
 .debug_str     0x00000ea3       0x7d .\CortexM0\ARM_GCC_541\Debug\CountZilla Final.a(GLCD_Reset.o)
                                0x24f (size before relaxing)
 .debug_str     0x00000f20      0x31f .\CortexM0\ARM_GCC_541\Debug\CountZilla Final.a(GLCD_SPIM_UDB.o)
                                0x551 (size before relaxing)
 .debug_str     0x0000123f       0xea .\CortexM0\ARM_GCC_541\Debug\CountZilla Final.a(GLCD_SPIM_UDB_IntClock.o)
                                0x2cd (size before relaxing)
 .debug_str     0x00001329      0x473 .\CortexM0\ARM_GCC_541\Debug\CountZilla Final.a(CyLib.o)
                                0x6e0 (size before relaxing)
 .debug_str     0x0000179c      0x52b .\CortexM0\ARM_GCC_541\Debug\CountZilla Final.a(CyLFClk.o)
                                0x767 (size before relaxing)
 .debug_str     0x00001cc7       0x8e .\CortexM0\ARM_GCC_541\Debug\CountZilla Final.a(A_Button.o)
                                0x275 (size before relaxing)
 .debug_str     0x00001d55       0x8e .\CortexM0\ARM_GCC_541\Debug\CountZilla Final.a(B_Button.o)
                                0x275 (size before relaxing)
 .debug_str     0x00001de3       0x8e .\CortexM0\ARM_GCC_541\Debug\CountZilla Final.a(C_Button.o)
                                0x275 (size before relaxing)
 .debug_str     0x00001e71       0x8e .\CortexM0\ARM_GCC_541\Debug\CountZilla Final.a(D_Button.o)
                                0x275 (size before relaxing)
 .debug_str     0x00001eff       0xa0 .\CortexM0\ARM_GCC_541\Debug\CountZilla Final.a(StickButton.o)
                                0x28a (size before relaxing)

.debug_loc      0x00000000     0x2201
 *(.debug_loc)
 .debug_loc     0x00000000      0x118 .\CortexM0\ARM_GCC_541\Debug\cyfitter_cfg.o
 .debug_loc     0x00000118      0x14f .\CortexM0\ARM_GCC_541\Debug\Cm0Start.o
 .debug_loc     0x00000267      0x892 .\CortexM0\ARM_GCC_541\Debug\CountZilla Final.a(GLCD.o)
 .debug_loc     0x00000af9       0x81 .\CortexM0\ARM_GCC_541\Debug\CountZilla Final.a(Backlight.o)
 .debug_loc     0x00000b7a       0x82 .\CortexM0\ARM_GCC_541\Debug\CountZilla Final.a(A_Interrupt.o)
 .debug_loc     0x00000bfc       0x82 .\CortexM0\ARM_GCC_541\Debug\CountZilla Final.a(B_Interrupt.o)
 .debug_loc     0x00000c7e       0x82 .\CortexM0\ARM_GCC_541\Debug\CountZilla Final.a(C_Interrupt.o)
 .debug_loc     0x00000d00       0x82 .\CortexM0\ARM_GCC_541\Debug\CountZilla Final.a(D_Interrupt.o)
 .debug_loc     0x00000d82       0x82 .\CortexM0\ARM_GCC_541\Debug\CountZilla Final.a(StickButton_Interrupt.o)
 .debug_loc     0x00000e04       0x81 .\CortexM0\ARM_GCC_541\Debug\CountZilla Final.a(GLCD_Reset.o)
 .debug_loc     0x00000e85      0x112 .\CortexM0\ARM_GCC_541\Debug\CountZilla Final.a(GLCD_SPIM_UDB.o)
 .debug_loc     0x00000f97       0x13 .\CortexM0\ARM_GCC_541\Debug\CountZilla Final.a(GLCD_SPIM_UDB_IntClock.o)
 .debug_loc     0x00000faa      0x599 .\CortexM0\ARM_GCC_541\Debug\CountZilla Final.a(CyLib.o)
 .debug_loc     0x00001543      0x9b5 .\CortexM0\ARM_GCC_541\Debug\CountZilla Final.a(CyLFClk.o)
 .debug_loc     0x00001ef8       0xa2 .\CortexM0\ARM_GCC_541\Debug\CountZilla Final.a(A_Button.o)
 .debug_loc     0x00001f9a       0xa2 .\CortexM0\ARM_GCC_541\Debug\CountZilla Final.a(B_Button.o)
 .debug_loc     0x0000203c       0x81 .\CortexM0\ARM_GCC_541\Debug\CountZilla Final.a(C_Button.o)
 .debug_loc     0x000020bd       0xa2 .\CortexM0\ARM_GCC_541\Debug\CountZilla Final.a(D_Button.o)
 .debug_loc     0x0000215f       0xa2 .\CortexM0\ARM_GCC_541\Debug\CountZilla Final.a(StickButton.o)

.debug_macinfo
 *(.debug_macinfo)

.debug_ranges   0x00000000      0x830
 *(.debug_ranges)
 .debug_ranges  0x00000000       0x10 .\CortexM0\ARM_GCC_541\Debug\main.o
 .debug_ranges  0x00000010       0x28 .\CortexM0\ARM_GCC_541\Debug\cyfitter_cfg.o
 .debug_ranges  0x00000038       0x38 .\CortexM0\ARM_GCC_541\Debug\Cm0Start.o
 .debug_ranges  0x00000070       0x80 .\CortexM0\ARM_GCC_541\Debug\CountZilla Final.a(GLCD.o)
 .debug_ranges  0x000000f0       0x38 .\CortexM0\ARM_GCC_541\Debug\CountZilla Final.a(Backlight.o)
 .debug_ranges  0x00000128       0x70 .\CortexM0\ARM_GCC_541\Debug\CountZilla Final.a(A_Interrupt.o)
 .debug_ranges  0x00000198       0x70 .\CortexM0\ARM_GCC_541\Debug\CountZilla Final.a(B_Interrupt.o)
 .debug_ranges  0x00000208       0x70 .\CortexM0\ARM_GCC_541\Debug\CountZilla Final.a(C_Interrupt.o)
 .debug_ranges  0x00000278       0x70 .\CortexM0\ARM_GCC_541\Debug\CountZilla Final.a(D_Interrupt.o)
 .debug_ranges  0x000002e8       0x70 .\CortexM0\ARM_GCC_541\Debug\CountZilla Final.a(StickButton_Interrupt.o)
 .debug_ranges  0x00000358       0x30 .\CortexM0\ARM_GCC_541\Debug\CountZilla Final.a(GLCD_Reset.o)
 .debug_ranges  0x00000388       0xc8 .\CortexM0\ARM_GCC_541\Debug\CountZilla Final.a(GLCD_SPIM_UDB.o)
 .debug_ranges  0x00000450       0x30 .\CortexM0\ARM_GCC_541\Debug\CountZilla Final.a(GLCD_SPIM_UDB_IntClock.o)
 .debug_ranges  0x00000480      0x170 .\CortexM0\ARM_GCC_541\Debug\CountZilla Final.a(CyLib.o)
 .debug_ranges  0x000005f0      0x128 .\CortexM0\ARM_GCC_541\Debug\CountZilla Final.a(CyLFClk.o)
 .debug_ranges  0x00000718       0x38 .\CortexM0\ARM_GCC_541\Debug\CountZilla Final.a(A_Button.o)
 .debug_ranges  0x00000750       0x38 .\CortexM0\ARM_GCC_541\Debug\CountZilla Final.a(B_Button.o)
 .debug_ranges  0x00000788       0x38 .\CortexM0\ARM_GCC_541\Debug\CountZilla Final.a(C_Button.o)
 .debug_ranges  0x000007c0       0x38 .\CortexM0\ARM_GCC_541\Debug\CountZilla Final.a(D_Button.o)
 .debug_ranges  0x000007f8       0x38 .\CortexM0\ARM_GCC_541\Debug\CountZilla Final.a(StickButton.o)

.comment        0x00000000       0x6e
 .comment       0x00000000       0x6e .\CortexM0\ARM_GCC_541\Debug\main.o
                                 0x6f (size before relaxing)
 .comment       0x0000006e       0x6f .\CortexM0\ARM_GCC_541\Debug\cyfitter_cfg.o
 .comment       0x0000006e       0x6f .\CortexM0\ARM_GCC_541\Debug\cymetadata.o
 .comment       0x0000006e       0x6f .\CortexM0\ARM_GCC_541\Debug\Cm0Start.o
 .comment       0x0000006e       0x6f .\CortexM0\ARM_GCC_541\Debug\CountZilla Final.a(GLCD.o)
 .comment       0x0000006e       0x6f .\CortexM0\ARM_GCC_541\Debug\CountZilla Final.a(GLCD_Font.o)
 .comment       0x0000006e       0x6f .\CortexM0\ARM_GCC_541\Debug\CountZilla Final.a(Backlight.o)
 .comment       0x0000006e       0x6f .\CortexM0\ARM_GCC_541\Debug\CountZilla Final.a(A_Interrupt.o)
 .comment       0x0000006e       0x6f .\CortexM0\ARM_GCC_541\Debug\CountZilla Final.a(B_Interrupt.o)
 .comment       0x0000006e       0x6f .\CortexM0\ARM_GCC_541\Debug\CountZilla Final.a(C_Interrupt.o)
 .comment       0x0000006e       0x6f .\CortexM0\ARM_GCC_541\Debug\CountZilla Final.a(D_Interrupt.o)
 .comment       0x0000006e       0x6f .\CortexM0\ARM_GCC_541\Debug\CountZilla Final.a(StickButton_Interrupt.o)
 .comment       0x0000006e       0x6f .\CortexM0\ARM_GCC_541\Debug\CountZilla Final.a(GLCD_Reset.o)
 .comment       0x0000006e       0x6f .\CortexM0\ARM_GCC_541\Debug\CountZilla Final.a(GLCD_SPIM_UDB.o)
 .comment       0x0000006e       0x6f .\CortexM0\ARM_GCC_541\Debug\CountZilla Final.a(GLCD_SPIM_UDB_IntClock.o)
 .comment       0x0000006e       0x6f .\CortexM0\ARM_GCC_541\Debug\CountZilla Final.a(CyLib.o)
 .comment       0x0000006e       0x6f .\CortexM0\ARM_GCC_541\Debug\CountZilla Final.a(CyLFClk.o)
 .comment       0x0000006e       0x6f .\CortexM0\ARM_GCC_541\Debug\CountZilla Final.a(A_Button.o)
 .comment       0x0000006e       0x6f .\CortexM0\ARM_GCC_541\Debug\CountZilla Final.a(B_Button.o)
 .comment       0x0000006e       0x6f .\CortexM0\ARM_GCC_541\Debug\CountZilla Final.a(C_Button.o)
 .comment       0x0000006e       0x6f .\CortexM0\ARM_GCC_541\Debug\CountZilla Final.a(D_Button.o)
 .comment       0x0000006e       0x6f .\CortexM0\ARM_GCC_541\Debug\CountZilla Final.a(StickButton.o)

.debug_weaknames
 *(.debug_weaknames)

.debug_funcnames
 *(.debug_funcnames)

.debug_typenames
 *(.debug_typenames)

.debug_varnames
 *(.debug_varnames)

.note.gnu.arm.ident
 *(.note.gnu.arm.ident)

.ARM.attributes
                0x00000000       0x28
 *(.ARM.attributes)
 .ARM.attributes
                0x00000000       0x1e c:/program files (x86)/cypress/psoc creator/4.2/psoc creator/import/gnu/arm/5.4.1/bin/../lib/gcc/arm-none-eabi/5.4.1/armv6-m/crti.o
 .ARM.attributes
                0x0000001e       0x2c c:/program files (x86)/cypress/psoc creator/4.2/psoc creator/import/gnu/arm/5.4.1/bin/../lib/gcc/arm-none-eabi/5.4.1/armv6-m/crtbegin.o
 .ARM.attributes
                0x0000004a       0x1b c:/program files (x86)/cypress/psoc creator/4.2/psoc creator/import/gnu/arm/5.4.1/bin/../lib/gcc/arm-none-eabi/5.4.1/../../../../arm-none-eabi/lib/armv6-m/crt0.o
 .ARM.attributes
                0x00000065       0x31 .\CortexM0\ARM_GCC_541\Debug\main.o
 .ARM.attributes
                0x00000096       0x31 .\CortexM0\ARM_GCC_541\Debug\cyfitter_cfg.o
 .ARM.attributes
                0x000000c7       0x31 .\CortexM0\ARM_GCC_541\Debug\cymetadata.o
 .ARM.attributes
                0x000000f8       0x31 .\CortexM0\ARM_GCC_541\Debug\Cm0Start.o
 .ARM.attributes
                0x00000129       0x31 .\CortexM0\ARM_GCC_541\Debug\CountZilla Final.a(GLCD.o)
 .ARM.attributes
                0x0000015a       0x31 .\CortexM0\ARM_GCC_541\Debug\CountZilla Final.a(GLCD_Font.o)
 .ARM.attributes
                0x0000018b       0x31 .\CortexM0\ARM_GCC_541\Debug\CountZilla Final.a(Backlight.o)
 .ARM.attributes
                0x000001bc       0x31 .\CortexM0\ARM_GCC_541\Debug\CountZilla Final.a(A_Interrupt.o)
 .ARM.attributes
                0x000001ed       0x31 .\CortexM0\ARM_GCC_541\Debug\CountZilla Final.a(B_Interrupt.o)
 .ARM.attributes
                0x0000021e       0x31 .\CortexM0\ARM_GCC_541\Debug\CountZilla Final.a(C_Interrupt.o)
 .ARM.attributes
                0x0000024f       0x31 .\CortexM0\ARM_GCC_541\Debug\CountZilla Final.a(D_Interrupt.o)
 .ARM.attributes
                0x00000280       0x31 .\CortexM0\ARM_GCC_541\Debug\CountZilla Final.a(StickButton_Interrupt.o)
 .ARM.attributes
                0x000002b1       0x31 .\CortexM0\ARM_GCC_541\Debug\CountZilla Final.a(GLCD_Reset.o)
 .ARM.attributes
                0x000002e2       0x31 .\CortexM0\ARM_GCC_541\Debug\CountZilla Final.a(GLCD_SPIM_UDB.o)
 .ARM.attributes
                0x00000313       0x31 .\CortexM0\ARM_GCC_541\Debug\CountZilla Final.a(GLCD_SPIM_UDB_IntClock.o)
 .ARM.attributes
                0x00000344       0x31 .\CortexM0\ARM_GCC_541\Debug\CountZilla Final.a(CyLib.o)
 .ARM.attributes
                0x00000375       0x31 .\CortexM0\ARM_GCC_541\Debug\CountZilla Final.a(CyLFClk.o)
 .ARM.attributes
                0x000003a6       0x21 .\CortexM0\ARM_GCC_541\Debug\CountZilla Final.a(CyBootAsmGnu.o)
 .ARM.attributes
                0x000003c7       0x31 .\CortexM0\ARM_GCC_541\Debug\CountZilla Final.a(A_Button.o)
 .ARM.attributes
                0x000003f8       0x31 .\CortexM0\ARM_GCC_541\Debug\CountZilla Final.a(B_Button.o)
 .ARM.attributes
                0x00000429       0x31 .\CortexM0\ARM_GCC_541\Debug\CountZilla Final.a(C_Button.o)
 .ARM.attributes
                0x0000045a       0x31 .\CortexM0\ARM_GCC_541\Debug\CountZilla Final.a(D_Button.o)
 .ARM.attributes
                0x0000048b       0x31 .\CortexM0\ARM_GCC_541\Debug\CountZilla Final.a(StickButton.o)
 .ARM.attributes
                0x000004bc       0x1e c:/program files (x86)/cypress/psoc creator/4.2/psoc creator/import/gnu/arm/5.4.1/bin/../lib/gcc/arm-none-eabi/5.4.1/armv6-m\libgcc.a(_udivsi3.o)
 .ARM.attributes
                0x000004da       0x1e c:/program files (x86)/cypress/psoc creator/4.2/psoc creator/import/gnu/arm/5.4.1/bin/../lib/gcc/arm-none-eabi/5.4.1/armv6-m\libgcc.a(_dvmd_tls.o)
 .ARM.attributes
                0x000004f8       0x2c c:/program files (x86)/cypress/psoc creator/4.2/psoc creator/import/gnu/arm/5.4.1/bin/../lib/gcc/arm-none-eabi/5.4.1/../../../../arm-none-eabi/lib/armv6-m\libg_nano.a(lib_a-errno.o)
 .ARM.attributes
                0x00000524       0x2c c:/program files (x86)/cypress/psoc creator/4.2/psoc creator/import/gnu/arm/5.4.1/bin/../lib/gcc/arm-none-eabi/5.4.1/../../../../arm-none-eabi/lib/armv6-m\libg_nano.a(lib_a-exit.o)
 .ARM.attributes
                0x00000550       0x2c c:/program files (x86)/cypress/psoc creator/4.2/psoc creator/import/gnu/arm/5.4.1/bin/../lib/gcc/arm-none-eabi/5.4.1/../../../../arm-none-eabi/lib/armv6-m\libg_nano.a(lib_a-impure.o)
 .ARM.attributes
                0x0000057c       0x2c c:/program files (x86)/cypress/psoc creator/4.2/psoc creator/import/gnu/arm/5.4.1/bin/../lib/gcc/arm-none-eabi/5.4.1/../../../../arm-none-eabi/lib/armv6-m\libg_nano.a(lib_a-init.o)
 .ARM.attributes
                0x000005a8       0x2c c:/program files (x86)/cypress/psoc creator/4.2/psoc creator/import/gnu/arm/5.4.1/bin/../lib/gcc/arm-none-eabi/5.4.1/../../../../arm-none-eabi/lib/armv6-m\libg_nano.a(lib_a-memset.o)
 .ARM.attributes
                0x000005d4       0x2c c:/program files (x86)/cypress/psoc creator/4.2/psoc creator/import/gnu/arm/5.4.1/bin/../lib/gcc/arm-none-eabi/5.4.1/../../../../arm-none-eabi/lib/armv6-m\libg_nano.a(lib_a-sprintf.o)
 .ARM.attributes
                0x00000600       0x2c c:/program files (x86)/cypress/psoc creator/4.2/psoc creator/import/gnu/arm/5.4.1/bin/../lib/gcc/arm-none-eabi/5.4.1/../../../../arm-none-eabi/lib/armv6-m\libg_nano.a(lib_a-nano-svfprintf.o)
 .ARM.attributes
                0x0000062c       0x2c c:/program files (x86)/cypress/psoc creator/4.2/psoc creator/import/gnu/arm/5.4.1/bin/../lib/gcc/arm-none-eabi/5.4.1/../../../../arm-none-eabi/lib/armv6-m\libg_nano.a(lib_a-nano-vfprintf_i.o)
 .ARM.attributes
                0x00000658       0x2c c:/program files (x86)/cypress/psoc creator/4.2/psoc creator/import/gnu/arm/5.4.1/bin/../lib/gcc/arm-none-eabi/5.4.1/../../../../arm-none-eabi/lib/armv6-m\libg_nano.a(lib_a-memchr-stub.o)
 .ARM.attributes
                0x00000684       0x2c c:/program files (x86)/cypress/psoc creator/4.2/psoc creator/import/gnu/arm/5.4.1/bin/../lib/gcc/arm-none-eabi/5.4.1/../../../../arm-none-eabi/lib/armv6-m\libg_nano.a(lib_a-memcpy-stub.o)
 .ARM.attributes
                0x000006b0       0x2c c:/program files (x86)/cypress/psoc creator/4.2/psoc creator/import/gnu/arm/5.4.1/bin/../lib/gcc/arm-none-eabi/5.4.1/../../../../arm-none-eabi/lib/armv6-m\libg_nano.a(lib_a-memmove.o)
 .ARM.attributes
                0x000006dc       0x2c c:/program files (x86)/cypress/psoc creator/4.2/psoc creator/import/gnu/arm/5.4.1/bin/../lib/gcc/arm-none-eabi/5.4.1/../../../../arm-none-eabi/lib/armv6-m\libg_nano.a(lib_a-nano-freer.o)
 .ARM.attributes
                0x00000708       0x2c c:/program files (x86)/cypress/psoc creator/4.2/psoc creator/import/gnu/arm/5.4.1/bin/../lib/gcc/arm-none-eabi/5.4.1/../../../../arm-none-eabi/lib/armv6-m\libg_nano.a(lib_a-nano-mallocr.o)
 .ARM.attributes
                0x00000734       0x2c c:/program files (x86)/cypress/psoc creator/4.2/psoc creator/import/gnu/arm/5.4.1/bin/../lib/gcc/arm-none-eabi/5.4.1/../../../../arm-none-eabi/lib/armv6-m\libg_nano.a(lib_a-nano-reallocr.o)
 .ARM.attributes
                0x00000760       0x2c c:/program files (x86)/cypress/psoc creator/4.2/psoc creator/import/gnu/arm/5.4.1/bin/../lib/gcc/arm-none-eabi/5.4.1/../../../../arm-none-eabi/lib/armv6-m\libg_nano.a(lib_a-sbrkr.o)
 .ARM.attributes
                0x0000078c       0x2c c:/program files (x86)/cypress/psoc creator/4.2/psoc creator/import/gnu/arm/5.4.1/bin/../lib/gcc/arm-none-eabi/5.4.1/../../../../arm-none-eabi/lib/armv6-m\libg_nano.a(lib_a-mlock.o)
 .ARM.attributes
                0x000007b8       0x2c c:/program files (x86)/cypress/psoc creator/4.2/psoc creator/import/gnu/arm/5.4.1/bin/../lib/gcc/arm-none-eabi/5.4.1/../../../../arm-none-eabi/lib/armv6-m\libg_nano.a(lib_a-nano-msizer.o)
 .ARM.attributes
                0x000007e4       0x2c c:/program files (x86)/cypress/psoc creator/4.2/psoc creator/import/gnu/arm/5.4.1/bin/../lib/gcc/arm-none-eabi/5.4.1/../../../../arm-none-eabi/lib/armv6-m\libg_nano.a(lib_a-reent.o)
 .ARM.attributes
                0x00000810       0x2c c:/program files (x86)/cypress/psoc creator/4.2/psoc creator/import/gnu/arm/5.4.1/bin/../lib/gcc/arm-none-eabi/5.4.1/armv6-m/crtend.o
 .ARM.attributes
                0x0000083c       0x1e c:/program files (x86)/cypress/psoc creator/4.2/psoc creator/import/gnu/arm/5.4.1/bin/../lib/gcc/arm-none-eabi/5.4.1/armv6-m/crtn.o

/DISCARD/
 *(.note.GNU-stack)
OUTPUT(D:\GIT\Microcontroller System Design Projects\Hw3- CountZilla final\CountZilla Final\CountZilla Final.cydsn\CortexM0\ARM_GCC_541\Debug\CountZilla Final.elf elf32-littlearm)
